Component: ARM Compiler 5.06 update 5 (build 528) Tool: armlink [4d35e2]

==============================================================================

Section Cross References

    startup_stm32f103xb.o(STACK) refers (Special) to heapauxi.o(.text) for __use_two_region_memory
    startup_stm32f103xb.o(HEAP) refers (Special) to heapauxi.o(.text) for __use_two_region_memory
    startup_stm32f103xb.o(RESET) refers (Special) to heapauxi.o(.text) for __use_two_region_memory
    startup_stm32f103xb.o(RESET) refers to startup_stm32f103xb.o(STACK) for __initial_sp
    startup_stm32f103xb.o(RESET) refers to startup_stm32f103xb.o(.text) for Reset_Handler
    startup_stm32f103xb.o(RESET) refers to stm32f1xx_it.o(i.NMI_Handler) for NMI_Handler
    startup_stm32f103xb.o(RESET) refers to stm32f1xx_it.o(i.HardFault_Handler) for HardFault_Handler
    startup_stm32f103xb.o(RESET) refers to stm32f1xx_it.o(i.MemManage_Handler) for MemManage_Handler
    startup_stm32f103xb.o(RESET) refers to stm32f1xx_it.o(i.BusFault_Handler) for BusFault_Handler
    startup_stm32f103xb.o(RESET) refers to stm32f1xx_it.o(i.UsageFault_Handler) for UsageFault_Handler
    startup_stm32f103xb.o(RESET) refers to port.o(.emb_text) for SVC_Handler
    startup_stm32f103xb.o(RESET) refers to stm32f1xx_it.o(i.DebugMon_Handler) for DebugMon_Handler
    startup_stm32f103xb.o(RESET) refers to port.o(i.SysTick_Handler) for SysTick_Handler
    startup_stm32f103xb.o(RESET) refers to stm32f1xx_it.o(i.EXTI0_IRQHandler) for EXTI0_IRQHandler
    startup_stm32f103xb.o(RESET) refers to stm32f1xx_it.o(i.TIM1_UP_IRQHandler) for TIM1_UP_IRQHandler
    startup_stm32f103xb.o(RESET) refers to stm32f1xx_it.o(i.USART2_IRQHandler) for USART2_IRQHandler
    startup_stm32f103xb.o(.text) refers (Special) to heapauxi.o(.text) for __use_two_region_memory
    startup_stm32f103xb.o(.text) refers to system_stm32f1xx.o(i.SystemInit) for SystemInit
    startup_stm32f103xb.o(.text) refers to __main.o(!!!main) for __main
    startup_stm32f103xb.o(.text) refers to startup_stm32f103xb.o(HEAP) for Heap_Mem
    startup_stm32f103xb.o(.text) refers to startup_stm32f103xb.o(STACK) for Stack_Mem
    main.o(i.HAL_TIM_PeriodElapsedCallback) refers to stm32f1xx_hal.o(i.HAL_IncTick) for HAL_IncTick
    main.o(i.StartMyTask) refers to _printf_percent.o(.ARM.Collect$$_printf_percent$$00000000) for _printf_percent
    main.o(i.StartMyTask) refers to _printf_d.o(.ARM.Collect$$_printf_percent$$00000009) for _printf_d
    main.o(i.StartMyTask) refers to _printf_dec.o(.text) for _printf_int_dec
    main.o(i.StartMyTask) refers to rt_memcpy_w.o(.text) for __aeabi_memcpy4
    main.o(i.StartMyTask) refers to mqttclient.o(i.mqtt_lease) for mqtt_lease
    main.o(i.StartMyTask) refers to mqttclient.o(i.mqtt_set_port) for mqtt_set_port
    main.o(i.StartMyTask) refers to mqttclient.o(i.mqtt_set_host) for mqtt_set_host
    main.o(i.StartMyTask) refers to random.o(i.random_string) for random_string
    main.o(i.StartMyTask) refers to mqttclient.o(i.mqtt_set_client_id) for mqtt_set_client_id
    main.o(i.StartMyTask) refers to mqttclient.o(i.mqtt_set_user_name) for mqtt_set_user_name
    main.o(i.StartMyTask) refers to mqttclient.o(i.mqtt_set_password) for mqtt_set_password
    main.o(i.StartMyTask) refers to mqttclient.o(i.mqtt_set_clean_session) for mqtt_set_clean_session
    main.o(i.StartMyTask) refers to mqttclient.o(i.mqtt_connect) for mqtt_connect
    main.o(i.StartMyTask) refers to __2printf.o(.text) for __2printf
    main.o(i.StartMyTask) refers to strlen.o(.text) for strlen
    main.o(i.StartMyTask) refers to mqttclient.o(i.mqtt_publish) for mqtt_publish
    main.o(i.StartMyTask) refers to mqttclient.o(i.mqtt_subscribe) for mqtt_subscribe
    main.o(i.StartMyTask) refers to __2sprintf.o(.text) for __2sprintf
    main.o(i.StartMyTask) refers to cmsis_os2.o(i.osDelay) for osDelay
    main.o(i.StartMyTask) refers to main.o(.constdata) for .constdata
    main.o(i.StartMyTask) refers to main.o(.data) for .data
    main.o(i.StartMyTask) refers to main.o(i.smarthome_msg_handler) for smarthome_msg_handler
    main.o(i.SystemClock_Config) refers to rt_memclr_w.o(.text) for __aeabi_memclr4
    main.o(i.SystemClock_Config) refers to stm32f1xx_hal_rcc.o(i.HAL_RCC_OscConfig) for HAL_RCC_OscConfig
    main.o(i.SystemClock_Config) refers to stm32f1xx_hal_rcc.o(i.HAL_RCC_ClockConfig) for HAL_RCC_ClockConfig
    main.o(i.main) refers to stm32f1xx_hal.o(i.HAL_Init) for HAL_Init
    main.o(i.main) refers to main.o(i.SystemClock_Config) for SystemClock_Config
    main.o(i.main) refers to gpio.o(i.MX_GPIO_Init) for MX_GPIO_Init
    main.o(i.main) refers to usart.o(i.MX_USART1_UART_Init) for MX_USART1_UART_Init
    main.o(i.main) refers to usart.o(i.MX_USART2_UART_Init) for MX_USART2_UART_Init
    main.o(i.main) refers to stm32f1xx_hal_cortex.o(i.HAL_NVIC_SetPriority) for HAL_NVIC_SetPriority
[...]
    __rt_locale                               - Undefined Weak Reference
    __sigvec_lookup                           - Undefined Weak Reference
    _atexit_init                              - Undefined Weak Reference
    _call_atexit_fns                          - Undefined Weak Reference
    _clock_init                               - Undefined Weak Reference
    _fp_trap_init                             - Undefined Weak Reference
    _fp_trap_shutdown                         - Undefined Weak Reference
    _get_lc_collate                           - Undefined Weak Reference
    _get_lc_ctype                             - Undefined Weak Reference
    _get_lc_monetary                          - Undefined Weak Reference
    _get_lc_numeric                           - Undefined Weak Reference
    _get_lc_time                              - Undefined Weak Reference
    _getenv_init                              - Undefined Weak Reference
    _handle_redirection                       - Undefined Weak Reference
    _init_alloc                               - Undefined Weak Reference
    _init_user_alloc                          - Undefined Weak Reference
    _initio                                   - Undefined Weak Reference
    _mutex_acquire                            - Undefined Weak Reference
    _mutex_release                            - Undefined Weak Reference
    _printf_mbtowc                            - Undefined Weak Reference
    _printf_truncate_signed                   - Undefined Weak Reference
    _printf_truncate_unsigned                 - Undefined Weak Reference
    _signal_finish                            - Undefined Weak Reference
    _signal_init                              - Undefined Weak Reference
    _terminate_alloc                          - Undefined Weak Reference
    _terminate_user_alloc                     - Undefined Weak Reference
    _terminateio                              - Undefined Weak Reference
    __Vectors_Size                           0x000000ec   Number         0  startup_stm32f103xb.o ABSOLUTE
    __Vectors                                0x08000000   Data           4  startup_stm32f103xb.o(RESET)
    __Vectors_End                            0x080000ec   Data           0  startup_stm32f103xb.o(RESET)
    __main                                   0x080000ed   Thumb Code     8  __main.o(!!!main)
    __scatterload                            0x080000f5   Thumb Code     0  __scatter.o(!!!scatter)
    __scatterload_rt2                        0x080000f5   Thumb Code    44  __scatter.o(!!!scatter)
    __scatterload_rt2_thumb_only             0x080000f5   Thumb Code     0  __scatter.o(!!!scatter)
    __scatterload_null                       0x08000103   Thumb Code     0  __scatter.o(!!!scatter)
    __scatterload_copy                       0x08000129   Thumb Code    26  __scatter_copy.o(!!handler_copy)
    __scatterload_zeroinit                   0x08000145   Thumb Code    28  __scatter_zi.o(!!handler_zi)
    _printf_d                                0x08000161   Thumb Code     0  _printf_d.o(.ARM.Collect$$_printf_percent$$00000009)
    _printf_percent                          0x08000161   Thumb Code     0  _printf_percent.o(.ARM.Collect$$_printf_percent$$00000000)
    _printf_x                                0x08000167   Thumb Code     0  _printf_x.o(.ARM.Collect$$_printf_percent$$0000000C)
    _printf_s                                0x0800016d   Thumb Code     0  _printf_s.o(.ARM.Collect$$_printf_percent$$00000014)
    _printf_percent_end                      0x08000173   Thumb Code     0  _printf_percent_end.o(.ARM.Collect$$_printf_percent$$00000017)
    __rt_lib_init                            0x08000177   Thumb Code     0  libinit.o(.ARM.Collect$$libinit$$00000000)
    __rt_lib_init_fp_1                       0x08000179   Thumb Code     0  libinit2.o(.ARM.Collect$$libinit$$00000002)
    __rt_lib_init_heap_1                     0x08000179   Thumb Code     0  libinit2.o(.ARM.Collect$$libinit$$0000000A)
    __rt_lib_init_preinit_1                  0x08000179   Thumb Code     0  libinit2.o(.ARM.Collect$$libinit$$00000004)
    __rt_lib_init_rand_2                     0x08000179   Thumb Code     0  libinit2.o(.ARM.Collect$$libinit$$0000000D)
    __rt_lib_init_user_alloc_1               0x08000179   Thumb Code     0  libinit2.o(.ARM.Collect$$libinit$$0000000C)
    __rt_lib_init_alloca_1                   0x0800017d   Thumb Code     0  libinit2.o(.ARM.Collect$$libinit$$0000002E)
    __rt_lib_init_argv_1                     0x0800017d   Thumb Code     0  libinit2.o(.ARM.Collect$$libinit$$0000002C)
    __rt_lib_init_atexit_1                   0x0800017d   Thumb Code     0  libinit2.o(.ARM.Collect$$libinit$$0000001B)
    __rt_lib_init_clock_1                    0x0800017d   Thumb Code     0  libinit2.o(.ARM.Collect$$libinit$$00000021)
    __rt_lib_init_cpp_1                      0x0800017d   Thumb Code     0  libinit2.o(.ARM.Collect$$libinit$$00000032)
    __rt_lib_init_exceptions_1               0x0800017d   Thumb Code     0  libinit2.o(.ARM.Collect$$libinit$$00000030)
    __rt_lib_init_fp_trap_1                  0x0800017d   Thumb Code     0  libinit2.o(.ARM.Collect$$libinit$$0000001F)
    __rt_lib_init_getenv_1                   0x0800017d   Thumb Code     0  libinit2.o(.ARM.Collect$$libinit$$00000023)
    __rt_lib_init_lc_collate_1               0x0800017d   Thumb Code     0  libinit2.o(.ARM.Collect$$libinit$$00000011)
    __rt_lib_init_lc_ctype_1                 0x0800017d   Thumb Code     0  libinit2.o(.ARM.Collect$$libinit$$00000013)
    __rt_lib_init_lc_monetary_1              0x0800017d   Thumb Code     0  libinit2.o(.ARM.Collect$$libinit$$00000015)
    __rt_lib_init_lc_numeric_1               0x0800017d   Thumb Code     0  libinit2.o(.ARM.Collect$$libinit$$00000017)
    __rt_lib_init_lc_time_1                  0x0800017d   Thumb Code     0  libinit2.o(.ARM.Collect$$libinit$$00000019)
    __rt_lib_init_rand_1                     0x0800017d   Thumb Code     0  libinit2.o(.ARM.Collect$$libinit$$0000000E)
    __rt_lib_init_return                     0x0800017d   Thumb Code     0  libinit2.o(.ARM.Collect$$libinit$$00000033)
    __rt_lib_init_signal_1                   0x0800017d   Thumb Code     0  libinit2.o(.ARM.Collect$$libinit$$0000001D)
    __rt_lib_init_stdio_1                    0x0800017d   Thumb Code     0  libinit2.o(.ARM.Collect$$libinit$$00000025)
    __rt_lib_shutdown                        0x0800017f   Thumb Code     0  libshutdown.o(.ARM.Collect$$libshutdown$$00000000)
    __rt_lib_shutdown_cpp_1                  0x08000181   Thumb Code     0  libshutdown2.o(.ARM.Collect$$libshutdown$$00000002)
    __rt_lib_shutdown_fp_trap_1              0x08000181   Thumb Code     0  libshutdown2.o(.ARM.Collect$$libshutdown$$00000007)
    __rt_lib_shutdown_heap_1                 0x08000181   Thumb Code     0  libshutdown2.o(.ARM.Collect$$libshutdown$$0000000F)
    __rt_lib_shutdown_return                 0x08000181   Thumb Code     0  libshutdown2.o(.ARM.Collect$$libshutdown$$00000010)
    __rt_lib_shutdown_signal_1               0x08000181   Thumb Code     0  libshutdown2.o(.ARM.Collect$$libshutdown$$0000000A)
    __rt_lib_shutdown_stdio_1                0x08000181   Thumb Code     0  libshutdown2.o(.ARM.Collect$$libshutdown$$00000004)
    __rt_lib_shutdown_user_alloc_1           0x08000181   Thumb Code     0  libshutdown2.o(.ARM.Collect$$libshutdown$$0000000C)
    __rt_entry                               0x08000183   Thumb Code     0  __rtentry.o(.ARM.Collect$$rtentry$$00000000)
    __rt_entry_presh_1                       0x08000183   Thumb Code     0  __rtentry2.o(.ARM.Collect$$rtentry$$00000002)
    __rt_entry_sh                            0x08000183   Thumb Code     0  __rtentry4.o(.ARM.Collect$$rtentry$$00000004)
    __rt_entry_li                            0x08000189   Thumb Code     0  __rtentry2.o(.ARM.Collect$$rtentry$$0000000A)
    __rt_entry_postsh_1                      0x08000189   Thumb Code     0  __rtentry2.o(.ARM.Collect$$rtentry$$00000009)
    __rt_entry_main                          0x0800018d   Thumb Code     0  __rtentry2.o(.ARM.Collect$$rtentry$$0000000D)
    __rt_entry_postli_1                      0x0800018d   Thumb Code     0  __rtentry2.o(.ARM.Collect$$rtentry$$0000000C)
    __rt_exit                                0x08000195   Thumb Code     0  rtexit.o(.ARM.Collect$$rtexit$$00000000)
    __rt_exit_ls                             0x08000197   Thumb Code     0  rtexit2.o(.ARM.Collect$$rtexit$$00000003)
    __rt_exit_prels_1                        0x08000197   Thumb Code     0  rtexit2.o(.ARM.Collect$$rtexit$$00000002)
    __rt_exit_exit                           0x0800019b   Thumb Code     0  rtexit2.o(.ARM.Collect$$rtexit$$00000004)
    SVC_Handler                              0x080001a1   Thumb Code    32  port.o(.emb_text)
    __asm___6_port_c_39a90d8d__prvStartFirstTask 0x080001c5   Thumb Code    28  port.o(.emb_text)
    PendSV_Handler                           0x080001e5   Thumb Code    72  port.o(.emb_text)
    vPortGetIPSR                             0x08000231   Thumb Code     6  port.o(.emb_text)
    rand                                     0x08000239   Thumb Code    48  rand.o(.emb_text)
    Reset_Handler                            0x0800026d   Thumb Code     8  startup_stm32f103xb.o(.text)
    ADC1_2_IRQHandler                        0x08000287   Thumb Code     0  startup_stm32f103xb.o(.text)
    CAN1_RX1_IRQHandler                      0x08000287   Thumb Code     0  startup_stm32f103xb.o(.text)
    CAN1_SCE_IRQHandler                      0x08000287   Thumb Code     0  startup_stm32f103xb.o(.text)
    DMA1_Channel1_IRQHandler                 0x08000287   Thumb Code     0  startup_stm32f103xb.o(.text)
    DMA1_Channel2_IRQHandler                 0x08000287   Thumb Code     0  startup_stm32f103xb.o(.text)
    DMA1_Channel3_IRQHandler                 0x08000287   Thumb Code     0  startup_stm32f103xb.o(.text)
    DMA1_Channel4_IRQHandler                 0x08000287   Thumb Code     0  startup_stm32f103xb.o(.text)
    DMA1_Channel5_IRQHandler                 0x08000287   Thumb Code     0  startup_stm32f103xb.o(.text)
    DMA1_Channel6_IRQHandler                 0x08000287   Thumb Code     0  startup_stm32f103xb.o(.text)
    DMA1_Channel7_IRQHandler                 0x08000287   Thumb Code     0  startup_stm32f103xb.o(.text)
    EXTI15_10_IRQHandler                     0x08000287   Thumb Code     0  startup_stm32f103xb.o(.text)
    EXTI1_IRQHandler                         0x08000287   Thumb Code     0  startup_stm32f103xb.o(.text)
    EXTI2_IRQHandler                         0x08000287   Thumb Code     0  startup_stm32f103xb.o(.text)
    EXTI3_IRQHandler                         0x08000287   Thumb Code     0  startup_stm32f103xb.o(.text)
    EXTI4_IRQHandler                         0x08000287   Thumb Code     0  startup_stm32f103xb.o(.text)
    EXTI9_5_IRQHandler                       0x08000287   Thumb Code     0  startup_stm32f103xb.o(.text)
    FLASH_IRQHandler                         0x08000287   Thumb Code     0  startup_stm32f103xb.o(.text)
    I2C1_ER_IRQHandler                       0x08000287   Thumb Code     0  startup_stm32f103xb.o(.text)
    I2C1_EV_IRQHandler                       0x08000287   Thumb Code     0  startup_stm32f103xb.o(.text)
    I2C2_ER_IRQHandler                       0x08000287   Thumb Code     0  startup_stm32f103xb.o(.text)
    I2C2_EV_IRQHandler                       0x08000287   Thumb Code     0  startup_stm32f103xb.o(.text)
    PVD_IRQHandler                           0x08000287   Thumb Code     0  startup_stm32f103xb.o(.text)
    RCC_IRQHandler                           0x08000287   Thumb Code     0  startup_stm32f103xb.o(.text)
    RTC_Alarm_IRQHandler                     0x08000287   Thumb Code     0  startup_stm32f103xb.o(.text)
    RTC_IRQHandler                           0x08000287   Thumb Code     0  startup_stm32f103xb.o(.text)
    SPI1_IRQHandler                          0x08000287   Thumb Code     0  startup_stm32f103xb.o(.text)
    SPI2_IRQHandler                          0x08000287   Thumb Code     0  startup_stm32f103xb.o(.text)
    TAMPER_IRQHandler                        0x08000287   Thumb Code     0  startup_stm32f103xb.o(.text)
    TIM1_BRK_IRQHandler                      0x08000287   Thumb Code     0  startup_stm32f103xb.o(.text)
    TIM1_CC_IRQHandler                       0x08000287   Thumb Code     0  startup_stm32f103xb.o(.text)
    TIM1_TRG_COM_IRQHandler                  0x08000287   Thumb Code     0  startup_stm32f103xb.o(.text)
    TIM2_IRQHandler                          0x08000287   Thumb Code     0  startup_stm32f103xb.o(.text)
    TIM3_IRQHandler                          0x08000287   Thumb Code     0  startup_stm32f103xb.o(.text)
    TIM4_IRQHandler                          0x08000287   Thumb Code     0  startup_stm32f103xb.o(.text)
    USART1_IRQHandler                        0x08000287   Thumb Code     0  startup_stm32f103xb.o(.text)
    USART3_IRQHandler                        0x08000287   Thumb Code     0  startup_stm32f103xb.o(.text)
    USBWakeUp_IRQHandler                     0x08000287   Thumb Code     0  startup_stm32f103xb.o(.text)
    USB_HP_CAN1_TX_IRQHandler                0x08000287   Thumb Code     0  startup_stm32f103xb.o(.text)
    USB_LP_CAN1_RX0_IRQHandler               0x08000287   Thumb Code     0  startup_stm32f103xb.o(.text)
    WWDG_IRQHandler                          0x08000287   Thumb Code     0  startup_stm32f103xb.o(.text)
    __user_initial_stackheap                 0x08000289   Thumb Code     0  startup_stm32f103xb.o(.text)
    __use_no_semihosting                     0x080002ad   Thumb Code     2  use_no_semi_2.o(.text)
    __2printf                                0x080002b1   Thumb Code    20  __2printf.o(.text)
    __2sprintf                               0x080002c9   Thumb Code    38  __2sprintf.o(.text)
    _printf_pre_padding                      0x080002f5   Thumb Code    44  _printf_pad.o(.text)
    _printf_post_padding                     0x08000321   Thumb Code    34  _printf_pad.o(.text)
    _printf_str                              0x08000343   Thumb Code    82  _printf_str.o(.text)
    _printf_int_dec                          0x08000395   Thumb Code   104  _printf_dec.o(.text)
    _printf_int_hex                          0x0800040d   Thumb Code    84  _printf_hex_int.o(.text)
    _printf_longlong_hex                     0x0800040d   Thumb Code     0  _printf_hex_int.o(.text)
    __printf                                 0x08000465   Thumb Code   308  __printf_flags_wp.o(.text)
    srand                                    0x0800059d   Thumb Code    42  rand.o(.text)
    _rand_init                               0x080005c7   Thumb Code     4  rand.o(.text)
    strstr                                   0x080005d9   Thumb Code    36  strstr.o(.text)
    strlen                                   0x080005fd   Thumb Code    62  strlen.o(.text)
    strncmp                                  0x0800063b   Thumb Code   150  strncmp.o(.text)
    strcat                                   0x080006d1   Thumb Code    24  strcat.o(.text)
    __aeabi_memcpy                           0x080006e9   Thumb Code     0  rt_memcpy_v6.o(.text)
    __rt_memcpy                              0x080006e9   Thumb Code   138  rt_memcpy_v6.o(.text)
    _memcpy_lastbytes                        0x0800074f   Thumb Code     0  rt_memcpy_v6.o(.text)
    __aeabi_memcpy4                          0x08000773   Thumb Code     0  rt_memcpy_w.o(.text)
    __aeabi_memcpy8                          0x08000773   Thumb Code     0  rt_memcpy_w.o(.text)
    __rt_memcpy_w                            0x08000773   Thumb Code   100  rt_memcpy_w.o(.text)
    _memcpy_lastbytes_aligned                0x080007bb   Thumb Code     0  rt_memcpy_w.o(.text)
    __aeabi_memset                           0x080007d7   Thumb Code    16  aeabi_memset.o(.text)
    __aeabi_memclr                           0x080007e7   Thumb Code     0  rt_memclr.o(.text)
    __rt_memclr                              0x080007e7   Thumb Code    68  rt_memclr.o(.text)
    _memset                                  0x080007eb   Thumb Code     0  rt_memclr.o(.text)
    __aeabi_memclr4                          0x0800082b   Thumb Code     0  rt_memclr_w.o(.text)
    __aeabi_memclr8                          0x0800082b   Thumb Code     0  rt_memclr_w.o(.text)
    __rt_memclr_w                            0x0800082b   Thumb Code    78  rt_memclr_w.o(.text)
    _memset_w                                0x0800082f   Thumb Code     0  rt_memclr_w.o(.text)
    __use_two_region_memory                  0x08000879   Thumb Code     2  heapauxi.o(.text)
    __rt_heap_escrow$2region                 0x0800087b   Thumb Code     2  heapauxi.o(.text)
    __rt_heap_expand$2region                 0x0800087d   Thumb Code     2  heapauxi.o(.text)
    __I$use$semihosting                      0x0800087f   Thumb Code     0  use_no_semi.o(.text)
    __use_no_semihosting_swi                 0x0800087f   Thumb Code     2  use_no_semi.o(.text)
    _printf_int_common                       0x08000881   Thumb Code   178  _printf_intcommon.o(.text)
    _printf_char_common                      0x0800093f   Thumb Code    32  _printf_char_common.o(.text)
    _sputc                                   0x08000965   Thumb Code    10  _sputc.o(.text)
    _printf_cs_common                        0x0800096f   Thumb Code    20  _printf_char.o(.text)
    _printf_char                             0x08000983   Thumb Code    16  _printf_char.o(.text)
    _printf_string                           0x08000993   Thumb Code     8  _printf_char.o(.text)
    _printf_char_file                        0x0800099d   Thumb Code    32  _printf_char_file.o(.text)
    ferror                                   0x080009c1   Thumb Code     8  ferror.o(.text)
    __user_setup_stackheap                   0x080009c9   Thumb Code    74  sys_stackheap_outer.o(.text)
    exit                                     0x08000a13   Thumb Code    18  exit.o(.text)
    __user_libspace                          0x08000a25   Thumb Code     8  libspace.o(.text)
    __user_perproc_libspace                  0x08000a25   Thumb Code     0  libspace.o(.text)
    __user_perthread_libspace                0x08000a25   Thumb Code     0  libspace.o(.text)
    BusFault_Handler                         0x08000a2d   Thumb Code     2  stm32f1xx_it.o(i.BusFault_Handler)
    DebugMon_Handler                         0x08000a2f   Thumb Code     2  stm32f1xx_it.o(i.DebugMon_Handler)
    ESP8266DataProcessCallback               0x08000a31   Thumb Code   264  usart.o(i.ESP8266DataProcessCallback)
    ESP8266ReadPacket                        0x08000b69   Thumb Code    40  usart.o(i.ESP8266ReadPacket)
    ESP8266_GetIP                            0x08000b99   Thumb Code   110  usart.o(i.ESP8266_GetIP)
    ESP8266_SendCommand                      0x08000c2d   Thumb Code   138  usart.o(i.ESP8266_SendCommand)
    ESP8266_SendRawData                      0x08000ce1   Thumb Code    96  usart.o(i.ESP8266_SendRawData)
    ESP8266_Send_Packet                      0x08000d41   Thumb Code    66  usart.o(i.ESP8266_Send_Packet)
    EXTI0_IRQHandler                         0x08000da1   Thumb Code     6  stm32f1xx_it.o(i.EXTI0_IRQHandler)
    EnableUART2IRQ                           0x08000da9   Thumb Code    32  usart.o(i.EnableUART2IRQ)
    Error_Handler                            0x08000dcd   Thumb Code     4  main.o(i.Error_Handler)
    HAL_Delay                                0x08000dd1   Thumb Code    32  stm32f1xx_hal.o(i.HAL_Delay)
    HAL_GPIO_EXTI_Callback                   0x08000df5   Thumb Code    10  gpio.o(i.HAL_GPIO_EXTI_Callback)
    HAL_GPIO_EXTI_IRQHandler                 0x08000e05   Thumb Code    18  stm32f1xx_hal_gpio.o(i.HAL_GPIO_EXTI_IRQHandler)
    HAL_GPIO_Init                            0x08000e1d   Thumb Code   446  stm32f1xx_hal_gpio.o(i.HAL_GPIO_Init)
    HAL_GPIO_TogglePin                       0x08000ffd   Thumb Code    16  stm32f1xx_hal_gpio.o(i.HAL_GPIO_TogglePin)
    HAL_GPIO_WritePin                        0x0800100d   Thumb Code    10  stm32f1xx_hal_gpio.o(i.HAL_GPIO_WritePin)
    HAL_GetTick                              0x08001019   Thumb Code     6  stm32f1xx_hal.o(i.HAL_GetTick)
    HAL_IncTick                              0x08001025   Thumb Code    12  stm32f1xx_hal.o(i.HAL_IncTick)
    HAL_Init                                 0x08001035   Thumb Code    32  stm32f1xx_hal.o(i.HAL_Init)
    HAL_InitTick                             0x08001059   Thumb Code    98  stm32f1xx_hal_timebase_tim.o(i.HAL_InitTick)
    HAL_MspInit                              0x080010cd   Thumb Code    62  stm32f1xx_hal_msp.o(i.HAL_MspInit)
    HAL_NVIC_EnableIRQ                       0x08001115   Thumb Code    26  stm32f1xx_hal_cortex.o(i.HAL_NVIC_EnableIRQ)
    HAL_NVIC_SetPriority                     0x08001131   Thumb Code    60  stm32f1xx_hal_cortex.o(i.HAL_NVIC_SetPriority)
    HAL_NVIC_SetPriorityGrouping             0x08001171   Thumb Code    26  stm32f1xx_hal_cortex.o(i.HAL_NVIC_SetPriorityGrouping)
    HAL_RCC_ClockConfig                      0x08001195   Thumb Code   280  stm32f1xx_hal_rcc.o(i.HAL_RCC_ClockConfig)
    HAL_RCC_GetClockConfig                   0x080012c1   Thumb Code    54  stm32f1xx_hal_rcc.o(i.HAL_RCC_GetClockConfig)
    HAL_RCC_GetPCLK1Freq                     0x08001301   Thumb Code    20  stm32f1xx_hal_rcc.o(i.HAL_RCC_GetPCLK1Freq)
    HAL_RCC_GetPCLK2Freq                     0x08001321   Thumb Code    20  stm32f1xx_hal_rcc.o(i.HAL_RCC_GetPCLK2Freq)
    HAL_RCC_GetSysClockFreq                  0x08001341   Thumb Code    74  stm32f1xx_hal_rcc.o(i.HAL_RCC_GetSysClockFreq)
    HAL_RCC_OscConfig                        0x080013ad   Thumb Code   778  stm32f1xx_hal_rcc.o(i.HAL_RCC_OscConfig)
    HAL_TIMEx_BreakCallback                  0x080016cd   Thumb Code     2  stm32f1xx_hal_tim_ex.o(i.HAL_TIMEx_BreakCallback)
    HAL_TIMEx_CommutCallback                 0x080016cf   Thumb Code     2  stm32f1xx_hal_tim_ex.o(i.HAL_TIMEx_CommutCallback)
    HAL_TIM_Base_Init                        0x080016d1   Thumb Code    90  stm32f1xx_hal_tim.o(i.HAL_TIM_Base_Init)
    HAL_TIM_Base_MspInit                     0x0800172b   Thumb Code     2  stm32f1xx_hal_tim.o(i.HAL_TIM_Base_MspInit)
    HAL_TIM_Base_Start_IT                    0x0800172d   Thumb Code    76  stm32f1xx_hal_tim.o(i.HAL_TIM_Base_Start_IT)
    HAL_TIM_IC_CaptureCallback               0x08001785   Thumb Code     2  stm32f1xx_hal_tim.o(i.HAL_TIM_IC_CaptureCallback)
    HAL_TIM_IRQHandler                       0x08001787   Thumb Code   358  stm32f1xx_hal_tim.o(i.HAL_TIM_IRQHandler)
    HAL_TIM_OC_DelayElapsedCallback          0x080018ed   Thumb Code     2  stm32f1xx_hal_tim.o(i.HAL_TIM_OC_DelayElapsedCallback)
    HAL_TIM_PWM_PulseFinishedCallback        0x080018ef   Thumb Code     2  stm32f1xx_hal_tim.o(i.HAL_TIM_PWM_PulseFinishedCallback)
    HAL_TIM_PeriodElapsedCallback            0x080018f1   Thumb Code    14  main.o(i.HAL_TIM_PeriodElapsedCallback)
    HAL_TIM_TriggerCallback                  0x08001905   Thumb Code     2  stm32f1xx_hal_tim.o(i.HAL_TIM_TriggerCallback)
    HAL_UART_Init                            0x08001907   Thumb Code    98  stm32f1xx_hal_uart.o(i.HAL_UART_Init)
    HAL_UART_MspInit                         0x08001969   Thumb Code   156  usart.o(i.HAL_UART_MspInit)
    HAL_UART_Transmit                        0x08001a15   Thumb Code   178  stm32f1xx_hal_uart.o(i.HAL_UART_Transmit)
    HardFault_Handler                        0x08001ac7   Thumb Code     2  stm32f1xx_it.o(i.HardFault_Handler)
    MQTTDeserialize_ack                      0x08001ac9   Thumb Code    72  mqttdeserializepublish.o(i.MQTTDeserialize_ack)
    MQTTDeserialize_connack                  0x08001b11   Thumb Code    92  mqttconnectclient.o(i.MQTTDeserialize_connack)
    MQTTDeserialize_publish                  0x08001b6d   Thumb Code   140  mqttdeserializepublish.o(i.MQTTDeserialize_publish)
    MQTTDeserialize_suback                   0x08001bf9   Thumb Code   124  mqttsubscribeclient.o(i.MQTTDeserialize_suback)
    MQTTDeserialize_unsuback                 0x08001c75   Thumb Code    38  mqttunsubscribeclient.o(i.MQTTDeserialize_unsuback)
    MQTTPacket_decode                        0x08001c9b   Thumb Code    54  mqttpacket.o(i.MQTTPacket_decode)
    MQTTPacket_decodeBuf                     0x08001cd1   Thumb Code    10  mqttpacket.o(i.MQTTPacket_decodeBuf)
    MQTTPacket_encode                        0x08001ce5   Thumb Code    42  mqttpacket.o(i.MQTTPacket_encode)
    MQTTPacket_equals                        0x08001d0f   Thumb Code    52  mqttpacket.o(i.MQTTPacket_equals)
    MQTTPacket_len                           0x08001d45   Thumb Code    34  mqttpacket.o(i.MQTTPacket_len)
    MQTTSerialize_ack                        0x08001d6d   Thumb Code    72  mqttserializepublish.o(i.MQTTSerialize_ack)
    MQTTSerialize_connect                    0x08001db5   Thumb Code   262  mqttconnectclient.o(i.MQTTSerialize_connect)
    MQTTSerialize_connectLength              0x08001ecd   Thumb Code   118  mqttconnectclient.o(i.MQTTSerialize_connectLength)
    MQTTSerialize_pingreq                    0x08001f43   Thumb Code     6  mqttconnectclient.o(i.MQTTSerialize_pingreq)
    MQTTSerialize_publish                    0x08001f49   Thumb Code   134  mqttserializepublish.o(i.MQTTSerialize_publish)
    MQTTSerialize_publishLength              0x08001fcf   Thumb Code    30  mqttserializepublish.o(i.MQTTSerialize_publishLength)
    MQTTSerialize_subscribe                  0x08001fed   Thumb Code   140  mqttsubscribeclient.o(i.MQTTSerialize_subscribe)
    MQTTSerialize_subscribeLength            0x08002079   Thumb Code    46  mqttsubscribeclient.o(i.MQTTSerialize_subscribeLength)
    MQTTSerialize_zero                       0x080020a7   Thumb Code    50  mqttconnectclient.o(i.MQTTSerialize_zero)
    MQTTstrlen                               0x080020d9   Thumb Code    14  mqttpacket.o(i.MQTTstrlen)
    MX_FREERTOS_Init                         0x080020e9   Thumb Code    18  freertos.o(i.MX_FREERTOS_Init)
    MX_GPIO_Init                             0x08002109   Thumb Code   100  gpio.o(i.MX_GPIO_Init)
    MX_USART1_UART_Init                      0x08002179   Thumb Code    48  usart.o(i.MX_USART1_UART_Init)
    MX_USART2_UART_Init                      0x080021b1   Thumb Code    48  usart.o(i.MX_USART2_UART_Init)
    MemManage_Handler                        0x080021e9   Thumb Code     2  stm32f1xx_it.o(i.MemManage_Handler)
    NMI_Handler                              0x080021eb   Thumb Code     2  stm32f1xx_it.o(i.NMI_Handler)
    Show_IP                                  0x080021ed   Thumb Code    88  usart.o(i.Show_IP)
    StartMyTask                              0x08002261   Thumb Code   206  main.o(i.StartMyTask)
    SysTick_Handler                          0x08002399   Thumb Code    38  port.o(i.SysTick_Handler)
    SystemClock_Config                       0x080023c5   Thumb Code    94  main.o(i.SystemClock_Config)
    SystemInit                               0x08002423   Thumb Code     2  system_stm32f1xx.o(i.SystemInit)
    TIM1_UP_IRQHandler                       0x08002425   Thumb Code     6  stm32f1xx_it.o(i.TIM1_UP_IRQHandler)
    TIM_Base_SetConfig                       0x08002431   Thumb Code    94  stm32f1xx_hal_tim.o(i.TIM_Base_SetConfig)
    USART2_ClearBuf                          0x080025b9   Thumb Code    14  usart.o(i.USART2_ClearBuf)
    USART2_IRQHandler                        0x080025d1   Thumb Code    22  stm32f1xx_it.o(i.USART2_IRQHandler)
    USART2_Receive                           0x080025ed   Thumb Code    16  usart.o(i.USART2_Receive)
    USART2_Transmit                          0x08002605   Thumb Code    12  usart.o(i.USART2_Transmit)
    UsageFault_Handler                       0x08002615   Thumb Code     2  stm32f1xx_it.o(i.UsageFault_Handler)
    _is_digit                                0x08002637   Thumb Code    14  __printf_wp.o(i._is_digit)
    _sys_exit                                0x0800264f   Thumb Code     2  usart.o(i._sys_exit)
    bufchar                                  0x08002651   Thumb Code    30  mqttpacket.o(i.bufchar)
    fputc                                    0x08002709   Thumb Code    18  usart.o(i.fputc)
    main                                     0x08002721   Thumb Code    70  main.o(i.main)
    mqtt_connect                             0x08002a31   Thumb Code     4  mqttclient.o(i.mqtt_connect)
    mqtt_keep_alive                          0x08002f9d   Thumb Code   120  mqttclient.o(i.mqtt_keep_alive)
    mqtt_lease                               0x08003065   Thumb Code    34  mqttclient.o(i.mqtt_lease)
    mqtt_list_add_tail                       0x08003087   Thumb Code    10  mqtt_list.o(i.mqtt_list_add_tail)
    mqtt_list_del                            0x08003091   Thumb Code     8  mqtt_list.o(i.mqtt_list_del)
    mqtt_list_del_init                       0x08003099   Thumb Code    14  mqtt_list.o(i.mqtt_list_del_init)
    mqtt_list_init                           0x080030a7   Thumb Code     6  mqtt_list.o(i.mqtt_list_init)
    mqtt_list_is_empty                       0x080030ad   Thumb Code    14  mqtt_list.o(i.mqtt_list_is_empty)
    mqtt_publish                             0x08003279   Thumb Code   290  mqttclient.o(i.mqtt_publish)
    mqtt_set_clean_session                   0x0800370d   Thumb Code    42  mqttclient.o(i.mqtt_set_clean_session)
    mqtt_set_client_id                       0x08003789   Thumb Code    34  mqttclient.o(i.mqtt_set_client_id)
    mqtt_set_host                            0x08003819   Thumb Code    34  mqttclient.o(i.mqtt_set_host)
    mqtt_set_password                        0x0800388d   Thumb Code    34  mqttclient.o(i.mqtt_set_password)
    mqtt_set_port                            0x08003901   Thumb Code    34  mqttclient.o(i.mqtt_set_port)
    mqtt_set_user_name                       0x08003975   Thumb Code    34  mqttclient.o(i.mqtt_set_user_name)
    mqtt_subscribe                           0x08003aa9   Thumb Code   154  mqttclient.o(i.mqtt_subscribe)
    nettype_tcp_connect                      0x08003f69   Thumb Code    24  nettype_tcp.o(i.nettype_tcp_connect)
    nettype_tcp_disconnect                   0x08003f81   Thumb Code    20  nettype_tcp.o(i.nettype_tcp_disconnect)
    nettype_tcp_read                         0x08003f95   Thumb Code     6  nettype_tcp.o(i.nettype_tcp_read)
    nettype_tcp_write                        0x08003f9b   Thumb Code     6  nettype_tcp.o(i.nettype_tcp_write)
    network_connect                          0x08003fa1   Thumb Code     4  network.o(i.network_connect)
    network_disconnect                       0x08003fa5   Thumb Code     4  network.o(i.network_disconnect)
    network_init                             0x08003fa9   Thumb Code    20  network.o(i.network_init)
    network_read                             0x08003fbd   Thumb Code     4  network.o(i.network_read)
    network_write                            0x08003fc1   Thumb Code     4  network.o(i.network_write)
    osDelay                                  0x08003fc5   Thumb Code    46  cmsis_os2.o(i.osDelay)
    osKernelInitialize                       0x08003ff9   Thumb Code    50  cmsis_os2.o(i.osKernelInitialize)
    osKernelStart                            0x08004031   Thumb Code    58  cmsis_os2.o(i.osKernelStart)
    osThreadNew                              0x08004071   Thumb Code   162  cmsis_os2.o(i.osThreadNew)
    platform_memory_alloc                    0x08004119   Thumb Code    30  platform_memory.o(i.platform_memory_alloc)
    platform_memory_free                     0x08004159   Thumb Code     4  platform_memory.o(i.platform_memory_free)
    platform_mutex_init                      0x0800415d   Thumb Code    16  platform_mutex.o(i.platform_mutex_init)
    platform_mutex_lock                      0x0800416d   Thumb Code    10  platform_mutex.o(i.platform_mutex_lock)
    platform_mutex_unlock                    0x08004177   Thumb Code    12  platform_mutex.o(i.platform_mutex_unlock)
    platform_net_socket_close                0x08004185   Thumb Code    18  platform_net_socket.o(i.platform_net_socket_close)
    platform_net_socket_connect              0x080041a9   Thumb Code   138  platform_net_socket.o(i.platform_net_socket_connect)
    platform_net_socket_recv_timeout         0x080042a1   Thumb Code    50  platform_net_socket.o(i.platform_net_socket_recv_timeout)
    platform_net_socket_write_timeout        0x080042d5   Thumb Code    62  platform_net_socket.o(i.platform_net_socket_write_timeout)
    platform_thread_destroy                  0x08004345   Thumb Code    22  platform_thread.o(i.platform_thread_destroy)
    platform_thread_init                     0x0800435b   Thumb Code    56  platform_thread.o(i.platform_thread_init)
    platform_thread_start                    0x08004393   Thumb Code     6  platform_thread.o(i.platform_thread_start)
    platform_thread_startup                  0x08004399   Thumb Code     2  platform_thread.o(i.platform_thread_startup)
    platform_thread_stop                     0x0800439b   Thumb Code     6  platform_thread.o(i.platform_thread_stop)
    platform_timer_cutdown                   0x080043a1   Thumb Code    16  platform_timer.o(i.platform_timer_cutdown)
    platform_timer_init                      0x080043b1   Thumb Code     6  platform_timer.o(i.platform_timer_init)
    platform_timer_is_expired                0x080043b7   Thumb Code    22  platform_timer.o(i.platform_timer_is_expired)
    platform_timer_now                       0x080043cd   Thumb Code     4  platform_timer.o(i.platform_timer_now)
    platform_timer_remain                    0x080043d1   Thumb Code    22  platform_timer.o(i.platform_timer_remain)
    pvPortMalloc                             0x08004b79   Thumb Code   210  heap_4.o(i.pvPortMalloc)
    pvTaskIncrementMutexHeldCount            0x08004c51   Thumb Code    18  tasks.o(i.pvTaskIncrementMutexHeldCount)
    pxPortInitialiseStack                    0x08004c69   Thumb Code    32  port.o(i.pxPortInitialiseStack)
    random_number                            0x08004c8d   Thumb Code    42  random.o(i.random_number)
    random_string                            0x08004cbd   Thumb Code   180  random.o(i.random_string)
    readChar                                 0x08004d75   Thumb Code    12  mqttpacket.o(i.readChar)
    readInt                                  0x08004d81   Thumb Code    18  mqttpacket.o(i.readInt)
    readMQTTLenString                        0x08004d93   Thumb Code    52  mqttpacket.o(i.readMQTTLenString)
    uxListRemove                             0x08004ec1   Thumb Code    38  list.o(i.uxListRemove)
    vApplicationGetIdleTaskMemory            0x08004ee9   Thumb Code    18  cmsis_os2.o(i.vApplicationGetIdleTaskMemory)
    vApplicationGetTimerTaskMemory           0x08004f01   Thumb Code    18  cmsis_os2.o(i.vApplicationGetTimerTaskMemory)
    vListInitialise                          0x08004f19   Thumb Code    22  list.o(i.vListInitialise)
    vListInitialiseItem                      0x08004f2f   Thumb Code     6  list.o(i.vListInitialiseItem)
    vListInsert                              0x08004f35   Thumb Code    48  list.o(i.vListInsert)
    vListInsertEnd                           0x08004f65   Thumb Code    24  list.o(i.vListInsertEnd)
    vPortEnterCritical                       0x08004f7d   Thumb Code    54  port.o(i.vPortEnterCritical)
    vPortExitCritical                        0x08004fbd   Thumb Code    34  port.o(i.vPortExitCritical)
    vPortFree                                0x08004fe5   Thumb Code    88  heap_4.o(i.vPortFree)
    vPortSetupTimerInterrupt                 0x08005041   Thumb Code    32  port.o(i.vPortSetupTimerInterrupt)
    vPortValidateInterruptPriority           0x08005065   Thumb Code    74  port.o(i.vPortValidateInterruptPriority)
    vQueueAddToRegistry                      0x080050b9   Thumb Code    34  queue.o(i.vQueueAddToRegistry)
    vQueueWaitForMessageRestricted           0x080050e1   Thumb Code    68  queue.o(i.vQueueWaitForMessageRestricted)
    vTaskDelay                               0x08005125   Thumb Code    66  tasks.o(i.vTaskDelay)
    vTaskDelete                              0x08005171   Thumb Code   130  tasks.o(i.vTaskDelete)
    vTaskInternalSetTimeOutState             0x08005201   Thumb Code    12  tasks.o(i.vTaskInternalSetTimeOutState)
    vTaskMissedYield                         0x08005211   Thumb Code     8  tasks.o(i.vTaskMissedYield)
    vTaskPlaceOnEventList                    0x0800521d   Thumb Code    44  tasks.o(i.vTaskPlaceOnEventList)
    vTaskPlaceOnEventListRestricted          0x0800524d   Thumb Code    52  tasks.o(i.vTaskPlaceOnEventListRestricted)
    vTaskPriorityDisinheritAfterTimeout      0x08005285   Thumb Code   134  tasks.o(i.vTaskPriorityDisinheritAfterTimeout)
    vTaskResume                              0x08005315   Thumb Code   110  tasks.o(i.vTaskResume)
    vTaskStartScheduler                      0x08005391   Thumb Code   118  tasks.o(i.vTaskStartScheduler)
    vTaskSuspend                             0x08005419   Thumb Code   144  tasks.o(i.vTaskSuspend)
    vTaskSuspendAll                          0x080054b5   Thumb Code    10  tasks.o(i.vTaskSuspendAll)
    vTaskSwitchContext                       0x080054c5   Thumb Code    90  tasks.o(i.vTaskSwitchContext)
    writeCString                             0x08005529   Thumb Code    40  mqttpacket.o(i.writeCString)
    writeChar                                0x08005551   Thumb Code    12  mqttpacket.o(i.writeChar)
    writeInt                                 0x0800555d   Thumb Code    30  mqttpacket.o(i.writeInt)
    writeMQTTString                          0x0800557b   Thumb Code    54  mqttpacket.o(i.writeMQTTString)
    xPortStartScheduler                      0x080055b1   Thumb Code   154  port.o(i.xPortStartScheduler)
    xQueueCreateMutex                        0x08005659   Thumb Code    22  queue.o(i.xQueueCreateMutex)
    xQueueGenericCreate                      0x0800566f   Thumb Code    72  queue.o(i.xQueueGenericCreate)
    xQueueGenericCreateStatic                0x080056b7   Thumb Code   102  queue.o(i.xQueueGenericCreateStatic)
    xQueueGenericReset                       0x0800571d   Thumb Code   132  queue.o(i.xQueueGenericReset)
    xQueueGenericSend                        0x080057a5   Thumb Code   346  queue.o(i.xQueueGenericSend)
    xQueueGenericSendFromISR                 0x08005905   Thumb Code   188  queue.o(i.xQueueGenericSendFromISR)
    xQueueReceive                            0x080059c1   Thumb Code   308  queue.o(i.xQueueReceive)
    xQueueSemaphoreTake                      0x08005af9   Thumb Code   372  queue.o(i.xQueueSemaphoreTake)
    xTaskCheckForTimeOut                     0x08005c71   Thumb Code   112  tasks.o(i.xTaskCheckForTimeOut)
    xTaskCreate                              0x08005ce5   Thumb Code    90  tasks.o(i.xTaskCreate)
    xTaskCreateStatic                        0x08005d3f   Thumb Code    86  tasks.o(i.xTaskCreateStatic)
    xTaskGetSchedulerState                   0x08005d95   Thumb Code    22  tasks.o(i.xTaskGetSchedulerState)
    xTaskGetTickCount                        0x08005db1   Thumb Code     6  tasks.o(i.xTaskGetTickCount)
    xTaskIncrementTick                       0x08005dbd   Thumb Code   190  tasks.o(i.xTaskIncrementTick)
    xTaskPriorityDisinherit                  0x08005e85   Thumb Code   118  tasks.o(i.xTaskPriorityDisinherit)
    xTaskPriorityInherit                     0x08005f05   Thumb Code   112  tasks.o(i.xTaskPriorityInherit)
    xTaskRemoveFromEventList                 0x08005f7d   Thumb Code    98  tasks.o(i.xTaskRemoveFromEventList)
    xTaskResumeAll                           0x08005fed   Thumb Code   182  tasks.o(i.xTaskResumeAll)
    xTimerCreateTimerTask                    0x080060b1   Thumb Code    78  timers.o(i.xTimerCreateTimerTask)
    xTimerGenericCommand                     0x08006111   Thumb Code    98  timers.o(i.xTimerGenericCommand)
    MyTask_attributes                        0x080061a0   Data          36  freertos.o(.constdata)
    AHBPrescTable                            0x080061c4   Data          16  system_stm32f1xx.o(.constdata)
    APBPrescTable                            0x080061d4   Data           8  system_stm32f1xx.o(.constdata)
    Region$$Table$$Base                      0x0800654c   Number         0  anon$$obj.o(Region$$Table)
    Region$$Table$$Limit                     0x0800656c   Number         0  anon$$obj.o(Region$$Table)
    client                                   0x20000000   Data           4  main.o(.data)
    MyTaskHandle                             0x20000008   Data           4  freertos.o(.data)
    __stdin                                  0x20000024   Data           4  usart.o(.data)
    __stdout                                 0x20000028   Data           4  usart.o(.data)
    uwTickFreq                               0x2000002c   Data           1  stm32f1xx_hal.o(.data)
    uwTickPrio                               0x20000030   Data           4  stm32f1xx_hal.o(.data)
    uwTick                                   0x20000034   Data           4  stm32f1xx_hal.o(.data)
    SystemCoreClock                          0x20000038   Data           4  system_stm32f1xx.o(.data)
    pxCurrentTCB                             0x2000003c   Data           4  tasks.o(.data)
    g_remain_len                             0x200000b4   Data           4  mqttclient.o(.data)
    huart1                                   0x20000188   Data          68  usart.o(.bss)
    huart2                                   0x200001cc   Data          68  usart.o(.bss)
    htim1                                    0x20000610   Data          72  stm32f1xx_hal_timebase_tim.o(.bss)
    xQueueRegistry                           0x20000658   Data          64  queue.o(.bss)
    _random_number_data                      0x2000452c   Data         228  rand.o(.bss)
    __libspace_start                         0x20004610   Data          96  libspace.o(.bss)
    __temporary_stack_top$libspace           0x20004670   Data           0  libspace.o(.bss)



==============================================================================

Memory Map of the image

  Image Entry point : 0x080000ed

  Load Region LR_IROM1 (Base: 0x08000000, Size: 0x0000662c, Max: 0x00010000, ABSOLUTE)

    Execution Region ER_IROM1 (Exec base: 0x08000000, Load base: 0x08000000, Size: 0x0000656c, Max: 0x00010000, ABSOLUTE)

    Exec Addr    Load Addr    Size         Type   Attr      Idx    E Section Name        Object

    0x08000000   0x08000000   0x000000ec   Data   RO            3    RESET               startup_stm32f103xb.o
    0x080000ec   0x080000ec   0x00000008   Code   RO         5898  * !!!main             c_w.l(__main.o)
    0x080000f4   0x080000f4   0x00000034   Code   RO         6072    !!!scatter          c_w.l(__scatter.o)
    0x08000128   0x08000128   0x0000001a   Code   RO         6074    !!handler_copy      c_w.l(__scatter_copy.o)
    0x08000142   0x08000142   0x00000002   PAD
    0x08000144   0x08000144   0x0000001c   Code   RO         6076    !!handler_zi        c_w.l(__scatter_zi.o)
    0x08000160   0x08000160   0x00000000   Code   RO         5866    .ARM.Collect$$_printf_percent$$00000000  c_w.l(_printf_percent.o)
    0x08000160   0x08000160   0x00000006   Code   RO         5865    .ARM.Collect$$_printf_percent$$00000009  c_w.l(_printf_d.o)
    0x08000166   0x08000166   0x00000006   Code   RO         5864    .ARM.Collect$$_printf_percent$$0000000C  c_w.l(_printf_x.o)
    0x0800016c   0x0800016c   0x00000006   Code   RO         5863    .ARM.Collect$$_printf_percent$$00000014  c_w.l(_printf_s.o)
    0x08000172   0x08000172   0x00000004   Code   RO         5915    .ARM.Collect$$_printf_percent$$00000017  c_w.l(_printf_percent_end.o)
    0x08000176   0x08000176   0x00000002   Code   RO         5999    .ARM.Collect$$libinit$$00000000  c_w.l(libinit.o)
    0x08000178   0x08000178   0x00000000   Code   RO         5917    .ARM.Collect$$libinit$$00000002  c_w.l(libinit2.o)
    0x08000178   0x08000178   0x00000000   Code   RO         5919    .ARM.Collect$$libinit$$00000004  c_w.l(libinit2.o)
    0x08000178   0x08000178   0x00000000   Code   RO         5922    .ARM.Collect$$libinit$$0000000A  c_w.l(libinit2.o)
    0x08000178   0x08000178   0x00000000   Code   RO         5924    .ARM.Collect$$libinit$$0000000C  c_w.l(libinit2.o)
    0x08000178   0x08000178   0x00000004   Code   RO         5925    .ARM.Collect$$libinit$$0000000D  c_w.l(libinit2.o)
    0x0800017c   0x0800017c   0x00000000   Code   RO         5926    .ARM.Collect$$libinit$$0000000E  c_w.l(libinit2.o)
    0x0800017c   0x0800017c   0x00000000   Code   RO         5929    .ARM.Collect$$libinit$$00000011  c_w.l(libinit2.o)
    0x0800017c   0x0800017c   0x00000000   Code   RO         5931    .ARM.Collect$$libinit$$00000013  c_w.l(libinit2.o)
    0x0800017c   0x0800017c   0x00000000   Code   RO         5933    .ARM.Collect$$libinit$$00000015  c_w.l(libinit2.o)
    0x0800017c   0x0800017c   0x00000000   Code   RO         5935    .ARM.Collect$$libinit$$00000017  c_w.l(libinit2.o)
    0x0800017c   0x0800017c   0x00000000   Code   RO         5937    .ARM.Collect$$libinit$$00000019  c_w.l(libinit2.o)
    0x0800017c   0x0800017c   0x00000000   Code   RO         5939    .ARM.Collect$$libinit$$0000001B  c_w.l(libinit2.o)
    0x0800017c   0x0800017c   0x00000000   Code   RO         5941    .ARM.Collect$$libinit$$0000001D  c_w.l(libinit2.o)
    0x0800017c   0x0800017c   0x00000000   Code   RO         5943    .ARM.Collect$$libinit$$0000001F  c_w.l(libinit2.o)
    0x0800017c   0x0800017c   0x00000000   Code   RO         5945    .ARM.Collect$$libinit$$00000021  c_w.l(libinit2.o)
    0x0800017c   0x0800017c   0x00000000   Code   RO         5947    .ARM.Collect$$libinit$$00000023  c_w.l(libinit2.o)
    0x0800017c   0x0800017c   0x00000000   Code   RO         5949    .ARM.Collect$$libinit$$00000025  c_w.l(libinit2.o)
    0x0800017c   0x0800017c   0x00000000   Code   RO         5953    .ARM.Collect$$libinit$$0000002C  c_w.l(libinit2.o)
    0x0800017c   0x0800017c   0x00000000   Code   RO         5955    .ARM.Collect$$libinit$$0000002E  c_w.l(libinit2.o)
    0x0800017c   0x0800017c   0x00000000   Code   RO         5957    .ARM.Collect$$libinit$$00000030  c_w.l(libinit2.o)
    0x0800017c   0x0800017c   0x00000000   Code   RO         5959    .ARM.Collect$$libinit$$00000032  c_w.l(libinit2.o)
    0x0800017c   0x0800017c   0x00000002   Code   RO         5960    .ARM.Collect$$libinit$$00000033  c_w.l(libinit2.o)
    0x0800017e   0x0800017e   0x00000002   Code   RO         6033    .ARM.Collect$$libshutdown$$00000000  c_w.l(libshutdown.o)
    0x08000180   0x08000180   0x00000000   Code   RO         6039    .ARM.Collect$$libshutdown$$00000002  c_w.l(libshutdown2.o)
    0x08000180   0x08000180   0x00000000   Code   RO         6041    .ARM.Collect$$libshutdown$$00000004  c_w.l(libshutdown2.o)
    0x08000180   0x08000180   0x00000000   Code   RO         6044    .ARM.Collect$$libshutdown$$00000007  c_w.l(libshutdown2.o)
    0x08000180   0x08000180   0x00000000   Code   RO         6047    .ARM.Collect$$libshutdown$$0000000A  c_w.l(libshutdown2.o)
    0x08000180   0x08000180   0x00000000   Code   RO         6049    .ARM.Collect$$libshutdown$$0000000C  c_w.l(libshutdown2.o)
    0x08000180   0x08000180   0x00000000   Code   RO         6052    .ARM.Collect$$libshutdown$$0000000F  c_w.l(libshutdown2.o)
    0x08000180   0x08000180   0x00000002   Code   RO         6053    .ARM.Collect$$libshutdown$$00000010  c_w.l(libshutdown2.o)
    0x08000182   0x08000182   0x00000000   Code   RO         5902    .ARM.Collect$$rtentry$$00000000  c_w.l(__rtentry.o)
    0x08000182   0x08000182   0x00000000   Code   RO         5962    .ARM.Collect$$rtentry$$00000002  c_w.l(__rtentry2.o)
    0x08000182   0x08000182   0x00000006   Code   RO         5974    .ARM.Collect$$rtentry$$00000004  c_w.l(__rtentry4.o)
    0x08000188   0x08000188   0x00000000   Code   RO         5964    .ARM.Collect$$rtentry$$00000009  c_w.l(__rtentry2.o)
    0x08000188   0x08000188   0x00000004   Code   RO         5965    .ARM.Collect$$rtentry$$0000000A  c_w.l(__rtentry2.o)
    0x0800018c   0x0800018c   0x00000000   Code   RO         5967    .ARM.Collect$$rtentry$$0000000C  c_w.l(__rtentry2.o)
    0x0800018c   0x0800018c   0x00000008   Code   RO         5968    .ARM.Collect$$rtentry$$0000000D  c_w.l(__rtentry2.o)
    0x08000194   0x08000194   0x00000002   Code   RO         6005    .ARM.Collect$$rtexit$$00000000  c_w.l(rtexit.o)
    0x08000196   0x08000196   0x00000000   Code   RO         6015    .ARM.Collect$$rtexit$$00000002  c_w.l(rtexit2.o)
    0x08000196   0x08000196   0x00000004   Code   RO         6016    .ARM.Collect$$rtexit$$00000003  c_w.l(rtexit2.o)
    0x0800019a   0x0800019a   0x00000006   Code   RO         6017    .ARM.Collect$$rtexit$$00000004  c_w.l(rtexit2.o)
    0x080001a0   0x080001a0   0x00000096   Code   RO         4567    .emb_text           port.o
    0x08000236   0x08000236   0x00000002   PAD
    0x08000238   0x08000238   0x00000034   Code   RO         5869    .emb_text           c_w.l(rand.o)
    0x0800026c   0x0800026c   0x00000040   Code   RO            4    .text               startup_stm32f103xb.o
    0x080002ac   0x080002ac   0x00000002   Code   RO         5797    .text               c_w.l(use_no_semi_2.o)
    0x080002ae   0x080002ae   0x00000002   PAD
    0x080002b0   0x080002b0   0x00000018   Code   RO         5801    .text               c_w.l(__2printf.o)
    0x080002c8   0x080002c8   0x0000002c   Code   RO         5803    .text               c_w.l(__2sprintf.o)
    0x080002f4   0x080002f4   0x0000004e   Code   RO         5815    .text               c_w.l(_printf_pad.o)
    0x08000342   0x08000342   0x00000052   Code   RO         5817    .text               c_w.l(_printf_str.o)
    0x08000394   0x08000394   0x00000078   Code   RO         5819    .text               c_w.l(_printf_dec.o)
    0x0800040c   0x0800040c   0x00000058   Code   RO         5824    .text               c_w.l(_printf_hex_int.o)
    0x08000464   0x08000464   0x00000138   Code   RO         5854    .text               c_w.l(__printf_flags_wp.o)
    0x0800059c   0x0800059c   0x0000003c   Code   RO         5870    .text               c_w.l(rand.o)
    0x080005d8   0x080005d8   0x00000024   Code   RO         5874    .text               c_w.l(strstr.o)
    0x080005fc   0x080005fc   0x0000003e   Code   RO         5878    .text               c_w.l(strlen.o)
    0x0800063a   0x0800063a   0x00000096   Code   RO         5880    .text               c_w.l(strncmp.o)
    0x080006d0   0x080006d0   0x00000018   Code   RO         5882    .text               c_w.l(strcat.o)
    0x080006e8   0x080006e8   0x0000008a   Code   RO         5884    .text               c_w.l(rt_memcpy_v6.o)
    0x08000772   0x08000772   0x00000064   Code   RO         5886    .text               c_w.l(rt_memcpy_w.o)
    0x080007d6   0x080007d6   0x00000010   Code   RO         5890    .text               c_w.l(aeabi_memset.o)
    0x080007e6   0x080007e6   0x00000044   Code   RO         5892    .text               c_w.l(rt_memclr.o)
    0x0800082a   0x0800082a   0x0000004e   Code   RO         5894    .text               c_w.l(rt_memclr_w.o)
    0x08000878   0x08000878   0x00000006   Code   RO         5896    .text               c_w.l(heapauxi.o)
    0x0800087e   0x0800087e   0x00000002   Code   RO         5900    .text               c_w.l(use_no_semi.o)
    0x08000880   0x08000880   0x000000b2   Code   RO         5903    .text               c_w.l(_printf_intcommon.o)
    0x08000932   0x08000932   0x00000002   PAD
    0x08000934   0x08000934   0x00000030   Code   RO         5905    .text               c_w.l(_printf_char_common.o)
    0x08000964   0x08000964   0x0000000a   Code   RO         5907    .text               c_w.l(_sputc.o)
    0x0800096e   0x0800096e   0x0000002c   Code   RO         5911    .text               c_w.l(_printf_char.o)
    0x0800099a   0x0800099a   0x00000002   PAD
    0x0800099c   0x0800099c   0x00000024   Code   RO         5913    .text               c_w.l(_printf_char_file.o)
    0x080009c0   0x080009c0   0x00000008   Code   RO         5978    .text               c_w.l(ferror.o)
    0x080009c8   0x080009c8   0x0000004a   Code   RO         5986    .text               c_w.l(sys_stackheap_outer.o)
    0x08000a12   0x08000a12   0x00000012   Code   RO         5988    .text               c_w.l(exit.o)
    0x08000a24   0x08000a24   0x00000008   Code   RO         6002    .text               c_w.l(libspace.o)
    0x08000a2c   0x08000a2c   0x00000002   Code   RO          516    i.BusFault_Handler  stm32f1xx_it.o
    0x08000a2e   0x08000a2e   0x00000002   Code   RO          517    i.DebugMon_Handler  stm32f1xx_it.o
    0x08000a30   0x08000a30   0x00000138   Code   RO          355    i.ESP8266DataProcessCallback  usart.o
    0x08000b68   0x08000b68   0x00000030   Code   RO          356    i.ESP8266ReadPacket  usart.o
    0x08000b98   0x08000b98   0x00000094   Code   RO          357    i.ESP8266_GetIP     usart.o
    0x08000c2c   0x08000c2c   0x000000b4   Code   RO          358    i.ESP8266_SendCommand  usart.o
    0x08000ce0   0x08000ce0   0x00000060   Code   RO          359    i.ESP8266_SendRawData  usart.o
    0x08000d40   0x08000d40   0x00000060   Code   RO          361    i.ESP8266_Send_Packet  usart.o
    0x08000da0   0x08000da0   0x00000006   Code   RO          518    i.EXTI0_IRQHandler  stm32f1xx_it.o
    0x08000da6   0x08000da6   0x00000002   PAD
    0x08000da8   0x08000da8   0x00000024   Code   RO          362    i.EnableUART2IRQ    usart.o
    0x08000dcc   0x08000dcc   0x00000004   Code   RO           13    i.Error_Handler     main.o
    0x08000dd0   0x08000dd0   0x00000024   Code   RO          698    i.HAL_Delay         stm32f1xx_hal.o
    0x08000df4   0x08000df4   0x00000010   Code   RO          271    i.HAL_GPIO_EXTI_Callback  gpio.o
    0x08000e04   0x08000e04   0x00000018   Code   RO         1005    i.HAL_GPIO_EXTI_IRQHandler  stm32f1xx_hal_gpio.o
    0x08000e1c   0x08000e1c   0x000001e0   Code   RO         1006    i.HAL_GPIO_Init     stm32f1xx_hal_gpio.o
    0x08000ffc   0x08000ffc   0x00000010   Code   RO         1009    i.HAL_GPIO_TogglePin  stm32f1xx_hal_gpio.o
    0x0800100c   0x0800100c   0x0000000a   Code   RO         1010    i.HAL_GPIO_WritePin  stm32f1xx_hal_gpio.o
    0x08001016   0x08001016   0x00000002   PAD
    0x08001018   0x08001018   0x0000000c   Code   RO          702    i.HAL_GetTick       stm32f1xx_hal.o
    0x08001024   0x08001024   0x00000010   Code   RO          708    i.HAL_IncTick       stm32f1xx_hal.o
    0x08001034   0x08001034   0x00000024   Code   RO          709    i.HAL_Init          stm32f1xx_hal.o
    0x08001058   0x08001058   0x00000074   Code   RO          616    i.HAL_InitTick      stm32f1xx_hal_timebase_tim.o
    0x080010cc   0x080010cc   0x00000048   Code   RO          592    i.HAL_MspInit       stm32f1xx_hal_msp.o
    0x08001114   0x08001114   0x0000001a   Code   RO         1166    i.HAL_NVIC_EnableIRQ  stm32f1xx_hal_cortex.o
    0x0800112e   0x0800112e   0x00000002   PAD
    0x08001130   0x08001130   0x00000040   Code   RO         1172    i.HAL_NVIC_SetPriority  stm32f1xx_hal_cortex.o
    0x08001170   0x08001170   0x00000024   Code   RO         1173    i.HAL_NVIC_SetPriorityGrouping  stm32f1xx_hal_cortex.o
    0x08001194   0x08001194   0x0000012c   Code   RO          866    i.HAL_RCC_ClockConfig  stm32f1xx_hal_rcc.o
    0x080012c0   0x080012c0   0x00000040   Code   RO          870    i.HAL_RCC_GetClockConfig  stm32f1xx_hal_rcc.o
    0x08001300   0x08001300   0x00000020   Code   RO          873    i.HAL_RCC_GetPCLK1Freq  stm32f1xx_hal_rcc.o
    0x08001320   0x08001320   0x00000020   Code   RO          874    i.HAL_RCC_GetPCLK2Freq  stm32f1xx_hal_rcc.o
    0x08001340   0x08001340   0x0000006c   Code   RO          875    i.HAL_RCC_GetSysClockFreq  stm32f1xx_hal_rcc.o
    0x080013ac   0x080013ac   0x00000320   Code   RO          878    i.HAL_RCC_OscConfig  stm32f1xx_hal_rcc.o
    0x080016cc   0x080016cc   0x00000002   Code   RO         2372    i.HAL_TIMEx_BreakCallback  stm32f1xx_hal_tim_ex.o
    0x080016ce   0x080016ce   0x00000002   Code   RO         2373    i.HAL_TIMEx_CommutCallback  stm32f1xx_hal_tim_ex.o
    0x080016d0   0x080016d0   0x0000005a   Code   RO         1668    i.HAL_TIM_Base_Init  stm32f1xx_hal_tim.o
    0x0800172a   0x0800172a   0x00000002   Code   RO         1670    i.HAL_TIM_Base_MspInit  stm32f1xx_hal_tim.o
    0x0800172c   0x0800172c   0x00000058   Code   RO         1673    i.HAL_TIM_Base_Start_IT  stm32f1xx_hal_tim.o
    0x08001784   0x08001784   0x00000002   Code   RO         1702    i.HAL_TIM_IC_CaptureCallback  stm32f1xx_hal_tim.o
    0x08001786   0x08001786   0x00000166   Code   RO         1716    i.HAL_TIM_IRQHandler  stm32f1xx_hal_tim.o
    0x080018ec   0x080018ec   0x00000002   Code   RO         1719    i.HAL_TIM_OC_DelayElapsedCallback  stm32f1xx_hal_tim.o
    0x080018ee   0x080018ee   0x00000002   Code   RO         1746    i.HAL_TIM_PWM_PulseFinishedCallback  stm32f1xx_hal_tim.o
    0x080018f0   0x080018f0   0x00000014   Code   RO           14    i.HAL_TIM_PeriodElapsedCallback  main.o
    0x08001904   0x08001904   0x00000002   Code   RO         1759    i.HAL_TIM_TriggerCallback  stm32f1xx_hal_tim.o
    0x08001906   0x08001906   0x00000062   Code   RO         2668    i.HAL_UART_Init     stm32f1xx_hal_uart.o
    0x08001968   0x08001968   0x000000ac   Code   RO          364    i.HAL_UART_MspInit  usart.o
    0x08001a14   0x08001a14   0x000000b2   Code   RO         2676    i.HAL_UART_Transmit  stm32f1xx_hal_uart.o
    0x08001ac6   0x08001ac6   0x00000002   Code   RO          519    i.HardFault_Handler  stm32f1xx_it.o
    0x08001ac8   0x08001ac8   0x00000048   Code   RO         5485    i.MQTTDeserialize_ack  mqttdeserializepublish.o
    0x08001b10   0x08001b10   0x0000005c   Code   RO         5398    i.MQTTDeserialize_connack  mqttconnectclient.o
    0x08001b6c   0x08001b6c   0x0000008c   Code   RO         5486    i.MQTTDeserialize_publish  mqttdeserializepublish.o
    0x08001bf8   0x08001bf8   0x0000007c   Code   RO         5711    i.MQTTDeserialize_suback  mqttsubscribeclient.o
    0x08001c74   0x08001c74   0x00000026   Code   RO         5753    i.MQTTDeserialize_unsuback  mqttunsubscribeclient.o
    0x08001c9a   0x08001c9a   0x00000036   Code   RO         5561    i.MQTTPacket_decode  mqttpacket.o
    0x08001cd0   0x08001cd0   0x00000014   Code   RO         5562    i.MQTTPacket_decodeBuf  mqttpacket.o
    0x08001ce4   0x08001ce4   0x0000002a   Code   RO         5563    i.MQTTPacket_encode  mqttpacket.o
    0x08001d0e   0x08001d0e   0x00000034   Code   RO         5564    i.MQTTPacket_equals  mqttpacket.o
    0x08001d42   0x08001d42   0x00000002   PAD
    0x08001d44   0x08001d44   0x00000028   Code   RO         5565    i.MQTTPacket_len    mqttpacket.o
    0x08001d6c   0x08001d6c   0x00000048   Code   RO         5669    i.MQTTSerialize_ack  mqttserializepublish.o
    0x08001db4   0x08001db4   0x00000118   Code   RO         5399    i.MQTTSerialize_connect  mqttconnectclient.o
    0x08001ecc   0x08001ecc   0x00000076   Code   RO         5400    i.MQTTSerialize_connectLength  mqttconnectclient.o
    0x08001f42   0x08001f42   0x00000006   Code   RO         5402    i.MQTTSerialize_pingreq  mqttconnectclient.o
    0x08001f48   0x08001f48   0x00000086   Code   RO         5672    i.MQTTSerialize_publish  mqttserializepublish.o
    0x08001fce   0x08001fce   0x0000001e   Code   RO         5673    i.MQTTSerialize_publishLength  mqttserializepublish.o
    0x08001fec   0x08001fec   0x0000008c   Code   RO         5712    i.MQTTSerialize_subscribe  mqttsubscribeclient.o
    0x08002078   0x08002078   0x0000002e   Code   RO         5713    i.MQTTSerialize_subscribeLength  mqttsubscribeclient.o
    0x080020a6   0x080020a6   0x00000032   Code   RO         5403    i.MQTTSerialize_zero  mqttconnectclient.o
    0x080020d8   0x080020d8   0x0000000e   Code   RO         5568    i.MQTTstrlen        mqttpacket.o
    0x080020e6   0x080020e6   0x00000002   PAD
    0x080020e8   0x080020e8   0x00000020   Code   RO          309    i.MX_FREERTOS_Init  freertos.o
    0x08002108   0x08002108   0x00000070   Code   RO          273    i.MX_GPIO_Init      gpio.o
    0x08002178   0x08002178   0x00000038   Code   RO          367    i.MX_USART1_UART_Init  usart.o
    0x080021b0   0x080021b0   0x00000038   Code   RO          368    i.MX_USART2_UART_Init  usart.o
    0x080021e8   0x080021e8   0x00000002   Code   RO          520    i.MemManage_Handler  stm32f1xx_it.o
    0x080021ea   0x080021ea   0x00000002   Code   RO          521    i.NMI_Handler       stm32f1xx_it.o
    0x080021ec   0x080021ec   0x00000074   Code   RO          369    i.Show_IP           usart.o
    0x08002260   0x08002260   0x00000138   Code   RO           15    i.StartMyTask       main.o
    0x08002398   0x08002398   0x0000002c   Code   RO         4568    i.SysTick_Handler   port.o
    0x080023c4   0x080023c4   0x0000005e   Code   RO           16    i.SystemClock_Config  main.o
    0x08002422   0x08002422   0x00000002   Code   RO         2997    i.SystemInit        system_stm32f1xx.o
    0x08002424   0x08002424   0x0000000c   Code   RO          522    i.TIM1_UP_IRQHandler  stm32f1xx_it.o
    0x08002430   0x08002430   0x0000006c   Code   RO         1761    i.TIM_Base_SetConfig  stm32f1xx_hal_tim.o
    0x0800249c   0x0800249c   0x000000b8   Code   RO         2694    i.UART_SetConfig    stm32f1xx_hal_uart.o
    0x08002554   0x08002554   0x00000064   Code   RO         2697    i.UART_WaitOnFlagUntilTimeout  stm32f1xx_hal_uart.o
    0x080025b8   0x080025b8   0x00000018   Code   RO          370    i.USART2_ClearBuf   usart.o
    0x080025d0   0x080025d0   0x0000001c   Code   RO          523    i.USART2_IRQHandler  stm32f1xx_it.o
    0x080025ec   0x080025ec   0x00000018   Code   RO          371    i.USART2_Receive    usart.o
    0x08002604   0x08002604   0x00000010   Code   RO          372    i.USART2_Transmit   usart.o
    0x08002614   0x08002614   0x00000002   Code   RO          524    i.UsageFault_Handler  stm32f1xx_it.o
    0x08002616   0x08002616   0x00000020   Code   RO         1179    i.__NVIC_SetPriority  stm32f1xx_hal_cortex.o
    0x08002636   0x08002636   0x0000000e   Code   RO         5852    i._is_digit         c_w.l(__printf_wp.o)
    0x08002644   0x08002644   0x0000000a   Code   RO         5310    i._mqtt_list_add    mqtt_list.o
    0x0800264e   0x0800264e   0x00000002   Code   RO          374    i._sys_exit         usart.o
    0x08002650   0x08002650   0x00000024   Code   RO         5569    i.bufchar           mqttpacket.o
    0x08002674   0x08002674   0x00000084   Code   RO         4644    i.default_msg_handler  mqttclient.o
    0x080026f8   0x080026f8   0x0000000e   Code   RO         5367    i.do_random         random.o
    0x08002706   0x08002706   0x00000002   PAD
    0x08002708   0x08002708   0x00000018   Code   RO          376    i.fputc             usart.o
    0x08002720   0x08002720   0x00000046   Code   RO           17    i.main              main.o
    0x08002766   0x08002766   0x00000016   Code   RO         4645    i.mqtt_ack_handler_destroy  mqttclient.o
    0x0800277c   0x0800277c   0x000000a0   Code   RO         4646    i.mqtt_ack_handler_resend  mqttclient.o
    0x0800281c   0x0800281c   0x000000ae   Code   RO         4647    i.mqtt_ack_list_record  mqttclient.o
    0x080028ca   0x080028ca   0x0000005e   Code   RO         4648    i.mqtt_ack_list_scan  mqttclient.o
    0x08002928   0x08002928   0x00000062   Code   RO         4649    i.mqtt_ack_list_unrecord  mqttclient.o
    0x0800298a   0x0800298a   0x00000002   PAD
    0x0800298c   0x0800298c   0x000000a4   Code   RO         4650    i.mqtt_clean_session  mqttclient.o
    0x08002a30   0x08002a30   0x00000004   Code   RO         4651    i.mqtt_connect      mqttclient.o
    0x08002a34   0x08002a34   0x0000033c   Code   RO         4652    i.mqtt_connect_with_results  mqttclient.o
    0x08002d70   0x08002d70   0x00000060   Code   RO         4653    i.mqtt_deliver_message  mqttclient.o
    0x08002dd0   0x08002dd0   0x0000008e   Code   RO         4655    i.mqtt_get_msg_handler  mqttclient.o
    0x08002e5e   0x08002e5e   0x00000028   Code   RO         4656    i.mqtt_get_next_packet_id  mqttclient.o
    0x08002e86   0x08002e86   0x00000002   PAD
    0x08002e88   0x08002e88   0x000000f8   Code   RO         4657    i.mqtt_init         mqttclient.o
    0x08002f80   0x08002f80   0x0000001c   Code   RO         4658    i.mqtt_is_connected  mqttclient.o
    0x08002f9c   0x08002f9c   0x000000c8   Code   RO         4659    i.mqtt_keep_alive   mqttclient.o
    0x08003064   0x08003064   0x00000022   Code   RO         4660    i.mqtt_lease        mqttclient.o
    0x08003086   0x08003086   0x0000000a   Code   RO         5312    i.mqtt_list_add_tail  mqtt_list.o
    0x08003090   0x08003090   0x00000008   Code   RO         5313    i.mqtt_list_del     mqtt_list.o
    0x08003098   0x08003098   0x0000000e   Code   RO         5314    i.mqtt_list_del_init  mqtt_list.o
    0x080030a6   0x080030a6   0x00000006   Code   RO         5315    i.mqtt_list_init    mqtt_list.o
    0x080030ac   0x080030ac   0x0000000e   Code   RO         5316    i.mqtt_list_is_empty  mqtt_list.o
    0x080030ba   0x080030ba   0x00000028   Code   RO         4662    i.mqtt_msg_handler_create  mqttclient.o
    0x080030e2   0x080030e2   0x00000016   Code   RO         4663    i.mqtt_msg_handler_destory  mqttclient.o
    0x080030f8   0x080030f8   0x00000080   Code   RO         4664    i.mqtt_msg_handler_is_exist  mqttclient.o
    0x08003178   0x08003178   0x0000001e   Code   RO         4665    i.mqtt_new_message_data  mqttclient.o
    0x08003196   0x08003196   0x000000e0   Code   RO         4666    i.mqtt_packet_handle  mqttclient.o
    0x08003276   0x08003276   0x00000002   PAD
    0x08003278   0x08003278   0x00000190   Code   RO         4667    i.mqtt_publish      mqttclient.o
    0x08003408   0x08003408   0x00000088   Code   RO         4668    i.mqtt_publish_ack_packet  mqttclient.o
    0x08003490   0x08003490   0x000000e2   Code   RO         4669    i.mqtt_publish_packet_handle  mqttclient.o
    0x08003572   0x08003572   0x00000002   PAD
    0x08003574   0x08003574   0x00000134   Code   RO         4670    i.mqtt_read_packet  mqttclient.o
    0x080036a8   0x080036a8   0x00000064   Code   RO         4672    i.mqtt_send_packet  mqttclient.o
    0x0800370c   0x0800370c   0x0000007c   Code   RO         4674    i.mqtt_set_clean_session  mqttclient.o
    0x08003788   0x08003788   0x00000074   Code   RO         4675    i.mqtt_set_client_id  mqttclient.o
    0x080037fc   0x080037fc   0x0000001c   Code   RO         4676    i.mqtt_set_client_state  mqttclient.o
    0x08003818   0x08003818   0x00000074   Code   RO         4678    i.mqtt_set_host     mqttclient.o
    0x0800388c   0x0800388c   0x00000074   Code   RO         4681    i.mqtt_set_password  mqttclient.o
    0x08003900   0x08003900   0x00000074   Code   RO         4682    i.mqtt_set_port     mqttclient.o
    0x08003974   0x08003974   0x00000074   Code   RO         4687    i.mqtt_set_user_name  mqttclient.o
    0x080039e8   0x080039e8   0x000000c0   Code   RO         4693    i.mqtt_suback_packet_handle  mqttclient.o
    0x08003aa8   0x08003aa8   0x000000a0   Code   RO         4694    i.mqtt_subscribe    mqttclient.o
    0x08003b48   0x08003b48   0x000000ac   Code   RO         4695    i.mqtt_try_do_reconnect  mqttclient.o
    0x08003bf4   0x08003bf4   0x00000134   Code   RO         4696    i.mqtt_try_resubscribe  mqttclient.o
    0x08003d28   0x08003d28   0x00000108   Code   RO         4698    i.mqtt_yield        mqttclient.o
    0x08003e30   0x08003e30   0x00000138   Code   RO         4699    i.mqtt_yield_thread  mqttclient.o
    0x08003f68   0x08003f68   0x00000018   Code   RO         5018    i.nettype_tcp_connect  nettype_tcp.o
    0x08003f80   0x08003f80   0x00000014   Code   RO         5019    i.nettype_tcp_disconnect  nettype_tcp.o
    0x08003f94   0x08003f94   0x00000006   Code   RO         5020    i.nettype_tcp_read  nettype_tcp.o
    0x08003f9a   0x08003f9a   0x00000006   Code   RO         5021    i.nettype_tcp_write  nettype_tcp.o
    0x08003fa0   0x08003fa0   0x00000004   Code   RO         5054    i.network_connect   network.o
    0x08003fa4   0x08003fa4   0x00000004   Code   RO         5055    i.network_disconnect  network.o
    0x08003fa8   0x08003fa8   0x00000014   Code   RO         5056    i.network_init      network.o
    0x08003fbc   0x08003fbc   0x00000004   Code   RO         5057    i.network_read      network.o
    0x08003fc0   0x08003fc0   0x00000004   Code   RO         5062    i.network_write     network.o
    0x08003fc4   0x08003fc4   0x00000034   Code   RO         4100    i.osDelay           cmsis_os2.o
    0x08003ff8   0x08003ff8   0x00000038   Code   RO         4114    i.osKernelInitialize  cmsis_os2.o
    0x08004030   0x08004030   0x00000040   Code   RO         4117    i.osKernelStart     cmsis_os2.o
    0x08004070   0x08004070   0x000000a8   Code   RO         4151    i.osThreadNew       cmsis_os2.o
    0x08004118   0x08004118   0x00000040   Code   RO         5114    i.platform_memory_alloc  platform_memory.o
    0x08004158   0x08004158   0x00000004   Code   RO         5116    i.platform_memory_free  platform_memory.o
    0x0800415c   0x0800415c   0x00000010   Code   RO         5143    i.platform_mutex_init  platform_mutex.o
    0x0800416c   0x0800416c   0x0000000a   Code   RO         5144    i.platform_mutex_lock  platform_mutex.o
    0x08004176   0x08004176   0x0000000c   Code   RO         5146    i.platform_mutex_unlock  platform_mutex.o
    0x08004182   0x08004182   0x00000002   PAD
    0x08004184   0x08004184   0x00000024   Code   RO         5181    i.platform_net_socket_close  platform_net_socket.o
    0x080041a8   0x080041a8   0x000000f8   Code   RO         5182    i.platform_net_socket_connect  platform_net_socket.o
    0x080042a0   0x080042a0   0x00000032   Code   RO         5184    i.platform_net_socket_recv_timeout  platform_net_socket.o
    0x080042d2   0x080042d2   0x00000002   PAD
    0x080042d4   0x080042d4   0x00000070   Code   RO         5186    i.platform_net_socket_write_timeout  platform_net_socket.o
    0x08004344   0x08004344   0x00000016   Code   RO         5232    i.platform_thread_destroy  platform_thread.o
    0x0800435a   0x0800435a   0x00000038   Code   RO         5233    i.platform_thread_init  platform_thread.o
    0x08004392   0x08004392   0x00000006   Code   RO         5234    i.platform_thread_start  platform_thread.o
    0x08004398   0x08004398   0x00000002   Code   RO         5235    i.platform_thread_startup  platform_thread.o
    0x0800439a   0x0800439a   0x00000006   Code   RO         5236    i.platform_thread_stop  platform_thread.o
    0x080043a0   0x080043a0   0x00000010   Code   RO         5268    i.platform_timer_cutdown  platform_timer.o
    0x080043b0   0x080043b0   0x00000006   Code   RO         5269    i.platform_timer_init  platform_timer.o
    0x080043b6   0x080043b6   0x00000016   Code   RO         5270    i.platform_timer_is_expired  platform_timer.o
    0x080043cc   0x080043cc   0x00000004   Code   RO         5271    i.platform_timer_now  platform_timer.o
    0x080043d0   0x080043d0   0x00000016   Code   RO         5272    i.platform_timer_remain  platform_timer.o
    0x080043e6   0x080043e6   0x00000002   PAD
    0x080043e8   0x080043e8   0x0000005c   Code   RO         3596    i.prvAddCurrentTaskToDelayedList  tasks.o
    0x08004444   0x08004444   0x000000d0   Code   RO         3597    i.prvAddNewTaskToReadyList  tasks.o
    0x08004514   0x08004514   0x00000058   Code   RO         3946    i.prvCheckForValidListAndQueue  timers.o
    0x0800456c   0x0800456c   0x00000026   Code   RO         3202    i.prvCopyDataFromQueue  queue.o
    0x08004592   0x08004592   0x0000006c   Code   RO         3203    i.prvCopyDataToQueue  queue.o
    0x080045fe   0x080045fe   0x00000034   Code   RO         3598    i.prvDeleteTCB      tasks.o
    0x08004632   0x08004632   0x00000002   PAD
    0x08004634   0x08004634   0x0000004c   Code   RO         4518    i.prvHeapInit       heap_4.o
    0x08004680   0x08004680   0x00000060   Code   RO         3599    i.prvIdleTask       tasks.o
    0x080046e0   0x080046e0   0x00000016   Code   RO         3204    i.prvInitialiseMutex  queue.o
    0x080046f6   0x080046f6   0x00000002   PAD
    0x080046f8   0x080046f8   0x00000022   Code   RO         3205    i.prvInitialiseNewQueue  queue.o
    0x0800471a   0x0800471a   0x0000009c   Code   RO         3600    i.prvInitialiseNewTask  tasks.o
    0x080047b6   0x080047b6   0x00000002   PAD
    0x080047b8   0x080047b8   0x0000004c   Code   RO         4519    i.prvInsertBlockIntoFreeList  heap_4.o
    0x08004804   0x08004804   0x00000038   Code   RO         3948    i.prvInsertTimerInActiveList  timers.o
    0x0800483c   0x0800483c   0x0000001c   Code   RO         3206    i.prvIsQueueEmpty   queue.o
    0x08004858   0x08004858   0x000000cc   Code   RO         3949    i.prvProcessReceivedCommands  timers.o
    0x08004924   0x08004924   0x000000b4   Code   RO         3950    i.prvProcessTimerOrBlockTask  timers.o
    0x080049d8   0x080049d8   0x00000020   Code   RO         3602    i.prvResetNextTaskUnblockTime  tasks.o
    0x080049f8   0x080049f8   0x00000028   Code   RO         3951    i.prvSampleTimeNow  timers.o
    0x08004a20   0x08004a20   0x0000006c   Code   RO         3952    i.prvSwitchTimerLists  timers.o
    0x08004a8c   0x08004a8c   0x00000028   Code   RO         4569    i.prvTaskExitError  port.o
    0x08004ab4   0x08004ab4   0x00000034   Code   RO         3604    i.prvTaskIsTaskSuspended  tasks.o
    0x08004ae8   0x08004ae8   0x00000024   Code   RO         3953    i.prvTimerTask      timers.o
    0x08004b0c   0x08004b0c   0x0000006a   Code   RO         3207    i.prvUnlockQueue    queue.o
    0x08004b76   0x08004b76   0x00000002   PAD
    0x08004b78   0x08004b78   0x000000d8   Code   RO         4520    i.pvPortMalloc      heap_4.o
    0x08004c50   0x08004c50   0x00000018   Code   RO         3605    i.pvTaskIncrementMutexHeldCount  tasks.o
    0x08004c68   0x08004c68   0x00000024   Code   RO         4570    i.pxPortInitialiseStack  port.o
    0x08004c8c   0x08004c8c   0x00000030   Code   RO         5368    i.random_number     random.o
    0x08004cbc   0x08004cbc   0x000000b8   Code   RO         5370    i.random_string     random.o
    0x08004d74   0x08004d74   0x0000000c   Code   RO         5571    i.readChar          mqttpacket.o
    0x08004d80   0x08004d80   0x00000012   Code   RO         5572    i.readInt           mqttpacket.o
    0x08004d92   0x08004d92   0x00000034   Code   RO         5573    i.readMQTTLenString  mqttpacket.o
    0x08004dc6   0x08004dc6   0x00000002   PAD
    0x08004dc8   0x08004dc8   0x000000f8   Code   RO           18    i.smarthome_msg_handler  main.o
    0x08004ec0   0x08004ec0   0x00000026   Code   RO         3162    i.uxListRemove      list.o
    0x08004ee6   0x08004ee6   0x00000002   PAD
    0x08004ee8   0x08004ee8   0x00000018   Code   RO         4163    i.vApplicationGetIdleTaskMemory  cmsis_os2.o
    0x08004f00   0x08004f00   0x00000018   Code   RO         4164    i.vApplicationGetTimerTaskMemory  cmsis_os2.o
    0x08004f18   0x08004f18   0x00000016   Code   RO         3163    i.vListInitialise   list.o
    0x08004f2e   0x08004f2e   0x00000006   Code   RO         3164    i.vListInitialiseItem  list.o
    0x08004f34   0x08004f34   0x00000030   Code   RO         3165    i.vListInsert       list.o
    0x08004f64   0x08004f64   0x00000018   Code   RO         3166    i.vListInsertEnd    list.o
    0x08004f7c   0x08004f7c   0x00000040   Code   RO         4572    i.vPortEnterCritical  port.o
    0x08004fbc   0x08004fbc   0x00000028   Code   RO         4573    i.vPortExitCritical  port.o
    0x08004fe4   0x08004fe4   0x0000005c   Code   RO         4521    i.vPortFree         heap_4.o
    0x08005040   0x08005040   0x00000024   Code   RO         4574    i.vPortSetupTimerInterrupt  port.o
    0x08005064   0x08005064   0x00000054   Code   RO         4575    i.vPortValidateInterruptPriority  port.o
    0x080050b8   0x080050b8   0x00000028   Code   RO         3213    i.vQueueAddToRegistry  queue.o
    0x080050e0   0x080050e0   0x00000044   Code   RO         3217    i.vQueueWaitForMessageRestricted  queue.o
    0x08005124   0x08005124   0x0000004c   Code   RO         3614    i.vTaskDelay        tasks.o
    0x08005170   0x08005170   0x00000090   Code   RO         3616    i.vTaskDelete       tasks.o
    0x08005200   0x08005200   0x00000010   Code   RO         3619    i.vTaskInternalSetTimeOutState  tasks.o
    0x08005210   0x08005210   0x0000000c   Code   RO         3620    i.vTaskMissedYield  tasks.o
    0x0800521c   0x0800521c   0x00000030   Code   RO         3622    i.vTaskPlaceOnEventList  tasks.o
    0x0800524c   0x0800524c   0x00000038   Code   RO         3623    i.vTaskPlaceOnEventListRestricted  tasks.o
    0x08005284   0x08005284   0x00000090   Code   RO         3625    i.vTaskPriorityDisinheritAfterTimeout  tasks.o
    0x08005314   0x08005314   0x0000007c   Code   RO         3628    i.vTaskResume       tasks.o
    0x08005390   0x08005390   0x00000088   Code   RO         3631    i.vTaskStartScheduler  tasks.o
    0x08005418   0x08005418   0x0000009c   Code   RO         3632    i.vTaskSuspend      tasks.o
    0x080054b4   0x080054b4   0x00000010   Code   RO         3633    i.vTaskSuspendAll   tasks.o
    0x080054c4   0x080054c4   0x00000064   Code   RO         3634    i.vTaskSwitchContext  tasks.o
    0x08005528   0x08005528   0x00000028   Code   RO         5574    i.writeCString      mqttpacket.o
    0x08005550   0x08005550   0x0000000c   Code   RO         5575    i.writeChar         mqttpacket.o
    0x0800555c   0x0800555c   0x0000001e   Code   RO         5576    i.writeInt          mqttpacket.o
    0x0800557a   0x0800557a   0x00000036   Code   RO         5577    i.writeMQTTString   mqttpacket.o
    0x080055b0   0x080055b0   0x000000a8   Code   RO         4576    i.xPortStartScheduler  port.o
    0x08005658   0x08005658   0x00000016   Code   RO         3220    i.xQueueCreateMutex  queue.o
    0x0800566e   0x0800566e   0x00000048   Code   RO         3222    i.xQueueGenericCreate  queue.o
    0x080056b6   0x080056b6   0x00000066   Code   RO         3223    i.xQueueGenericCreateStatic  queue.o
    0x0800571c   0x0800571c   0x00000088   Code   RO         3224    i.xQueueGenericReset  queue.o
    0x080057a4   0x080057a4   0x00000160   Code   RO         3225    i.xQueueGenericSend  queue.o
    0x08005904   0x08005904   0x000000bc   Code   RO         3226    i.xQueueGenericSendFromISR  queue.o
    0x080059c0   0x080059c0   0x00000138   Code   RO         3235    i.xQueueReceive     queue.o
    0x08005af8   0x08005af8   0x00000178   Code   RO         3237    i.xQueueSemaphoreTake  queue.o
    0x08005c70   0x08005c70   0x00000074   Code   RO         3635    i.xTaskCheckForTimeOut  tasks.o
    0x08005ce4   0x08005ce4   0x0000005a   Code   RO         3636    i.xTaskCreate       tasks.o
    0x08005d3e   0x08005d3e   0x00000056   Code   RO         3637    i.xTaskCreateStatic  tasks.o
    0x08005d94   0x08005d94   0x0000001c   Code   RO         3641    i.xTaskGetSchedulerState  tasks.o
    0x08005db0   0x08005db0   0x0000000c   Code   RO         3642    i.xTaskGetTickCount  tasks.o
    0x08005dbc   0x08005dbc   0x000000c8   Code   RO         3644    i.xTaskIncrementTick  tasks.o
    0x08005e84   0x08005e84   0x00000080   Code   RO         3647    i.xTaskPriorityDisinherit  tasks.o
    0x08005f04   0x08005f04   0x00000078   Code   RO         3648    i.xTaskPriorityInherit  tasks.o
    0x08005f7c   0x08005f7c   0x00000070   Code   RO         3649    i.xTaskRemoveFromEventList  tasks.o
    0x08005fec   0x08005fec   0x000000c4   Code   RO         3650    i.xTaskResumeAll    tasks.o
    0x080060b0   0x080060b0   0x00000060   Code   RO         3960    i.xTimerCreateTimerTask  timers.o
    0x08006110   0x08006110   0x00000068   Code   RO         3961    i.xTimerGenericCommand  timers.o
    0x08006178   0x08006178   0x00000028   Data   RO           19    .constdata          main.o
    0x080061a0   0x080061a0   0x00000024   Data   RO          312    .constdata          freertos.o
    0x080061c4   0x080061c4   0x00000010   Data   RO         2998    .constdata          system_stm32f1xx.o
    0x080061d4   0x080061d4   0x00000008   Data   RO         2999    .constdata          system_stm32f1xx.o
    0x080061dc   0x080061dc   0x000002e4   Data   RO         4700    .constdata          mqttclient.o
    0x080064c0   0x080064c0   0x00000028   Data   RO         5825    .constdata          c_w.l(_printf_hex_int.o)
    0x080064e8   0x080064e8   0x00000011   Data   RO         5855    .constdata          c_w.l(__printf_flags_wp.o)
    0x080064f9   0x080064f9   0x00000003   PAD
    0x080064fc   0x080064fc   0x00000007   Data   RO          314    .conststring        freertos.o
    0x08006503   0x08006503   0x00000001   PAD
    0x08006504   0x08006504   0x00000046   Data   RO         4701    .conststring        mqttclient.o
    0x0800654a   0x0800654a   0x00000002   PAD
    0x0800654c   0x0800654c   0x00000020   Data   RO         6070    Region$$Table       anon$$obj.o


    Execution Region RW_IRAM1 (Exec base: 0x20000000, Load base: 0x0800656c, Size: 0x00004c70, Max: 0x00005000, ABSOLUTE)

    Exec Addr    Load Addr    Size         Type   Attr      Idx    E Section Name        Object

    0x20000000   0x0800656c   0x00000004   Data   RW           20    .data               main.o
    0x20000004   0x08006570   0x00000001   Data   RW          274    .data               gpio.o
    0x20000005   0x08006571   0x00000003   PAD
    0x20000008   0x08006574   0x00000004   Data   RW          316    .data               freertos.o
    0x2000000c   0x08006578   0x0000001c   Data   RW          379    .data               usart.o
    0x20000028   0x08006594   0x00000004   Data   RW          380    .data               usart.o
    0x2000002c   0x08006598   0x0000000c   Data   RW          716    .data               stm32f1xx_hal.o
    0x20000038   0x080065a4   0x00000004   Data   RW         3000    .data               system_stm32f1xx.o
    0x2000003c   0x080065a8   0x0000003c   Data   RW         3653    .data               tasks.o
    0x20000078   0x080065e4   0x00000014   Data   RW         3969    .data               timers.o
    0x2000008c   0x080065f8   0x00000004   Data   RW         4166    .data               cmsis_os2.o
    0x20000090   0x080065fc   0x00000018   Data   RW         4526    .data               heap_4.o
    0x200000a8   0x08006614   0x0000000c   Data   RW         4577    .data               port.o
    0x200000b4   0x08006620   0x00000004   Data   RW         4702    .data               mqttclient.o
    0x200000b8   0x08006624   0x00000004   Data   RW         5371    .data               random.o
    0x200000bc   0x08006628   0x00000004   Data   RW         5578    .data               mqttpacket.o
    0x200000c0        -       0x00000550   Zero   RW          377    .bss                usart.o
    0x20000610        -       0x00000048   Zero   RW          619    .bss                stm32f1xx_hal_timebase_tim.o
    0x20000658        -       0x00000040   Zero   RW         3239    .bss                queue.o
    0x20000698        -       0x000004c4   Zero   RW         3652    .bss                tasks.o
    0x20000b5c        -       0x00000118   Zero   RW         3968    .bss                timers.o
    0x20000c74        -       0x00000cb8   Zero   RW         4165    .bss                cmsis_os2.o
    0x2000192c        -       0x00002c00   Zero   RW         4525    .bss                heap_4.o
    0x2000452c        -       0x000000e4   Zero   RW         5871    .bss                c_w.l(rand.o)
    0x20004610        -       0x00000060   Zero   RW         6003    .bss                c_w.l(libspace.o)
    0x20004670        -       0x00000200   Zero   RW            2    HEAP                startup_stm32f103xb.o
    0x20004870        -       0x00000400   Zero   RW            1    STACK               startup_stm32f103xb.o


==============================================================================

Image component sizes


      Code (inc. data)   RO Data    RW Data    ZI Data      Debug   Object Name

       388         36          0          4       3256      14362   cmsis_os2.o
         0          0          0          0          0      20180   event_groups.o
        32         14         43          4          0       1321   freertos.o
       128         18          0          1          0       1564   gpio.o
       460         24          0         24      11264       4683   heap_4.o
       138          0          0          0          0       3410   list.o
       748        256         40          4          0     457875   main.o
        62          0          0          0          0       3700   mqtt_list.o
      6218       1840        810          4          0      47758   mqttclient.o
       546         18          0          0          0       7053   mqttconnectclient.o
       212          0          0          0          0       2364   mqttdeserializepublish.o
       476         22          0          4          0       9612   mqttpacket.o
       236          0          0          0          0       3210   mqttserializepublish.o
       310          0          0          0          0       3383   mqttsubscribeclient.o
        38          0          0          0          0        755   mqttunsubscribeclient.o
        56          0          0          0          0       2770   nettype_tcp.o
        36          0          0          0          0       3325   network.o
        68         34          0          0          0       1179   platform_memory.o
        38          0          0          0          0       2056   platform_mutex.o
       446        178          0          0          0       3157   platform_net_socket.o
        92          0          0          0          0       3482   platform_thread.o
        70          0          0          0          0       3660   platform_timer.o
       662         70          0         12          0      10841   port.o
      2004         24          0          0         64      18384   queue.o
       246         10          0          4          0       2624   random.o
        64         26        236          0       1536        808   startup_stm32f103xb.o
       100         18          0         12          0       5262   stm32f1xx_hal.o
       158         14          0          0          0      28198   stm32f1xx_hal_cortex.o
       530         40          0          0          0       4104   stm32f1xx_hal_gpio.o
        72         10          0          0          0        874   stm32f1xx_hal_msp.o
      1336        110          0          0          0       5841   stm32f1xx_hal_rcc.o
       654         26          0          0          0       7052   stm32f1xx_hal_tim.o
         4          0          0          0          0       1561   stm32f1xx_hal_tim_ex.o
       116         18          0          0         72       1427   stm32f1xx_hal_timebase_tim.o
       560          6          0          0          0       3956   stm32f1xx_hal_uart.o
        58         12          0          0          0       3961   stm32f1xx_it.o
         0          0          0          0          0       8888   stream_buffer.o
         2          0         24          4          0       1127   system_stm32f1xx.o
      2828        238          0         60       1220      29116   tasks.o
       912         82          0         20        280      26031   timers.o
      1406        258          0         32       1360      12722   usart.o

    ----------------------------------------------------------------------
     22550       3402       1188        192      19052     773636   Object Totals
         0          0         32          0          0          0   (incl. Generated)
        40          0          3          3          0          0   (incl. Padding)

    ----------------------------------------------------------------------

      Code (inc. data)   RO Data    RW Data    ZI Data      Debug   Library Member Name

        24          4          0          0          0         84   __2printf.o
        44          6          0          0          0         84   __2sprintf.o
         8          0          0          0          0         68   __main.o
       312          4         17          0          0         92   __printf_flags_wp.o
        14          0          0          0          0         68   __printf_wp.o
         0          0          0          0          0          0   __rtentry.o
        12          0          0          0          0          0   __rtentry2.o
         6          0          0          0          0          0   __rtentry4.o
        52          8          0          0          0          0   __scatter.o
        26          0          0          0          0          0   __scatter_copy.o
        28          0          0          0          0          0   __scatter_zi.o
        44          0          0          0          0        108   _printf_char.o
        48          6          0          0          0         96   _printf_char_common.o
        36          4          0          0          0         80   _printf_char_file.o
         6          0          0          0          0          0   _printf_d.o
       120         16          0          0          0         92   _printf_dec.o
        88          4         40          0          0         88   _printf_hex_int.o
       178          0          0          0          0         88   _printf_intcommon.o
        78          0          0          0          0        108   _printf_pad.o
         0          0          0          0          0          0   _printf_percent.o
         4          0          0          0          0          0   _printf_percent_end.o
         6          0          0          0          0          0   _printf_s.o
        82          0          0          0          0         80   _printf_str.o
         6          0          0          0          0          0   _printf_x.o
        10          0          0          0          0         68   _sputc.o
        16          0          0          0          0         68   aeabi_memset.o
        18          0          0          0          0         80   exit.o
         8          0          0          0          0         68   ferror.o
         6          0          0          0          0        152   heapauxi.o
         2          0          0          0          0          0   libinit.o
         6          0          0          0          0          0   libinit2.o
         2          0          0          0          0          0   libshutdown.o
         2          0          0          0          0          0   libshutdown2.o
         8          4          0          0         96         68   libspace.o
       112         18          0          0        228        160   rand.o
        68          0          0          0          0         68   rt_memclr.o
        78          0          0          0          0         80   rt_memclr_w.o
       138          0          0          0          0         68   rt_memcpy_v6.o
       100          0          0          0          0         80   rt_memcpy_w.o
         2          0          0          0          0          0   rtexit.o
        10          0          0          0          0          0   rtexit2.o
        24          0          0          0          0         68   strcat.o
        62          0          0          0          0         76   strlen.o
       150          0          0          0          0         80   strncmp.o
        36          0          0          0          0         80   strstr.o
        74          0          0          0          0         80   sys_stackheap_outer.o
         2          0          0          0          0         68   use_no_semi.o
         2          0          0          0          0         68   use_no_semi_2.o

    ----------------------------------------------------------------------
      2166         74         60          0        324       2616   Library Totals
         8          0          3          0          0          0   (incl. Padding)

    ----------------------------------------------------------------------

      Code (inc. data)   RO Data    RW Data    ZI Data      Debug   Library Name

      2158         74         57          0        324       2616   c_w.l

    ----------------------------------------------------------------------
      2166         74         60          0        324       2616   Library Totals

    ----------------------------------------------------------------------

==============================================================================


      Code (inc. data)   RO Data    RW Data    ZI Data      Debug   

     24716       3476       1248        192      19376     761896   Grand Totals
     24716       3476       1248        192      19376     761896   ELF Image Totals
     24716       3476       1248        192          0          0   ROM Totals

==============================================================================

    Total RO  Size (Code + RO Data)                25964 (  25.36kB)
    Total RW  Size (RW Data + ZI Data)             19568 (  19.11kB)
    Total ROM Size (Code + RO Data + RW Data)      26156 (  25.54kB)

==============================================================================

