<html>
<body>
<pre>
<h1>µVision Build Log</h1>
<h2>Tool Versions:</h2>
IDE-Version: ¦ÌVision V5.24.2.0
Copyright (C) 2017 ARM Ltd and ARM Germany GmbH. All rights reserved.
License Information: 1 Lenovo, 1, LIC=76F5U-SF7SP-63YMB-2LM6M-MS34E-CZYH9
 
Tool Versions:
Toolchain:       MDK-ARM Plus  Version: 5.24.1
Toolchain Path:  D:\keil5\ARM\ARMCC\Bin
C Compiler:      Armcc.exe V5.06 update 5 (build 528)
Assembler:       Armasm.exe V5.06 update 5 (build 528)
Linker/Locator:  ArmLink.exe V5.06 update 5 (build 528)
Library Manager: ArmAr.exe V5.06 update 5 (build 528)
Hex Converter:   FromElf.exe V5.06 update 5 (build 528)
CPU DLL:         SARMCM3.DLL V5.24.1
Dialog DLL:      DCM.DLL V1.16.0.0
Target DLL:      STLink\ST-LINKIII-KEIL_SWO.dll V3.0.1.0
Dialog DLL:      TCM.DLL V1.32.0.0
 
<h2>Project:</h2>
C:\Users\Lenovo\Desktop\laptop_demo\mqtt\01_FreeRTOS_Template\MDK-ARM\F103_Moduel.uvprojx
Project File Date:  09/20/2023

<h2>Output:</h2>
*** Using Compiler 'V5.06 update 5 (build 528)', folder: 'D:\keil5\ARM\ARMCC\Bin'
Rebuild target 'F103_Moduel'
assembling startup_stm32f103xe.s...
compiling gpio.c...
compiling stm32f1xx_hal_gpio_ex.c...
compiling stm32f1xx_it.c...
compiling stm32f1xx_hal_timebase_tim.c...
compiling stm32f1xx_hal_msp.c...
compiling freertos.c...
compiling main.c...
compiling stm32f1xx_hal.c...
compiling stm32f1xx_hal_gpio.c...
compiling stm32f1xx_hal_rcc_ex.c...
compiling stm32f1xx_hal_rcc.c...
compiling stm32f1xx_hal_dma.c...
compiling stm32f1xx_hal_pwr.c...
compiling stm32f1xx_hal_cortex.c...
compiling stm32f1xx_hal_flash_ex.c...
compiling stm32f1xx_hal_exti.c...
compiling stm32f1xx_hal_flash.c...
compiling system_stm32f1xx.c...
compiling stm32f1xx_hal_tim_ex.c...
compiling stm32f1xx_hal_tim.c...
compiling croutine.c...
compiling stm32f1xx_hal_uart.c...
compiling event_groups.c...
compiling list.c...
compiling queue.c...
compiling stream_buffer.c...
compiling tasks.c...
compiling timers.c...
compiling heap_4.c...
compiling cmsis_os2.c...
compiling mqtt_list.c...
compiling port.c...
compiling random.c...
compiling MQTTConnectClient.c...
compiling MQTTConnectServer.c...
compiling usart.c...
compiling MQTTDeserializePublish.c...
compiling MQTTFormat.c...
compiling MQTTPacket.c...
compiling driver_usart.c...
compiling ring_buffer.c...
compiling driver_key.c...
compiling MQTTSerializePublish.c...
compiling MQTTSubscribeServer.c...
compiling MQTTSubscribeClient.c...
compiling MQTTUnsubscribeClient.c...
compiling MQTTUnsubscribeServer.c...
compiling nettype_tcp.c...
compiling platform_mutex.c...
compiling network.c...
compiling platform_memory.c...
compiling platform_thread.c...
compiling mqttclient.c...
..\MQTTClient\mqttclient\mqttclient.c(1076): warning:  #68-D: integer conversion resulted in a change of sign
          
ETURN_ERROR(MQTT_MEM_NOT_ENOUGH_ERROR);
..\MQTTClient\mqttclient\mqttclient.c(1098): warning:  #68-D: integer conversion resulted in a change of sign
          
ETURN_ERROR(MQTT_MEM_NOT_ENOUGH_ERROR);
..\MQTTClient\mqttclient\mqttclient.c: 2 warnings, 0 errors
compiling platform_net_socket.c...
compiling platform_timer.c...
compiling at_uart_hal.c...
compiling stm32_uart3.c...
compiling at_command.c...
linking...
Program Size: Code=31304 RO-data=1396 RW-data=188 ZI-data=15908  
FromELF: creating hex file...
"F103_Moduel\F103_Moduel.axf" - 0 Error(s), 2 Warning(s).

<h2>Software Packages used:</h2>

Package Vendor: ARM
                http://www.keil.com/pack/ARM.CMSIS.5.0.1.pack
                ARM.CMSIS.5.0.1
                CMSIS (Cortex Microcontroller Software Interface Standard)
   * Component: CORE Version: 5.0.1

Package Vendor: Keil
                http://www.keil.com/pack/Keil.STM32F1xx_DFP.2.2.0.pack
                Keil.STM32F1xx_DFP.2.2.0
                STMicroelectronics STM32F1 Series Device Support, Drivers and Examples

<h2>Collection of Component include folders:</h2>
  .\RTE\_F103_Moduel
  D:\keil5\ARM\PACK\ARM\CMSIS\5.0.1\CMSIS\Include
  D:\keil5\ARM\PACK\Keil\STM32F1xx_DFP\2.2.0\Device\Include

<h2>Collection of Component Files used:</h2>

   * Component: ARM::CMSIS:CORE:5.0.1
Build Time Elapsed:  00:00:48
</pre>
</body>
</html>
