Component: ARM Compiler 5.06 update 5 (build 528) Tool: armlink [4d35e2]

==============================================================================

Section Cross References

    startup_stm32f103xe.o(RESET) refers to startup_stm32f103xe.o(STACK) for __initial_sp
    startup_stm32f103xe.o(RESET) refers to startup_stm32f103xe.o(.text) for Reset_Handler
    startup_stm32f103xe.o(RESET) refers to stm32f1xx_it.o(i.NMI_Handler) for NMI_Handler
    startup_stm32f103xe.o(RESET) refers to stm32f1xx_it.o(i.HardFault_Handler) for HardFault_Handler
    startup_stm32f103xe.o(RESET) refers to stm32f1xx_it.o(i.MemManage_Handler) for MemManage_Handler
    startup_stm32f103xe.o(RESET) refers to stm32f1xx_it.o(i.BusFault_Handler) for BusFault_Handler
    startup_stm32f103xe.o(RESET) refers to stm32f1xx_it.o(i.UsageFault_Handler) for UsageFault_Handler
    startup_stm32f103xe.o(RESET) refers to port.o(.emb_text) for SVC_Handler
    startup_stm32f103xe.o(RESET) refers to stm32f1xx_it.o(i.DebugMon_Handler) for DebugMon_Handler
    startup_stm32f103xe.o(RESET) refers to port.o(i.SysTick_Handler) for SysTick_Handler
    startup_stm32f103xe.o(RESET) refers to driver_usart.o(i.USART1_IRQHandler) for USART1_IRQHandler
    startup_stm32f103xe.o(RESET) refers to main.o(i.USART3_IRQHandler) for USART3_IRQHandler
    startup_stm32f103xe.o(RESET) refers to driver_key.o(i.EXTI15_10_IRQHandler) for EXTI15_10_IRQHandler
    startup_stm32f103xe.o(RESET) refers to stm32f1xx_it.o(i.TIM8_UP_IRQHandler) for TIM8_UP_IRQHandler
    startup_stm32f103xe.o(.text) refers to system_stm32f1xx.o(i.SystemInit) for SystemInit
    startup_stm32f103xe.o(.text) refers to entry.o(.ARM.Collect$$$$00000000) for __main
    main.o(i.HAL_TIM_PeriodElapsedCallback) refers to stm32f1xx_hal.o(i.HAL_IncTick) for HAL_IncTick
    main.o(i.SystemClock_Config) refers to memseta.o(.text) for __aeabi_memclr4
    main.o(i.SystemClock_Config) refers to stm32f1xx_hal_rcc.o(i.HAL_RCC_OscConfig) for HAL_RCC_OscConfig
    main.o(i.SystemClock_Config) refers to main.o(i.Error_Handler) for Error_Handler
    main.o(i.SystemClock_Config) refers to stm32f1xx_hal_rcc.o(i.HAL_RCC_ClockConfig) for HAL_RCC_ClockConfig
    main.o(i.main) refers to stm32f1xx_hal.o(i.HAL_Init) for HAL_Init
    main.o(i.main) refers to main.o(i.SystemClock_Config) for SystemClock_Config
    main.o(i.main) refers to gpio.o(i.MX_GPIO_Init) for MX_GPIO_Init
    main.o(i.main) refers to usart.o(i.MX_USART1_UART_Init) for MX_USART1_UART_Init
    main.o(i.main) refers to usart.o(i.MX_USART3_UART_Init) for MX_USART3_UART_Init
    main.o(i.main) refers to driver_key.o(i.KEY_GPIO_ReInit) for KEY_GPIO_ReInit
    main.o(i.main) refers to ring_buffer.o(i.ring_buffer_init) for ring_buffer_init
    main.o(i.main) refers to driver_usart.o(i.EnableDebugIRQ) for EnableDebugIRQ
    main.o(i.main) refers to printf8.o(i.__0printf$8) for __2printf
    main.o(i.main) refers to cmsis_os2.o(i.osKernelInitialize) for osKernelInitialize
    main.o(i.main) refers to freertos.o(i.MX_FREERTOS_Init) for MX_FREERTOS_Init
    main.o(i.main) refers to cmsis_os2.o(i.osKernelStart) for osKernelStart
    main.o(i.main) refers to main.o(.bss) for test_buffer
    gpio.o(i.MX_GPIO_Init) refers to stm32f1xx_hal_gpio.o(i.HAL_GPIO_WritePin) for HAL_GPIO_WritePin
    gpio.o(i.MX_GPIO_Init) refers to stm32f1xx_hal_gpio.o(i.HAL_GPIO_Init) for HAL_GPIO_Init
    freertos.o(i.MX_FREERTOS_Init) refers to cmsis_os2.o(i.osThreadNew) for osThreadNew
    freertos.o(i.MX_FREERTOS_Init) refers to freertos.o(.constdata) for defaultTask_attributes
    freertos.o(i.MX_FREERTOS_Init) refers to freertos.o(i.StartDefaultTask) for StartDefaultTask
    freertos.o(i.MX_FREERTOS_Init) refers to freertos.o(.data) for defaultTaskHandle
    freertos.o(i.StartDefaultTask) refers to printf8.o(i.__0printf$8) for __2printf
    freertos.o(i.StartDefaultTask) refers to cmsis_os2.o(i.osDelay) for osDelay
    freertos.o(.constdata) refers to freertos.o(.conststring) for .conststring
    usart.o(i.HAL_UART_MspDeInit) refers to stm32f1xx_hal_gpio.o(i.HAL_GPIO_DeInit) for HAL_GPIO_DeInit
    usart.o(i.HAL_UART_MspDeInit) refers to stm32f1xx_hal_cortex.o(i.HAL_NVIC_DisableIRQ) for HAL_NVIC_DisableIRQ
    usart.o(i.HAL_UART_MspInit) refers to stm32f1xx_hal_gpio.o(i.HAL_GPIO_Init) for HAL_GPIO_Init
    usart.o(i.HAL_UART_MspInit) refers to stm32f1xx_hal_cortex.o(i.HAL_NVIC_SetPriority) for HAL_NVIC_SetPriority
    usart.o(i.HAL_UART_MspInit) refers to stm32f1xx_hal_cortex.o(i.HAL_NVIC_EnableIRQ) for HAL_NVIC_EnableIRQ
    usart.o(i.MX_USART1_UART_Init) refers to stm32f1xx_hal_uart.o(i.HAL_UART_Init) for HAL_UART_Init
    usart.o(i.MX_USART1_UART_Init) refers to main.o(i.Error_Handler) for Error_Handler
    usart.o(i.MX_USART1_UART_Init) refers to usart.o(.bss) for huart1
    usart.o(i.MX_USART3_UART_Init) refers to stm32f1xx_hal_uart.o(i.HAL_UART_Init) for HAL_UART_Init
    usart.o(i.MX_USART3_UART_Init) refers to main.o(i.Error_Handler) for Error_Handler
[...]
    ../clib/microlib/stdio/streams.c         0x00000000   Number         0  stdout.o ABSOLUTE
    ../clib/microlib/stdlib/rand.c           0x00000000   Number         0  rand.o ABSOLUTE
    ../clib/microlib/string/memcmp.c         0x00000000   Number         0  memcmp.o ABSOLUTE
    ../clib/microlib/string/memcpy.c         0x00000000   Number         0  memcpyb.o ABSOLUTE
    ../clib/microlib/string/memcpy.c         0x00000000   Number         0  memcpya.o ABSOLUTE
    ../clib/microlib/string/memset.c         0x00000000   Number         0  memseta.o ABSOLUTE
    ../clib/microlib/string/memset.c         0x00000000   Number         0  memset.o ABSOLUTE
    ../clib/microlib/string/strlen.c         0x00000000   Number         0  strlen.o ABSOLUTE
    ../clib/microlib/string/strncmp.c        0x00000000   Number         0  strncmp.o ABSOLUTE
    ../clib/microlib/stubs.s                 0x00000000   Number         0  iusefp.o ABSOLUTE
    ../fplib/microlib/fpadd.c                0x00000000   Number         0  dadd.o ABSOLUTE
    ../fplib/microlib/fpdiv.c                0x00000000   Number         0  ddiv.o ABSOLUTE
    ../fplib/microlib/fpepilogue.c           0x00000000   Number         0  depilogue.o ABSOLUTE
    ../fplib/microlib/fpfix.c                0x00000000   Number         0  dfixul.o ABSOLUTE
    ../fplib/microlib/fpmul.c                0x00000000   Number         0  dmul.o ABSOLUTE
    ..\Core\Src\freertos.c                   0x00000000   Number         0  freertos.o ABSOLUTE
    ..\Core\Src\gpio.c                       0x00000000   Number         0  gpio.o ABSOLUTE
    ..\Core\Src\main.c                       0x00000000   Number         0  main.o ABSOLUTE
    ..\Core\Src\stm32f1xx_hal_msp.c          0x00000000   Number         0  stm32f1xx_hal_msp.o ABSOLUTE
    ..\Core\Src\stm32f1xx_hal_timebase_tim.c 0x00000000   Number         0  stm32f1xx_hal_timebase_tim.o ABSOLUTE
    ..\Core\Src\stm32f1xx_it.c               0x00000000   Number         0  stm32f1xx_it.o ABSOLUTE
    ..\Core\Src\system_stm32f1xx.c           0x00000000   Number         0  system_stm32f1xx.o ABSOLUTE
    ..\Core\Src\usart.c                      0x00000000   Number         0  usart.o ABSOLUTE
    ..\Drivers\STM32F1xx_HAL_Driver\Src\stm32f1xx_hal.c 0x00000000   Number         0  stm32f1xx_hal.o ABSOLUTE
    ..\Drivers\STM32F1xx_HAL_Driver\Src\stm32f1xx_hal_cortex.c 0x00000000   Number         0  stm32f1xx_hal_cortex.o ABSOLUTE
    ..\Drivers\STM32F1xx_HAL_Driver\Src\stm32f1xx_hal_dma.c 0x00000000   Number         0  stm32f1xx_hal_dma.o ABSOLUTE
    ..\Drivers\STM32F1xx_HAL_Driver\Src\stm32f1xx_hal_exti.c 0x00000000   Number         0  stm32f1xx_hal_exti.o ABSOLUTE
    ..\Drivers\STM32F1xx_HAL_Driver\Src\stm32f1xx_hal_flash.c 0x00000000   Number         0  stm32f1xx_hal_flash.o ABSOLUTE
    ..\Drivers\STM32F1xx_HAL_Driver\Src\stm32f1xx_hal_flash_ex.c 0x00000000   Number         0  stm32f1xx_hal_flash_ex.o ABSOLUTE
    ..\Drivers\STM32F1xx_HAL_Driver\Src\stm32f1xx_hal_gpio.c 0x00000000   Number         0  stm32f1xx_hal_gpio.o ABSOLUTE
    ..\Drivers\STM32F1xx_HAL_Driver\Src\stm32f1xx_hal_gpio_ex.c 0x00000000   Number         0  stm32f1xx_hal_gpio_ex.o ABSOLUTE
    ..\Drivers\STM32F1xx_HAL_Driver\Src\stm32f1xx_hal_pwr.c 0x00000000   Number         0  stm32f1xx_hal_pwr.o ABSOLUTE
    ..\Drivers\STM32F1xx_HAL_Driver\Src\stm32f1xx_hal_rcc.c 0x00000000   Number         0  stm32f1xx_hal_rcc.o ABSOLUTE
    ..\Drivers\STM32F1xx_HAL_Driver\Src\stm32f1xx_hal_rcc_ex.c 0x00000000   Number         0  stm32f1xx_hal_rcc_ex.o ABSOLUTE
    ..\Drivers\STM32F1xx_HAL_Driver\Src\stm32f1xx_hal_tim.c 0x00000000   Number         0  stm32f1xx_hal_tim.o ABSOLUTE
    ..\Drivers\STM32F1xx_HAL_Driver\Src\stm32f1xx_hal_tim_ex.c 0x00000000   Number         0  stm32f1xx_hal_tim_ex.o ABSOLUTE
    ..\Drivers\STM32F1xx_HAL_Driver\Src\stm32f1xx_hal_uart.c 0x00000000   Number         0  stm32f1xx_hal_uart.o ABSOLUTE
    ..\MQTTClient\common\mqtt_list.c         0x00000000   Number         0  mqtt_list.o ABSOLUTE
    ..\MQTTClient\common\random.c            0x00000000   Number         0  random.o ABSOLUTE
    ..\MQTTClient\mqtt\MQTTConnectClient.c   0x00000000   Number         0  mqttconnectclient.o ABSOLUTE
    ..\MQTTClient\mqtt\MQTTConnectServer.c   0x00000000   Number         0  mqttconnectserver.o ABSOLUTE
    ..\MQTTClient\mqtt\MQTTDeserializePublish.c 0x00000000   Number         0  mqttdeserializepublish.o ABSOLUTE
    ..\MQTTClient\mqtt\MQTTFormat.c          0x00000000   Number         0  mqttformat.o ABSOLUTE
    ..\MQTTClient\mqtt\MQTTPacket.c          0x00000000   Number         0  mqttpacket.o ABSOLUTE
    ..\MQTTClient\mqtt\MQTTSerializePublish.c 0x00000000   Number         0  mqttserializepublish.o ABSOLUTE
    ..\MQTTClient\mqtt\MQTTSubscribeClient.c 0x00000000   Number         0  mqttsubscribeclient.o ABSOLUTE
    ..\MQTTClient\mqtt\MQTTSubscribeServer.c 0x00000000   Number         0  mqttsubscribeserver.o ABSOLUTE
    ..\MQTTClient\mqtt\MQTTUnsubscribeClient.c 0x00000000   Number         0  mqttunsubscribeclient.o ABSOLUTE
    ..\MQTTClient\mqtt\MQTTUnsubscribeServer.c 0x00000000   Number         0  mqttunsubscribeserver.o ABSOLUTE
    ..\MQTTClient\mqttclient\mqttclient.c    0x00000000   Number         0  mqttclient.o ABSOLUTE
    ..\MQTTClient\network\nettype_tcp.c      0x00000000   Number         0  nettype_tcp.o ABSOLUTE
    ..\MQTTClient\network\network.c          0x00000000   Number         0  network.o ABSOLUTE
    ..\MQTTClient\platform\FreeRTOS\platform_memory.c 0x00000000   Number         0  platform_memory.o ABSOLUTE
    ..\MQTTClient\platform\FreeRTOS\platform_mutex.c 0x00000000   Number         0  platform_mutex.o ABSOLUTE
    ..\MQTTClient\platform\FreeRTOS\platform_net_socket.c 0x00000000   Number         0  platform_net_socket.o ABSOLUTE
    ..\MQTTClient\platform\FreeRTOS\platform_thread.c 0x00000000   Number         0  platform_thread.o ABSOLUTE
    ..\MQTTClient\platform\FreeRTOS\platform_timer.c 0x00000000   Number         0  platform_timer.o ABSOLUTE
    ..\Middlewares\Third_Party\FreeRTOS\Source\CMSIS_RTOS_V2\cmsis_os2.c 0x00000000   Number         0  cmsis_os2.o ABSOLUTE
    ..\Middlewares\Third_Party\FreeRTOS\Source\portable\RVDS\ARM_CM3\port.c 0x00000000   Number         0  port.o ABSOLUTE
    ..\ModuleDrivers\driver_key.c            0x00000000   Number         0  driver_key.o ABSOLUTE
    ..\ModuleDrivers\driver_usart.c          0x00000000   Number         0  driver_usart.o ABSOLUTE
    ..\ModuleDrivers\ring_buffer.c           0x00000000   Number         0  ring_buffer.o ABSOLUTE
    ..\\ModuleDrivers\\driver_key.c          0x00000000   Number         0  driver_key.o ABSOLUTE
    ..\\ModuleDrivers\\driver_usart.c        0x00000000   Number         0  driver_usart.o ABSOLUTE
    ..\\ModuleDrivers\\ring_buffer.c         0x00000000   Number         0  ring_buffer.o ABSOLUTE
    cdrcmple.s                               0x00000000   Number         0  cdrcmple.o ABSOLUTE
    dc.s                                     0x00000000   Number         0  dc.o ABSOLUTE
    handlers.s                               0x00000000   Number         0  handlers.o ABSOLUTE
    init.s                                   0x00000000   Number         0  init.o ABSOLUTE
    startup_stm32f103xe.s                    0x00000000   Number         0  startup_stm32f103xe.o ABSOLUTE
    RESET                                    0x08000000   Section      304  startup_stm32f103xe.o(RESET)
    .ARM.Collect$$$$00000000                 0x08000130   Section        0  entry.o(.ARM.Collect$$$$00000000)
    .ARM.Collect$$$$00000001                 0x08000130   Section        4  entry2.o(.ARM.Collect$$$$00000001)
    .ARM.Collect$$$$00000004                 0x08000134   Section        4  entry5.o(.ARM.Collect$$$$00000004)
    .ARM.Collect$$$$00000008                 0x08000138   Section        0  entry7b.o(.ARM.Collect$$$$00000008)
    .ARM.Collect$$$$0000000A                 0x08000138   Section        0  entry8b.o(.ARM.Collect$$$$0000000A)
    .ARM.Collect$$$$0000000B                 0x08000138   Section        8  entry9a.o(.ARM.Collect$$$$0000000B)
    .ARM.Collect$$$$0000000D                 0x08000140   Section        0  entry10a.o(.ARM.Collect$$$$0000000D)
    .ARM.Collect$$$$0000000F                 0x08000140   Section        0  entry11a.o(.ARM.Collect$$$$0000000F)
    .ARM.Collect$$$$00002712                 0x08000140   Section        4  entry2.o(.ARM.Collect$$$$00002712)
    __lit__00000000                          0x08000140   Data           4  entry2.o(.ARM.Collect$$$$00002712)
    .emb_text                                0x08000144   Section      150  port.o(.emb_text)
    .text                                    0x080001dc   Section       36  startup_stm32f103xe.o(.text)
    .text                                    0x08000200   Section        0  llushr.o(.text)
    .text                                    0x08000220   Section        0  memcpya.o(.text)
    .text                                    0x08000244   Section        0  memseta.o(.text)
    .text                                    0x08000268   Section        0  uldiv.o(.text)
    .text                                    0x080002cc   Section       36  init.o(.text)
    .text                                    0x080002f0   Section        0  llshl.o(.text)
    i.BusFault_Handler                       0x0800030e   Section        0  stm32f1xx_it.o(i.BusFault_Handler)
    i.DebugMon_Handler                       0x08000312   Section        0  stm32f1xx_it.o(i.DebugMon_Handler)
    i.EXTI15_10_IRQHandler                   0x08000314   Section        0  driver_key.o(i.EXTI15_10_IRQHandler)
    i.EnableDebugIRQ                         0x08000328   Section        0  driver_usart.o(i.EnableDebugIRQ)
    i.Error_Handler                          0x08000350   Section        0  main.o(i.Error_Handler)
    i.HAL_DMA_Abort                          0x08000356   Section        0  stm32f1xx_hal_dma.o(i.HAL_DMA_Abort)
    i.HAL_DMA_Abort_IT                       0x080003ac   Section        0  stm32f1xx_hal_dma.o(i.HAL_DMA_Abort_IT)
    i.HAL_GPIO_EXTI_Callback                 0x08000554   Section        0  driver_key.o(i.HAL_GPIO_EXTI_Callback)
    i.HAL_GPIO_EXTI_IRQHandler               0x08000590   Section        0  stm32f1xx_hal_gpio.o(i.HAL_GPIO_EXTI_IRQHandler)
    i.HAL_GPIO_Init                          0x080005ac   Section        0  stm32f1xx_hal_gpio.o(i.HAL_GPIO_Init)
    i.HAL_GPIO_ReadPin                       0x080008ec   Section        0  stm32f1xx_hal_gpio.o(i.HAL_GPIO_ReadPin)
    i.HAL_GPIO_WritePin                      0x080008fc   Section        0  stm32f1xx_hal_gpio.o(i.HAL_GPIO_WritePin)
    i.HAL_GetTick                            0x08000908   Section        0  stm32f1xx_hal.o(i.HAL_GetTick)
    i.HAL_IncTick                            0x08000914   Section        0  stm32f1xx_hal.o(i.HAL_IncTick)
    i.HAL_Init                               0x0800092c   Section        0  stm32f1xx_hal.o(i.HAL_Init)
    i.HAL_InitTick                           0x08000954   Section        0  stm32f1xx_hal_timebase_tim.o(i.HAL_InitTick)
    i.HAL_MspInit                            0x080009dc   Section        0  stm32f1xx_hal_msp.o(i.HAL_MspInit)
    i.HAL_NVIC_EnableIRQ                     0x08000a3c   Section        0  stm32f1xx_hal_cortex.o(i.HAL_NVIC_EnableIRQ)
    i.HAL_NVIC_SetPriority                   0x08000a5c   Section        0  stm32f1xx_hal_cortex.o(i.HAL_NVIC_SetPriority)
    i.HAL_NVIC_SetPriorityGrouping           0x08000ad8   Section        0  stm32f1xx_hal_cortex.o(i.HAL_NVIC_SetPriorityGrouping)
    i.HAL_RCC_ClockConfig                    0x08000b00   Section        0  stm32f1xx_hal_rcc.o(i.HAL_RCC_ClockConfig)
    i.HAL_RCC_GetClockConfig                 0x08000c8c   Section        0  stm32f1xx_hal_rcc.o(i.HAL_RCC_GetClockConfig)
    i.HAL_RCC_GetHCLKFreq                    0x08000cd0   Section        0  stm32f1xx_hal_rcc.o(i.HAL_RCC_GetHCLKFreq)
    i.HAL_RCC_GetPCLK1Freq                   0x08000cdc   Section        0  stm32f1xx_hal_rcc.o(i.HAL_RCC_GetPCLK1Freq)
    i.HAL_RCC_GetPCLK2Freq                   0x08000cfc   Section        0  stm32f1xx_hal_rcc.o(i.HAL_RCC_GetPCLK2Freq)
    i.HAL_RCC_GetSysClockFreq                0x08000d1c   Section        0  stm32f1xx_hal_rcc.o(i.HAL_RCC_GetSysClockFreq)
    i.HAL_RCC_OscConfig                      0x08000db0   Section        0  stm32f1xx_hal_rcc.o(i.HAL_RCC_OscConfig)
    i.HAL_TIMEx_BreakCallback                0x08001214   Section        0  stm32f1xx_hal_tim_ex.o(i.HAL_TIMEx_BreakCallback)
    i.HAL_TIMEx_CommutCallback               0x08001216   Section        0  stm32f1xx_hal_tim_ex.o(i.HAL_TIMEx_CommutCallback)
    i.HAL_TIM_Base_Init                      0x08001218   Section        0  stm32f1xx_hal_tim.o(i.HAL_TIM_Base_Init)
    i.HAL_TIM_Base_MspInit                   0x0800127e   Section        0  stm32f1xx_hal_tim.o(i.HAL_TIM_Base_MspInit)
    i.HAL_TIM_Base_Start_IT                  0x08001280   Section        0  stm32f1xx_hal_tim.o(i.HAL_TIM_Base_Start_IT)
    i.HAL_TIM_IC_CaptureCallback             0x08001310   Section        0  stm32f1xx_hal_tim.o(i.HAL_TIM_IC_CaptureCallback)
    i.HAL_TIM_IRQHandler                     0x08001312   Section        0  stm32f1xx_hal_tim.o(i.HAL_TIM_IRQHandler)
    i.HAL_TIM_OC_DelayElapsedCallback        0x080014a8   Section        0  stm32f1xx_hal_tim.o(i.HAL_TIM_OC_DelayElapsedCallback)
    i.HAL_TIM_PWM_PulseFinishedCallback      0x080014aa   Section        0  stm32f1xx_hal_tim.o(i.HAL_TIM_PWM_PulseFinishedCallback)
    i.HAL_TIM_PeriodElapsedCallback          0x080014ac   Section        0  main.o(i.HAL_TIM_PeriodElapsedCallback)
    i.HAL_TIM_TriggerCallback                0x080014c4   Section        0  stm32f1xx_hal_tim.o(i.HAL_TIM_TriggerCallback)
    i.HAL_UARTEx_RxEventCallback             0x080014c6   Section        0  stm32f1xx_hal_uart.o(i.HAL_UARTEx_RxEventCallback)
    i.HAL_UART_ErrorCallback                 0x080014c8   Section        0  stm32f1xx_hal_uart.o(i.HAL_UART_ErrorCallback)
    i.HAL_UART_IRQHandler                    0x080014cc   Section        0  stm32f1xx_hal_uart.o(i.HAL_UART_IRQHandler)
    i.HAL_UART_Init                          0x08001718   Section        0  stm32f1xx_hal_uart.o(i.HAL_UART_Init)
    i.HAL_UART_MspInit                       0x0800178c   Section        0  usart.o(i.HAL_UART_MspInit)
    i.HAL_UART_RxCpltCallback                0x080018b0   Section        0  driver_usart.o(i.HAL_UART_RxCpltCallback)
    i.HAL_UART_Transmit_IT                   0x080018c8   Section        0  stm32f1xx_hal_uart.o(i.HAL_UART_Transmit_IT)
    i.HAL_UART_TxCpltCallback                0x08001920   Section        0  driver_usart.o(i.HAL_UART_TxCpltCallback)
    i.HardFault_Handler                      0x08001938   Section        0  stm32f1xx_it.o(i.HardFault_Handler)
    i.KEY_GPIO_ReInit                        0x0800193c   Section        0  driver_key.o(i.KEY_GPIO_ReInit)
    i.MX_FREERTOS_Init                       0x080019c4   Section        0  freertos.o(i.MX_FREERTOS_Init)
    i.MX_GPIO_Init                           0x080019e4   Section        0  gpio.o(i.MX_GPIO_Init)
    i.MX_USART1_UART_Init                    0x08001b04   Section        0  usart.o(i.MX_USART1_UART_Init)
    i.MX_USART3_UART_Init                    0x08001b3c   Section        0  usart.o(i.MX_USART3_UART_Init)
    i.MemManage_Handler                      0x08001b74   Section        0  stm32f1xx_it.o(i.MemManage_Handler)
    i.NMI_Handler                            0x08001b78   Section        0  stm32f1xx_it.o(i.NMI_Handler)
    i.RCC_Delay                              0x08001b7c   Section        0  stm32f1xx_hal_rcc.o(i.RCC_Delay)
    RCC_Delay                                0x08001b7d   Thumb Code    36  stm32f1xx_hal_rcc.o(i.RCC_Delay)
    i.StartDefaultTask                       0x08001ba4   Section        0  freertos.o(i.StartDefaultTask)
    i.SysTick_Handler                        0x08001bc8   Section        0  port.o(i.SysTick_Handler)
    i.SystemClock_Config                     0x08001bfc   Section        0  main.o(i.SystemClock_Config)
    i.SystemInit                             0x08001c62   Section        0  system_stm32f1xx.o(i.SystemInit)
    i.TIM8_UP_IRQHandler                     0x08001c64   Section        0  stm32f1xx_it.o(i.TIM8_UP_IRQHandler)
    i.TIM_Base_SetConfig                     0x08001c74   Section        0  stm32f1xx_hal_tim.o(i.TIM_Base_SetConfig)
    i.UART_DMAAbortOnError                   0x08001d10   Section        0  stm32f1xx_hal_uart.o(i.UART_DMAAbortOnError)
    UART_DMAAbortOnError                     0x08001d11   Thumb Code    20  stm32f1xx_hal_uart.o(i.UART_DMAAbortOnError)
    i.UART_EndRxTransfer                     0x08001d24   Section        0  stm32f1xx_hal_uart.o(i.UART_EndRxTransfer)
    UART_EndRxTransfer                       0x08001d25   Thumb Code    54  stm32f1xx_hal_uart.o(i.UART_EndRxTransfer)
    i.UART_EndTransmit_IT                    0x08001d5a   Section        0  stm32f1xx_hal_uart.o(i.UART_EndTransmit_IT)
    UART_EndTransmit_IT                      0x08001d5b   Thumb Code    32  stm32f1xx_hal_uart.o(i.UART_EndTransmit_IT)
    i.UART_Receive_IT                        0x08001d7a   Section        0  stm32f1xx_hal_uart.o(i.UART_Receive_IT)
    UART_Receive_IT                          0x08001d7b   Thumb Code   228  stm32f1xx_hal_uart.o(i.UART_Receive_IT)
    i.UART_SetConfig                         0x08001e60   Section        0  stm32f1xx_hal_uart.o(i.UART_SetConfig)
    UART_SetConfig                           0x08001e61   Thumb Code   248  stm32f1xx_hal_uart.o(i.UART_SetConfig)
    i.UART_Transmit_IT                       0x08001f5c   Section        0  stm32f1xx_hal_uart.o(i.UART_Transmit_IT)
    UART_Transmit_IT                         0x08001f5d   Thumb Code    96  stm32f1xx_hal_uart.o(i.UART_Transmit_IT)
    i.USART1_IRQHandler                      0x08001fbc   Section        0  driver_usart.o(i.USART1_IRQHandler)
    i.USART3_IRQHandler                      0x08001ff0   Section        0  main.o(i.USART3_IRQHandler)
    i.UsageFault_Handler                     0x08001ff2   Section        0  stm32f1xx_it.o(i.UsageFault_Handler)
    i.__0printf$8                            0x08001ff8   Section        0  printf8.o(i.__0printf$8)
    i.__NVIC_GetPriorityGrouping             0x08002018   Section        0  stm32f1xx_hal_cortex.o(i.__NVIC_GetPriorityGrouping)
    __NVIC_GetPriorityGrouping               0x08002019   Thumb Code    10  stm32f1xx_hal_cortex.o(i.__NVIC_GetPriorityGrouping)
    i.__NVIC_SetPriority                     0x08002028   Section        0  stm32f1xx_hal_cortex.o(i.__NVIC_SetPriority)
    __NVIC_SetPriority                       0x08002029   Thumb Code    32  stm32f1xx_hal_cortex.o(i.__NVIC_SetPriority)
    i.__get_BASEPRI                          0x08002050   Section        0  cmsis_os2.o(i.__get_BASEPRI)
    __get_BASEPRI                            0x08002051   Thumb Code     6  cmsis_os2.o(i.__get_BASEPRI)
    i.__get_IPSR                             0x08002056   Section        0  cmsis_os2.o(i.__get_IPSR)
    __get_IPSR                               0x08002057   Thumb Code     6  cmsis_os2.o(i.__get_IPSR)
    i.__get_PRIMASK                          0x0800205c   Section        0  cmsis_os2.o(i.__get_PRIMASK)
    __get_PRIMASK                            0x0800205d   Thumb Code     6  cmsis_os2.o(i.__get_PRIMASK)
    i.__scatterload_copy                     0x08002062   Section       14  handlers.o(i.__scatterload_copy)
    i.__scatterload_null                     0x08002070   Section        2  handlers.o(i.__scatterload_null)
    i.__scatterload_zeroinit                 0x08002072   Section       14  handlers.o(i.__scatterload_zeroinit)
    i._printf_core                           0x08002080   Section        0  printf8.o(i._printf_core)
    _printf_core                             0x08002081   Thumb Code   996  printf8.o(i._printf_core)
    i._printf_post_padding                   0x08002490   Section        0  printf8.o(i._printf_post_padding)
    _printf_post_padding                     0x08002491   Thumb Code    36  printf8.o(i._printf_post_padding)
    i._printf_pre_padding                    0x080024b4   Section        0  printf8.o(i._printf_pre_padding)
    _printf_pre_padding                      0x080024b5   Thumb Code    46  printf8.o(i._printf_pre_padding)
    i.fputc                                  0x080024e4   Section        0  driver_usart.o(i.fputc)
    i.main                                   0x0800250c   Section        0  main.o(i.main)
    i.osDelay                                0x08002558   Section        0  cmsis_os2.o(i.osDelay)
    i.osKernelInitialize                     0x08002590   Section        0  cmsis_os2.o(i.osKernelInitialize)
    i.osKernelStart                          0x080025d0   Section        0  cmsis_os2.o(i.osKernelStart)
    i.osThreadNew                            0x08002614   Section        0  cmsis_os2.o(i.osThreadNew)
    i.prvAddCurrentTaskToDelayedList         0x080026f0   Section        0  tasks.o(i.prvAddCurrentTaskToDelayedList)
    prvAddCurrentTaskToDelayedList           0x080026f1   Thumb Code   100  tasks.o(i.prvAddCurrentTaskToDelayedList)
    i.prvAddNewTaskToReadyList               0x0800276c   Section        0  tasks.o(i.prvAddNewTaskToReadyList)
    prvAddNewTaskToReadyList                 0x0800276d   Thumb Code   154  tasks.o(i.prvAddNewTaskToReadyList)
    i.prvCheckForValidListAndQueue           0x08002824   Section        0  timers.o(i.prvCheckForValidListAndQueue)
    prvCheckForValidListAndQueue             0x08002825   Thumb Code    78  timers.o(i.prvCheckForValidListAndQueue)
    i.prvCheckTasksWaitingTermination        0x08002898   Section        0  tasks.o(i.prvCheckTasksWaitingTermination)
    prvCheckTasksWaitingTermination          0x08002899   Thumb Code    60  tasks.o(i.prvCheckTasksWaitingTermination)
    i.prvCopyDataFromQueue                   0x080028e0   Section        0  queue.o(i.prvCopyDataFromQueue)
    prvCopyDataFromQueue                     0x080028e1   Thumb Code    42  queue.o(i.prvCopyDataFromQueue)
    i.prvCopyDataToQueue                     0x0800290a   Section        0  queue.o(i.prvCopyDataToQueue)
    prvCopyDataToQueue                       0x0800290b   Thumb Code   124  queue.o(i.prvCopyDataToQueue)
    i.prvDeleteTCB                           0x08002986   Section        0  tasks.o(i.prvDeleteTCB)
    prvDeleteTCB                             0x08002987   Thumb Code    80  tasks.o(i.prvDeleteTCB)
    i.prvGetNextExpireTime                   0x080029d8   Section        0  timers.o(i.prvGetNextExpireTime)
    prvGetNextExpireTime                     0x080029d9   Thumb Code    36  timers.o(i.prvGetNextExpireTime)
    i.prvHeapInit                            0x08002a00   Section        0  heap_4.o(i.prvHeapInit)
    prvHeapInit                              0x08002a01   Thumb Code    98  heap_4.o(i.prvHeapInit)
    i.prvIdleTask                            0x08002a7c   Section        0  tasks.o(i.prvIdleTask)
    prvIdleTask                              0x08002a7d   Thumb Code    32  tasks.o(i.prvIdleTask)
    i.prvInitialiseNewQueue                  0x08002aa4   Section        0  queue.o(i.prvInitialiseNewQueue)
    prvInitialiseNewQueue                    0x08002aa5   Thumb Code    42  queue.o(i.prvInitialiseNewQueue)
    i.prvInitialiseNewTask                   0x08002ace   Section        0  tasks.o(i.prvInitialiseNewTask)
    prvInitialiseNewTask                     0x08002acf   Thumb Code   180  tasks.o(i.prvInitialiseNewTask)
    i.prvInitialiseTaskLists                 0x08002b84   Section        0  tasks.o(i.prvInitialiseTaskLists)
    prvInitialiseTaskLists                   0x08002b85   Thumb Code    70  tasks.o(i.prvInitialiseTaskLists)
    i.prvInsertBlockIntoFreeList             0x08002bec   Section        0  heap_4.o(i.prvInsertBlockIntoFreeList)
    prvInsertBlockIntoFreeList               0x08002bed   Thumb Code    96  heap_4.o(i.prvInsertBlockIntoFreeList)
    i.prvInsertTimerInActiveList             0x08002c54   Section        0  timers.o(i.prvInsertTimerInActiveList)
    prvInsertTimerInActiveList               0x08002c55   Thumb Code    80  timers.o(i.prvInsertTimerInActiveList)
    i.prvIsQueueEmpty                        0x08002cac   Section        0  queue.o(i.prvIsQueueEmpty)
    prvIsQueueEmpty                          0x08002cad   Thumb Code    26  queue.o(i.prvIsQueueEmpty)
    i.prvIsQueueFull                         0x08002cc6   Section        0  queue.o(i.prvIsQueueFull)
    prvIsQueueFull                           0x08002cc7   Thumb Code    30  queue.o(i.prvIsQueueFull)
    i.prvProcessExpiredTimer                 0x08002ce4   Section        0  timers.o(i.prvProcessExpiredTimer)
    prvProcessExpiredTimer                   0x08002ce5   Thumb Code    94  timers.o(i.prvProcessExpiredTimer)
    i.prvProcessReceivedCommands             0x08002d48   Section        0  timers.o(i.prvProcessReceivedCommands)
    prvProcessReceivedCommands               0x08002d49   Thumb Code   290  timers.o(i.prvProcessReceivedCommands)
    i.prvProcessTimerOrBlockTask             0x08002e70   Section        0  timers.o(i.prvProcessTimerOrBlockTask)
    prvProcessTimerOrBlockTask               0x08002e71   Thumb Code   102  timers.o(i.prvProcessTimerOrBlockTask)
    i.prvResetNextTaskUnblockTime            0x08002ee4   Section        0  tasks.o(i.prvResetNextTaskUnblockTime)
    prvResetNextTaskUnblockTime              0x08002ee5   Thumb Code    42  tasks.o(i.prvResetNextTaskUnblockTime)
    i.prvSampleTimeNow                       0x08002f18   Section        0  timers.o(i.prvSampleTimeNow)
    prvSampleTimeNow                         0x08002f19   Thumb Code    40  timers.o(i.prvSampleTimeNow)
    i.prvSwitchTimerLists                    0x08002f44   Section        0  timers.o(i.prvSwitchTimerLists)
    prvSwitchTimerLists                      0x08002f45   Thumb Code   150  timers.o(i.prvSwitchTimerLists)
    i.prvTaskExitError                       0x08002fe4   Section        0  port.o(i.prvTaskExitError)
    prvTaskExitError                         0x08002fe5   Thumb Code    60  port.o(i.prvTaskExitError)
    i.prvTimerTask                           0x08003024   Section        0  timers.o(i.prvTimerTask)
    prvTimerTask                             0x08003025   Thumb Code    26  timers.o(i.prvTimerTask)
    i.prvUnlockQueue                         0x0800303e   Section        0  queue.o(i.prvUnlockQueue)
    prvUnlockQueue                           0x0800303f   Thumb Code   126  queue.o(i.prvUnlockQueue)
    i.pvPortMalloc                           0x080030bc   Section        0  heap_4.o(i.pvPortMalloc)
    i.pxPortInitialiseStack                  0x080031f8   Section        0  port.o(i.pxPortInitialiseStack)
    i.ring_buffer_init                       0x0800321c   Section        0  ring_buffer.o(i.ring_buffer_init)
    i.ring_buffer_write                      0x08003228   Section        0  ring_buffer.o(i.ring_buffer_write)
    i.uxListRemove                           0x08003246   Section        0  list.o(i.uxListRemove)
    i.vApplicationGetIdleTaskMemory          0x08003270   Section        0  cmsis_os2.o(i.vApplicationGetIdleTaskMemory)
    i.vApplicationGetTimerTaskMemory         0x08003288   Section        0  cmsis_os2.o(i.vApplicationGetTimerTaskMemory)
    i.vListInitialise                        0x080032a0   Section        0  list.o(i.vListInitialise)
    i.vListInitialiseItem                    0x080032ba   Section        0  list.o(i.vListInitialiseItem)
    i.vListInsert                            0x080032c0   Section        0  list.o(i.vListInsert)
    i.vListInsertEnd                         0x080032f4   Section        0  list.o(i.vListInsertEnd)
    i.vPortEnterCritical                     0x0800330c   Section        0  port.o(i.vPortEnterCritical)
    i.vPortExitCritical                      0x08003360   Section        0  port.o(i.vPortExitCritical)
    i.vPortFree                              0x0800339c   Section        0  heap_4.o(i.vPortFree)
    i.vPortSetupTimerInterrupt               0x08003430   Section        0  port.o(i.vPortSetupTimerInterrupt)
    i.vPortValidateInterruptPriority         0x08003458   Section        0  port.o(i.vPortValidateInterruptPriority)
    i.vQueueAddToRegistry                    0x080034d0   Section        0  queue.o(i.vQueueAddToRegistry)
    i.vQueueWaitForMessageRestricted         0x080034fc   Section        0  queue.o(i.vQueueWaitForMessageRestricted)
    i.vTaskDelay                             0x08003548   Section        0  tasks.o(i.vTaskDelay)
    i.vTaskInternalSetTimeOutState           0x080035a4   Section        0  tasks.o(i.vTaskInternalSetTimeOutState)
    i.vTaskMissedYield                       0x080035bc   Section        0  tasks.o(i.vTaskMissedYield)
    i.vTaskPlaceOnEventList                  0x080035c8   Section        0  tasks.o(i.vTaskPlaceOnEventList)
    i.vTaskPlaceOnEventListRestricted        0x08003600   Section        0  tasks.o(i.vTaskPlaceOnEventListRestricted)
    i.vTaskStartScheduler                    0x08003640   Section        0  tasks.o(i.vTaskStartScheduler)
    i.vTaskSuspendAll                        0x080036f8   Section        0  tasks.o(i.vTaskSuspendAll)
    i.vTaskSwitchContext                     0x08003708   Section        0  tasks.o(i.vTaskSwitchContext)
    i.xPortStartScheduler                    0x08003798   Section        0  port.o(i.xPortStartScheduler)
    i.xQueueGenericCreateStatic              0x08003890   Section        0  queue.o(i.xQueueGenericCreateStatic)
    i.xQueueGenericReset                     0x08003970   Section        0  queue.o(i.xQueueGenericReset)
    i.xQueueGenericSend                      0x08003a08   Section        0  queue.o(i.xQueueGenericSend)
    i.xQueueGenericSendFromISR               0x08003bb0   Section        0  queue.o(i.xQueueGenericSendFromISR)
    i.xQueueReceive                          0x08003ca8   Section        0  queue.o(i.xQueueReceive)
    i.xTaskCheckForTimeOut                   0x08003e10   Section        0  tasks.o(i.xTaskCheckForTimeOut)
    i.xTaskCreate                            0x08003e9c   Section        0  tasks.o(i.xTaskCreate)
    i.xTaskCreateStatic                      0x08003f00   Section        0  tasks.o(i.xTaskCreateStatic)
    i.xTaskGetSchedulerState                 0x08003fb8   Section        0  tasks.o(i.xTaskGetSchedulerState)
    i.xTaskGetTickCount                      0x08003fd8   Section        0  tasks.o(i.xTaskGetTickCount)
    i.xTaskIncrementTick                     0x08003fe4   Section        0  tasks.o(i.xTaskIncrementTick)
    i.xTaskPriorityDisinherit                0x08004128   Section        0  tasks.o(i.xTaskPriorityDisinherit)
    i.xTaskRemoveFromEventList               0x080041cc   Section        0  tasks.o(i.xTaskRemoveFromEventList)
    i.xTaskResumeAll                         0x08004264   Section        0  tasks.o(i.xTaskResumeAll)
    i.xTimerCreateTimerTask                  0x08004368   Section        0  timers.o(i.xTimerCreateTimerTask)
    i.xTimerGenericCommand                   0x080043e0   Section        0  timers.o(i.xTimerGenericCommand)
    .constdata                               0x08004464   Section       36  freertos.o(.constdata)
    .constdata                               0x08004488   Section       24  system_stm32f1xx.o(.constdata)
    .conststring                             0x080044a0   Section       12  freertos.o(.conststring)
    .data                                    0x20000000   Section        4  freertos.o(.data)
    .data                                    0x20000004   Section        9  stm32f1xx_hal.o(.data)
    .data                                    0x20000010   Section        4  system_stm32f1xx.o(.data)
    .data                                    0x20000014   Section        3  driver_usart.o(.data)
    txcplt_flag                              0x20000014   Data           1  driver_usart.o(.data)
    rxcplt_flag                              0x20000015   Data           1  driver_usart.o(.data)
    rx_data                                  0x20000016   Data           1  driver_usart.o(.data)
    .data                                    0x20000017   Section        2  driver_key.o(.data)
    key1_val                                 0x20000017   Data           1  driver_key.o(.data)
    key2_val                                 0x20000018   Data           1  driver_key.o(.data)
    .data                                    0x2000001c   Section       60  tasks.o(.data)
    pxDelayedTaskList                        0x20000020   Data           4  tasks.o(.data)
    pxOverflowDelayedTaskList                0x20000024   Data           4  tasks.o(.data)
    uxDeletedTasksWaitingCleanUp             0x20000028   Data           4  tasks.o(.data)
    uxCurrentNumberOfTasks                   0x2000002c   Data           4  tasks.o(.data)
    xTickCount                               0x20000030   Data           4  tasks.o(.data)
    uxTopReadyPriority                       0x20000034   Data           4  tasks.o(.data)
    xSchedulerRunning                        0x20000038   Data           4  tasks.o(.data)
    uxPendedTicks                            0x2000003c   Data           4  tasks.o(.data)
    xYieldPending                            0x20000040   Data           4  tasks.o(.data)
    xNumOfOverflows                          0x20000044   Data           4  tasks.o(.data)
    uxTaskNumber                             0x20000048   Data           4  tasks.o(.data)
    xNextTaskUnblockTime                     0x2000004c   Data           4  tasks.o(.data)
    xIdleTaskHandle                          0x20000050   Data           4  tasks.o(.data)
    uxSchedulerSuspended                     0x20000054   Data           4  tasks.o(.data)
    .data                                    0x20000058   Section       20  timers.o(.data)
    pxCurrentTimerList                       0x20000058   Data           4  timers.o(.data)
    pxOverflowTimerList                      0x2000005c   Data           4  timers.o(.data)
    xTimerQueue                              0x20000060   Data           4  timers.o(.data)
    xTimerTaskHandle                         0x20000064   Data           4  timers.o(.data)
    xLastTime                                0x20000068   Data           4  timers.o(.data)
    .data                                    0x2000006c   Section        4  cmsis_os2.o(.data)
    KernelState                              0x2000006c   Data           4  cmsis_os2.o(.data)
    .data                                    0x20000070   Section       24  heap_4.o(.data)
    xStart                                   0x20000070   Data           8  heap_4.o(.data)
    pxEnd                                    0x20000078   Data           4  heap_4.o(.data)
    xFreeBytesRemaining                      0x2000007c   Data           4  heap_4.o(.data)
    xMinimumEverFreeBytesRemaining           0x20000080   Data           4  heap_4.o(.data)
    xBlockAllocatedBit                       0x20000084   Data           4  heap_4.o(.data)
    .data                                    0x20000088   Section       12  port.o(.data)
    uxCriticalNesting                        0x20000088   Data           4  port.o(.data)
    ucMaxSysCallPriority                     0x2000008c   Data           1  port.o(.data)
    ulMaxPRIGROUPValue                       0x20000090   Data           4  port.o(.data)
    .data                                    0x20000094   Section        4  stdout.o(.data)
    .bss                                     0x20000098   Section     1032  main.o(.bss)
    .bss                                     0x200004a0   Section      136  usart.o(.bss)
    .bss                                     0x20000528   Section       72  stm32f1xx_hal_timebase_tim.o(.bss)
    .bss                                     0x20000570   Section       64  queue.o(.bss)
    .bss                                     0x200005b0   Section     1220  tasks.o(.bss)
    pxReadyTasksLists                        0x200005b0   Data        1120  tasks.o(.bss)
    xDelayedTaskList1                        0x20000a10   Data          20  tasks.o(.bss)
    xDelayedTaskList2                        0x20000a24   Data          20  tasks.o(.bss)
    xPendingReadyList                        0x20000a38   Data          20  tasks.o(.bss)
    xTasksWaitingTermination                 0x20000a4c   Data          20  tasks.o(.bss)
    xSuspendedTaskList                       0x20000a60   Data          20  tasks.o(.bss)
    .bss                                     0x20000a74   Section      280  timers.o(.bss)
    xActiveTimerList1                        0x20000a74   Data          20  timers.o(.bss)
    xActiveTimerList2                        0x20000a88   Data          20  timers.o(.bss)
    xStaticTimerQueue                        0x20000a9c   Data          80  timers.o(.bss)
    ucStaticTimerQueueStorage                0x20000aec   Data         160  timers.o(.bss)
    .bss                                     0x20000b8c   Section     1720  cmsis_os2.o(.bss)
    Idle_TCB                                 0x20000b8c   Data          92  cmsis_os2.o(.bss)
    Idle_Stack                               0x20000be8   Data         512  cmsis_os2.o(.bss)
    Timer_TCB                                0x20000de8   Data          92  cmsis_os2.o(.bss)
    Timer_Stack                              0x20000e44   Data        1024  cmsis_os2.o(.bss)
    .bss                                     0x20001244   Section     3072  heap_4.o(.bss)
    ucHeap                                   0x20001244   Data        3072  heap_4.o(.bss)
    STACK                                    0x20001e48   Section     1024  startup_stm32f103xe.o(STACK)

    Global Symbols

    Symbol Name                              Value     Ov Type        Size  Object(Section)

    BuildAttributes$$THM_ISAv4$P$D$K$B$S$PE$A:L22UL41UL21$X:L11$S22US41US21$IEEE1$IW$USESV6$~STKCKD$USESV7$~SHL$OSPACE$ROPI$EBA8$MICROLIB$REQ8$PRES8$EABIv2 0x00000000   Number         0  anon$$obj.o ABSOLUTE
    __ARM_use_no_argv                        0x00000000   Number         0  main.o ABSOLUTE
    _printf_a                                0x00000000   Number         0  stubs.o ABSOLUTE
    _printf_c                                0x00000000   Number         0  stubs.o ABSOLUTE
    _printf_charcount                        0x00000000   Number         0  stubs.o ABSOLUTE
    _printf_d                                0x00000000   Number         0  stubs.o ABSOLUTE
    _printf_e                                0x00000000   Number         0  stubs.o ABSOLUTE
    _printf_f                                0x00000000   Number         0  stubs.o ABSOLUTE
    _printf_flags                            0x00000000   Number         0  stubs.o ABSOLUTE
    _printf_fp_dec                           0x00000000   Number         0  stubs.o ABSOLUTE
    _printf_fp_hex                           0x00000000   Number         0  stubs.o ABSOLUTE
    _printf_g                                0x00000000   Number         0  stubs.o ABSOLUTE
    _printf_i                                0x00000000   Number         0  stubs.o ABSOLUTE
    _printf_int_dec                          0x00000000   Number         0  stubs.o ABSOLUTE
    _printf_l                                0x00000000   Number         0  stubs.o ABSOLUTE
    _printf_lc                               0x00000000   Number         0  stubs.o ABSOLUTE
    _printf_ll                               0x00000000   Number         0  stubs.o ABSOLUTE
    _printf_lld                              0x00000000   Number         0  stubs.o ABSOLUTE
    _printf_lli                              0x00000000   Number         0  stubs.o ABSOLUTE
    _printf_llo                              0x00000000   Number         0  stubs.o ABSOLUTE
    _printf_llu                              0x00000000   Number         0  stubs.o ABSOLUTE
    _printf_llx                              0x00000000   Number         0  stubs.o ABSOLUTE
    _printf_longlong_dec                     0x00000000   Number         0  stubs.o ABSOLUTE
    _printf_longlong_hex                     0x00000000   Number         0  stubs.o ABSOLUTE
    _printf_longlong_oct                     0x00000000   Number         0  stubs.o ABSOLUTE
    _printf_ls                               0x00000000   Number         0  stubs.o ABSOLUTE
    _printf_mbtowc                           0x00000000   Number         0  stubs.o ABSOLUTE
    _printf_n                                0x00000000   Number         0  stubs.o ABSOLUTE
    _printf_o                                0x00000000   Number         0  stubs.o ABSOLUTE
    _printf_p                                0x00000000   Number         0  stubs.o ABSOLUTE
    _printf_percent                          0x00000000   Number         0  stubs.o ABSOLUTE
    _printf_pre_padding                      0x00000000   Number         0  stubs.o ABSOLUTE
    _printf_return_value                     0x00000000   Number         0  stubs.o ABSOLUTE
    _printf_s                                0x00000000   Number         0  stubs.o ABSOLUTE
    _printf_sizespec                         0x00000000   Number         0  stubs.o ABSOLUTE
    _printf_str                              0x00000000   Number         0  stubs.o ABSOLUTE
    _printf_truncate_signed                  0x00000000   Number         0  stubs.o ABSOLUTE
    _printf_truncate_unsigned                0x00000000   Number         0  stubs.o ABSOLUTE
    _printf_u                                0x00000000   Number         0  stubs.o ABSOLUTE
    _printf_wc                               0x00000000   Number         0  stubs.o ABSOLUTE
    _printf_wctomb                           0x00000000   Number         0  stubs.o ABSOLUTE
    _printf_widthprec                        0x00000000   Number         0  stubs.o ABSOLUTE
    _printf_x                                0x00000000   Number         0  stubs.o ABSOLUTE
    __cpp_initialize__aeabi_                  - Undefined Weak Reference
    __cxa_finalize                            - Undefined Weak Reference
    __decompress                              - Undefined Weak Reference
    _clock_init                               - Undefined Weak Reference
    _microlib_exit                            - Undefined Weak Reference
    __Vectors_Size                           0x00000130   Number         0  startup_stm32f103xe.o ABSOLUTE
    __Vectors                                0x08000000   Data           4  startup_stm32f103xe.o(RESET)
    __Vectors_End                            0x08000130   Data           0  startup_stm32f103xe.o(RESET)
    __main                                   0x08000131   Thumb Code     0  entry.o(.ARM.Collect$$$$00000000)
    _main_stk                                0x08000131   Thumb Code     0  entry2.o(.ARM.Collect$$$$00000001)
    _main_scatterload                        0x08000135   Thumb Code     0  entry5.o(.ARM.Collect$$$$00000004)
    __main_after_scatterload                 0x08000139   Thumb Code     0  entry5.o(.ARM.Collect$$$$00000004)
    _main_clock                              0x08000139   Thumb Code     0  entry7b.o(.ARM.Collect$$$$00000008)
    _main_cpp_init                           0x08000139   Thumb Code     0  entry8b.o(.ARM.Collect$$$$0000000A)
    _main_init                               0x08000139   Thumb Code     0  entry9a.o(.ARM.Collect$$$$0000000B)
    __rt_final_cpp                           0x08000141   Thumb Code     0  entry10a.o(.ARM.Collect$$$$0000000D)
    __rt_final_exit                          0x08000141   Thumb Code     0  entry11a.o(.ARM.Collect$$$$0000000F)
    SVC_Handler                              0x08000145   Thumb Code    32  port.o(.emb_text)
    __asm___6_port_c_39a90d8d__prvStartFirstTask 0x08000169   Thumb Code    28  port.o(.emb_text)
    PendSV_Handler                           0x08000189   Thumb Code    72  port.o(.emb_text)
    vPortGetIPSR                             0x080001d5   Thumb Code     6  port.o(.emb_text)
    Reset_Handler                            0x080001dd   Thumb Code     8  startup_stm32f103xe.o(.text)
    ADC1_2_IRQHandler                        0x080001f7   Thumb Code     0  startup_stm32f103xe.o(.text)
    ADC3_IRQHandler                          0x080001f7   Thumb Code     0  startup_stm32f103xe.o(.text)
    CAN1_RX1_IRQHandler                      0x080001f7   Thumb Code     0  startup_stm32f103xe.o(.text)
    CAN1_SCE_IRQHandler                      0x080001f7   Thumb Code     0  startup_stm32f103xe.o(.text)
    DMA1_Channel1_IRQHandler                 0x080001f7   Thumb Code     0  startup_stm32f103xe.o(.text)
    DMA1_Channel2_IRQHandler                 0x080001f7   Thumb Code     0  startup_stm32f103xe.o(.text)
    DMA1_Channel3_IRQHandler                 0x080001f7   Thumb Code     0  startup_stm32f103xe.o(.text)
    DMA1_Channel4_IRQHandler                 0x080001f7   Thumb Code     0  startup_stm32f103xe.o(.text)
    DMA1_Channel5_IRQHandler                 0x080001f7   Thumb Code     0  startup_stm32f103xe.o(.text)
    DMA1_Channel6_IRQHandler                 0x080001f7   Thumb Code     0  startup_stm32f103xe.o(.text)
    DMA1_Channel7_IRQHandler                 0x080001f7   Thumb Code     0  startup_stm32f103xe.o(.text)
    DMA2_Channel1_IRQHandler                 0x080001f7   Thumb Code     0  startup_stm32f103xe.o(.text)
    DMA2_Channel2_IRQHandler                 0x080001f7   Thumb Code     0  startup_stm32f103xe.o(.text)
    DMA2_Channel3_IRQHandler                 0x080001f7   Thumb Code     0  startup_stm32f103xe.o(.text)
    DMA2_Channel4_5_IRQHandler               0x080001f7   Thumb Code     0  startup_stm32f103xe.o(.text)
    EXTI0_IRQHandler                         0x080001f7   Thumb Code     0  startup_stm32f103xe.o(.text)
    EXTI1_IRQHandler                         0x080001f7   Thumb Code     0  startup_stm32f103xe.o(.text)
    EXTI2_IRQHandler                         0x080001f7   Thumb Code     0  startup_stm32f103xe.o(.text)
    EXTI3_IRQHandler                         0x080001f7   Thumb Code     0  startup_stm32f103xe.o(.text)
    EXTI4_IRQHandler                         0x080001f7   Thumb Code     0  startup_stm32f103xe.o(.text)
    EXTI9_5_IRQHandler                       0x080001f7   Thumb Code     0  startup_stm32f103xe.o(.text)
    FLASH_IRQHandler                         0x080001f7   Thumb Code     0  startup_stm32f103xe.o(.text)
    FSMC_IRQHandler                          0x080001f7   Thumb Code     0  startup_stm32f103xe.o(.text)
    I2C1_ER_IRQHandler                       0x080001f7   Thumb Code     0  startup_stm32f103xe.o(.text)
    I2C1_EV_IRQHandler                       0x080001f7   Thumb Code     0  startup_stm32f103xe.o(.text)
    I2C2_ER_IRQHandler                       0x080001f7   Thumb Code     0  startup_stm32f103xe.o(.text)
    I2C2_EV_IRQHandler                       0x080001f7   Thumb Code     0  startup_stm32f103xe.o(.text)
    PVD_IRQHandler                           0x080001f7   Thumb Code     0  startup_stm32f103xe.o(.text)
    RCC_IRQHandler                           0x080001f7   Thumb Code     0  startup_stm32f103xe.o(.text)
    RTC_Alarm_IRQHandler                     0x080001f7   Thumb Code     0  startup_stm32f103xe.o(.text)
    RTC_IRQHandler                           0x080001f7   Thumb Code     0  startup_stm32f103xe.o(.text)
    SDIO_IRQHandler                          0x080001f7   Thumb Code     0  startup_stm32f103xe.o(.text)
    SPI1_IRQHandler                          0x080001f7   Thumb Code     0  startup_stm32f103xe.o(.text)
    SPI2_IRQHandler                          0x080001f7   Thumb Code     0  startup_stm32f103xe.o(.text)
    SPI3_IRQHandler                          0x080001f7   Thumb Code     0  startup_stm32f103xe.o(.text)
    TAMPER_IRQHandler                        0x080001f7   Thumb Code     0  startup_stm32f103xe.o(.text)
    TIM1_BRK_IRQHandler                      0x080001f7   Thumb Code     0  startup_stm32f103xe.o(.text)
    TIM1_CC_IRQHandler                       0x080001f7   Thumb Code     0  startup_stm32f103xe.o(.text)
    TIM1_TRG_COM_IRQHandler                  0x080001f7   Thumb Code     0  startup_stm32f103xe.o(.text)
    TIM1_UP_IRQHandler                       0x080001f7   Thumb Code     0  startup_stm32f103xe.o(.text)
    TIM2_IRQHandler                          0x080001f7   Thumb Code     0  startup_stm32f103xe.o(.text)
    TIM3_IRQHandler                          0x080001f7   Thumb Code     0  startup_stm32f103xe.o(.text)
    TIM4_IRQHandler                          0x080001f7   Thumb Code     0  startup_stm32f103xe.o(.text)
    TIM5_IRQHandler                          0x080001f7   Thumb Code     0  startup_stm32f103xe.o(.text)
    TIM6_IRQHandler                          0x080001f7   Thumb Code     0  startup_stm32f103xe.o(.text)
    TIM7_IRQHandler                          0x080001f7   Thumb Code     0  startup_stm32f103xe.o(.text)
    TIM8_BRK_IRQHandler                      0x080001f7   Thumb Code     0  startup_stm32f103xe.o(.text)
    TIM8_CC_IRQHandler                       0x080001f7   Thumb Code     0  startup_stm32f103xe.o(.text)
    TIM8_TRG_COM_IRQHandler                  0x080001f7   Thumb Code     0  startup_stm32f103xe.o(.text)
    UART4_IRQHandler                         0x080001f7   Thumb Code     0  startup_stm32f103xe.o(.text)
    UART5_IRQHandler                         0x080001f7   Thumb Code     0  startup_stm32f103xe.o(.text)
    USART2_IRQHandler                        0x080001f7   Thumb Code     0  startup_stm32f103xe.o(.text)
    USBWakeUp_IRQHandler                     0x080001f7   Thumb Code     0  startup_stm32f103xe.o(.text)
    USB_HP_CAN1_TX_IRQHandler                0x080001f7   Thumb Code     0  startup_stm32f103xe.o(.text)
    USB_LP_CAN1_RX0_IRQHandler               0x080001f7   Thumb Code     0  startup_stm32f103xe.o(.text)
    WWDG_IRQHandler                          0x080001f7   Thumb Code     0  startup_stm32f103xe.o(.text)
    __aeabi_llsr                             0x08000201   Thumb Code    32  llushr.o(.text)
    _ll_ushift_r                             0x08000201   Thumb Code     0  llushr.o(.text)
    __aeabi_memcpy                           0x08000221   Thumb Code    36  memcpya.o(.text)
    __aeabi_memcpy4                          0x08000221   Thumb Code     0  memcpya.o(.text)
    __aeabi_memcpy8                          0x08000221   Thumb Code     0  memcpya.o(.text)
    __aeabi_memset                           0x08000245   Thumb Code    14  memseta.o(.text)
    __aeabi_memset4                          0x08000245   Thumb Code     0  memseta.o(.text)
    __aeabi_memset8                          0x08000245   Thumb Code     0  memseta.o(.text)
    __aeabi_memclr                           0x08000253   Thumb Code     4  memseta.o(.text)
    __aeabi_memclr4                          0x08000253   Thumb Code     0  memseta.o(.text)
    __aeabi_memclr8                          0x08000253   Thumb Code     0  memseta.o(.text)
    memset                                   0x08000257   Thumb Code    18  memseta.o(.text)
    __aeabi_uldivmod                         0x08000269   Thumb Code    98  uldiv.o(.text)
    __scatterload                            0x080002cd   Thumb Code    28  init.o(.text)
    __scatterload_rt2                        0x080002cd   Thumb Code     0  init.o(.text)
    __aeabi_llsl                             0x080002f1   Thumb Code    30  llshl.o(.text)
    _ll_shift_l                              0x080002f1   Thumb Code     0  llshl.o(.text)
    BusFault_Handler                         0x0800030f   Thumb Code     4  stm32f1xx_it.o(i.BusFault_Handler)
    DebugMon_Handler                         0x08000313   Thumb Code     2  stm32f1xx_it.o(i.DebugMon_Handler)
    EXTI15_10_IRQHandler                     0x08000315   Thumb Code    20  driver_key.o(i.EXTI15_10_IRQHandler)
    EnableDebugIRQ                           0x08000329   Thumb Code    36  driver_usart.o(i.EnableDebugIRQ)
    Error_Handler                            0x08000351   Thumb Code     6  main.o(i.Error_Handler)
    HAL_DMA_Abort                            0x08000357   Thumb Code    86  stm32f1xx_hal_dma.o(i.HAL_DMA_Abort)
    HAL_DMA_Abort_IT                         0x080003ad   Thumb Code   414  stm32f1xx_hal_dma.o(i.HAL_DMA_Abort_IT)
    HAL_GPIO_EXTI_Callback                   0x08000555   Thumb Code    48  driver_key.o(i.HAL_GPIO_EXTI_Callback)
    HAL_GPIO_EXTI_IRQHandler                 0x08000591   Thumb Code    24  stm32f1xx_hal_gpio.o(i.HAL_GPIO_EXTI_IRQHandler)
    HAL_GPIO_Init                            0x080005ad   Thumb Code   792  stm32f1xx_hal_gpio.o(i.HAL_GPIO_Init)
    HAL_GPIO_ReadPin                         0x080008ed   Thumb Code    16  stm32f1xx_hal_gpio.o(i.HAL_GPIO_ReadPin)
    HAL_GPIO_WritePin                        0x080008fd   Thumb Code    12  stm32f1xx_hal_gpio.o(i.HAL_GPIO_WritePin)
    HAL_GetTick                              0x08000909   Thumb Code     6  stm32f1xx_hal.o(i.HAL_GetTick)
    HAL_IncTick                              0x08000915   Thumb Code    16  stm32f1xx_hal.o(i.HAL_IncTick)
    HAL_Init                                 0x0800092d   Thumb Code    34  stm32f1xx_hal.o(i.HAL_Init)
    HAL_InitTick                             0x08000955   Thumb Code   118  stm32f1xx_hal_timebase_tim.o(i.HAL_InitTick)
    HAL_MspInit                              0x080009dd   Thumb Code    86  stm32f1xx_hal_msp.o(i.HAL_MspInit)
    HAL_NVIC_EnableIRQ                       0x08000a3d   Thumb Code    32  stm32f1xx_hal_cortex.o(i.HAL_NVIC_EnableIRQ)
    HAL_NVIC_SetPriority                     0x08000a5d   Thumb Code   124  stm32f1xx_hal_cortex.o(i.HAL_NVIC_SetPriority)
    HAL_NVIC_SetPriorityGrouping             0x08000ad9   Thumb Code    32  stm32f1xx_hal_cortex.o(i.HAL_NVIC_SetPriorityGrouping)
    HAL_RCC_ClockConfig                      0x08000b01   Thumb Code   376  stm32f1xx_hal_rcc.o(i.HAL_RCC_ClockConfig)
    HAL_RCC_GetClockConfig                   0x08000c8d   Thumb Code    58  stm32f1xx_hal_rcc.o(i.HAL_RCC_GetClockConfig)
    HAL_RCC_GetHCLKFreq                      0x08000cd1   Thumb Code     6  stm32f1xx_hal_rcc.o(i.HAL_RCC_GetHCLKFreq)
    HAL_RCC_GetPCLK1Freq                     0x08000cdd   Thumb Code    22  stm32f1xx_hal_rcc.o(i.HAL_RCC_GetPCLK1Freq)
    HAL_RCC_GetPCLK2Freq                     0x08000cfd   Thumb Code    22  stm32f1xx_hal_rcc.o(i.HAL_RCC_GetPCLK2Freq)
    HAL_RCC_GetSysClockFreq                  0x08000d1d   Thumb Code   116  stm32f1xx_hal_rcc.o(i.HAL_RCC_GetSysClockFreq)
    HAL_RCC_OscConfig                        0x08000db1   Thumb Code  1114  stm32f1xx_hal_rcc.o(i.HAL_RCC_OscConfig)
    HAL_TIMEx_BreakCallback                  0x08001215   Thumb Code     2  stm32f1xx_hal_tim_ex.o(i.HAL_TIMEx_BreakCallback)
    HAL_TIMEx_CommutCallback                 0x08001217   Thumb Code     2  stm32f1xx_hal_tim_ex.o(i.HAL_TIMEx_CommutCallback)
    HAL_TIM_Base_Init                        0x08001219   Thumb Code   102  stm32f1xx_hal_tim.o(i.HAL_TIM_Base_Init)
    HAL_TIM_Base_MspInit                     0x0800127f   Thumb Code     2  stm32f1xx_hal_tim.o(i.HAL_TIM_Base_MspInit)
    HAL_TIM_Base_Start_IT                    0x08001281   Thumb Code   122  stm32f1xx_hal_tim.o(i.HAL_TIM_Base_Start_IT)
    HAL_TIM_IC_CaptureCallback               0x08001311   Thumb Code     2  stm32f1xx_hal_tim.o(i.HAL_TIM_IC_CaptureCallback)
    HAL_TIM_IRQHandler                       0x08001313   Thumb Code   406  stm32f1xx_hal_tim.o(i.HAL_TIM_IRQHandler)
    HAL_TIM_OC_DelayElapsedCallback          0x080014a9   Thumb Code     2  stm32f1xx_hal_tim.o(i.HAL_TIM_OC_DelayElapsedCallback)
    HAL_TIM_PWM_PulseFinishedCallback        0x080014ab   Thumb Code     2  stm32f1xx_hal_tim.o(i.HAL_TIM_PWM_PulseFinishedCallback)
    HAL_TIM_PeriodElapsedCallback            0x080014ad   Thumb Code    18  main.o(i.HAL_TIM_PeriodElapsedCallback)
    HAL_TIM_TriggerCallback                  0x080014c5   Thumb Code     2  stm32f1xx_hal_tim.o(i.HAL_TIM_TriggerCallback)
    HAL_UARTEx_RxEventCallback               0x080014c7   Thumb Code     2  stm32f1xx_hal_uart.o(i.HAL_UARTEx_RxEventCallback)
    HAL_UART_ErrorCallback                   0x080014c9   Thumb Code     2  stm32f1xx_hal_uart.o(i.HAL_UART_ErrorCallback)
    HAL_UART_IRQHandler                      0x080014cd   Thumb Code   582  stm32f1xx_hal_uart.o(i.HAL_UART_IRQHandler)
    HAL_UART_Init                            0x08001719   Thumb Code   114  stm32f1xx_hal_uart.o(i.HAL_UART_Init)
    HAL_UART_MspInit                         0x0800178d   Thumb Code   266  usart.o(i.HAL_UART_MspInit)
    HAL_UART_RxCpltCallback                  0x080018b1   Thumb Code    16  driver_usart.o(i.HAL_UART_RxCpltCallback)
    HAL_UART_Transmit_IT                     0x080018c9   Thumb Code    88  stm32f1xx_hal_uart.o(i.HAL_UART_Transmit_IT)
    HAL_UART_TxCpltCallback                  0x08001921   Thumb Code    16  driver_usart.o(i.HAL_UART_TxCpltCallback)
    HardFault_Handler                        0x08001939   Thumb Code     4  stm32f1xx_it.o(i.HardFault_Handler)
    KEY_GPIO_ReInit                          0x0800193d   Thumb Code   122  driver_key.o(i.KEY_GPIO_ReInit)
    MX_FREERTOS_Init                         0x080019c5   Thumb Code    18  freertos.o(i.MX_FREERTOS_Init)
    MX_GPIO_Init                             0x080019e5   Thumb Code   272  gpio.o(i.MX_GPIO_Init)
    MX_USART1_UART_Init                      0x08001b05   Thumb Code    46  usart.o(i.MX_USART1_UART_Init)
    MX_USART3_UART_Init                      0x08001b3d   Thumb Code    46  usart.o(i.MX_USART3_UART_Init)
    MemManage_Handler                        0x08001b75   Thumb Code     4  stm32f1xx_it.o(i.MemManage_Handler)
    NMI_Handler                              0x08001b79   Thumb Code     4  stm32f1xx_it.o(i.NMI_Handler)
    StartDefaultTask                         0x08001ba5   Thumb Code    16  freertos.o(i.StartDefaultTask)
    SysTick_Handler                          0x08001bc9   Thumb Code    46  port.o(i.SysTick_Handler)
    SystemClock_Config                       0x08001bfd   Thumb Code   102  main.o(i.SystemClock_Config)
    SystemInit                               0x08001c63   Thumb Code     2  system_stm32f1xx.o(i.SystemInit)
    TIM8_UP_IRQHandler                       0x08001c65   Thumb Code    10  stm32f1xx_it.o(i.TIM8_UP_IRQHandler)
    TIM_Base_SetConfig                       0x08001c75   Thumb Code   134  stm32f1xx_hal_tim.o(i.TIM_Base_SetConfig)
    USART1_IRQHandler                        0x08001fbd   Thumb Code    38  driver_usart.o(i.USART1_IRQHandler)
    USART3_IRQHandler                        0x08001ff1   Thumb Code     2  main.o(i.USART3_IRQHandler)
    UsageFault_Handler                       0x08001ff3   Thumb Code     4  stm32f1xx_it.o(i.UsageFault_Handler)
    __0printf$8                              0x08001ff9   Thumb Code    22  printf8.o(i.__0printf$8)
    __1printf$8                              0x08001ff9   Thumb Code     0  printf8.o(i.__0printf$8)
    __2printf                                0x08001ff9   Thumb Code     0  printf8.o(i.__0printf$8)
    __scatterload_copy                       0x08002063   Thumb Code    14  handlers.o(i.__scatterload_copy)
    __scatterload_null                       0x08002071   Thumb Code     2  handlers.o(i.__scatterload_null)
    __scatterload_zeroinit                   0x08002073   Thumb Code    14  handlers.o(i.__scatterload_zeroinit)
    fputc                                    0x080024e5   Thumb Code    32  driver_usart.o(i.fputc)
    main                                     0x0800250d   Thumb Code    56  main.o(i.main)
    osDelay                                  0x08002559   Thumb Code    50  cmsis_os2.o(i.osDelay)
    osKernelInitialize                       0x08002591   Thumb Code    58  cmsis_os2.o(i.osKernelInitialize)
    osKernelStart                            0x080025d1   Thumb Code    64  cmsis_os2.o(i.osKernelStart)
    osThreadNew                              0x08002615   Thumb Code   216  cmsis_os2.o(i.osThreadNew)
    pvPortMalloc                             0x080030bd   Thumb Code   296  heap_4.o(i.pvPortMalloc)
    pxPortInitialiseStack                    0x080031f9   Thumb Code    30  port.o(i.pxPortInitialiseStack)
    ring_buffer_init                         0x0800321d   Thumb Code    12  ring_buffer.o(i.ring_buffer_init)
    ring_buffer_write                        0x08003229   Thumb Code    30  ring_buffer.o(i.ring_buffer_write)
    uxListRemove                             0x08003247   Thumb Code    40  list.o(i.uxListRemove)
    vApplicationGetIdleTaskMemory            0x08003271   Thumb Code    14  cmsis_os2.o(i.vApplicationGetIdleTaskMemory)
    vApplicationGetTimerTaskMemory           0x08003289   Thumb Code    16  cmsis_os2.o(i.vApplicationGetTimerTaskMemory)
    vListInitialise                          0x080032a1   Thumb Code    26  list.o(i.vListInitialise)
    vListInitialiseItem                      0x080032bb   Thumb Code     6  list.o(i.vListInitialiseItem)
    vListInsert                              0x080032c1   Thumb Code    52  list.o(i.vListInsert)
    vListInsertEnd                           0x080032f5   Thumb Code    24  list.o(i.vListInsertEnd)
    vPortEnterCritical                       0x0800330d   Thumb Code    76  port.o(i.vPortEnterCritical)
    vPortExitCritical                        0x08003361   Thumb Code    56  port.o(i.vPortExitCritical)
    vPortFree                                0x0800339d   Thumb Code   140  heap_4.o(i.vPortFree)
    vPortSetupTimerInterrupt                 0x08003431   Thumb Code    36  port.o(i.vPortSetupTimerInterrupt)
    vPortValidateInterruptPriority           0x08003459   Thumb Code   106  port.o(i.vPortValidateInterruptPriority)
    vQueueAddToRegistry                      0x080034d1   Thumb Code    38  queue.o(i.vQueueAddToRegistry)
    vQueueWaitForMessageRestricted           0x080034fd   Thumb Code    74  queue.o(i.vQueueWaitForMessageRestricted)
    vTaskDelay                               0x08003549   Thumb Code    82  tasks.o(i.vTaskDelay)
    vTaskInternalSetTimeOutState             0x080035a5   Thumb Code    14  tasks.o(i.vTaskInternalSetTimeOutState)
    vTaskMissedYield                         0x080035bd   Thumb Code     8  tasks.o(i.vTaskMissedYield)
    vTaskPlaceOnEventList                    0x080035c9   Thumb Code    52  tasks.o(i.vTaskPlaceOnEventList)
    vTaskPlaceOnEventListRestricted          0x08003601   Thumb Code    60  tasks.o(i.vTaskPlaceOnEventListRestricted)
    vTaskStartScheduler                      0x08003641   Thumb Code   156  tasks.o(i.vTaskStartScheduler)
    vTaskSuspendAll                          0x080036f9   Thumb Code    12  tasks.o(i.vTaskSuspendAll)
    vTaskSwitchContext                       0x08003709   Thumb Code   122  tasks.o(i.vTaskSwitchContext)
    xPortStartScheduler                      0x08003799   Thumb Code   228  port.o(i.xPortStartScheduler)
    xQueueGenericCreateStatic                0x08003891   Thumb Code   222  queue.o(i.xQueueGenericCreateStatic)
    xQueueGenericReset                       0x08003971   Thumb Code   146  queue.o(i.xQueueGenericReset)
    xQueueGenericSend                        0x08003a09   Thumb Code   420  queue.o(i.xQueueGenericSend)
    xQueueGenericSendFromISR                 0x08003bb1   Thumb Code   248  queue.o(i.xQueueGenericSendFromISR)
    xQueueReceive                            0x08003ca9   Thumb Code   356  queue.o(i.xQueueReceive)
    xTaskCheckForTimeOut                     0x08003e11   Thumb Code   132  tasks.o(i.xTaskCheckForTimeOut)
    xTaskCreate                              0x08003e9d   Thumb Code   100  tasks.o(i.xTaskCreate)
    xTaskCreateStatic                        0x08003f01   Thumb Code   184  tasks.o(i.xTaskCreateStatic)
    xTaskGetSchedulerState                   0x08003fb9   Thumb Code    24  tasks.o(i.xTaskGetSchedulerState)
    xTaskGetTickCount                        0x08003fd9   Thumb Code     6  tasks.o(i.xTaskGetTickCount)
    xTaskIncrementTick                       0x08003fe5   Thumb Code   280  tasks.o(i.xTaskIncrementTick)
    xTaskPriorityDisinherit                  0x08004129   Thumb Code   152  tasks.o(i.xTaskPriorityDisinherit)
    xTaskRemoveFromEventList                 0x080041cd   Thumb Code   126  tasks.o(i.xTaskRemoveFromEventList)
    xTaskResumeAll                           0x08004265   Thumb Code   222  tasks.o(i.xTaskResumeAll)
    xTimerCreateTimerTask                    0x08004369   Thumb Code   100  timers.o(i.xTimerCreateTimerTask)
    xTimerGenericCommand                     0x080043e1   Thumb Code   128  timers.o(i.xTimerGenericCommand)
    defaultTask_attributes                   0x08004464   Data          36  freertos.o(.constdata)
    AHBPrescTable                            0x08004488   Data          16  system_stm32f1xx.o(.constdata)
    APBPrescTable                            0x08004498   Data           8  system_stm32f1xx.o(.constdata)
    Region$$Table$$Base                      0x080044ac   Number         0  anon$$obj.o(Region$$Table)
    Region$$Table$$Limit                     0x080044cc   Number         0  anon$$obj.o(Region$$Table)
    defaultTaskHandle                        0x20000000   Data           4  freertos.o(.data)
    uwTick                                   0x20000004   Data           4  stm32f1xx_hal.o(.data)
    uwTickPrio                               0x20000008   Data           4  stm32f1xx_hal.o(.data)
    uwTickFreq                               0x2000000c   Data           1  stm32f1xx_hal.o(.data)
    SystemCoreClock                          0x20000010   Data           4  system_stm32f1xx.o(.data)
    pxCurrentTCB                             0x2000001c   Data           4  tasks.o(.data)
    __stdout                                 0x20000094   Data           4  stdout.o(.data)
    test_buffer                              0x20000098   Data        1032  main.o(.bss)
    huart1                                   0x200004a0   Data          68  usart.o(.bss)
    huart3                                   0x200004e4   Data          68  usart.o(.bss)
    htim8                                    0x20000528   Data          72  stm32f1xx_hal_timebase_tim.o(.bss)
    xQueueRegistry                           0x20000570   Data          64  queue.o(.bss)
    __initial_sp                             0x20002248   Data           0  startup_stm32f103xe.o(STACK)



==============================================================================

Memory Map of the image

  Image Entry point : 0x08000131

  Load Region LR_IROM1 (Base: 0x08000000, Size: 0x00004564, Max: 0x00080000, ABSOLUTE)

    Execution Region ER_IROM1 (Exec base: 0x08000000, Load base: 0x08000000, Size: 0x000044cc, Max: 0x00080000, ABSOLUTE)

    Exec Addr    Load Addr    Size         Type   Attr      Idx    E Section Name        Object

    0x08000000   0x08000000   0x00000130   Data   RO            3    RESET               startup_stm32f103xe.o
    0x08000130   0x08000130   0x00000000   Code   RO         5976  * .ARM.Collect$$$$00000000  mc_w.l(entry.o)
    0x08000130   0x08000130   0x00000004   Code   RO         6259    .ARM.Collect$$$$00000001  mc_w.l(entry2.o)
    0x08000134   0x08000134   0x00000004   Code   RO         6262    .ARM.Collect$$$$00000004  mc_w.l(entry5.o)
    0x08000138   0x08000138   0x00000000   Code   RO         6264    .ARM.Collect$$$$00000008  mc_w.l(entry7b.o)
    0x08000138   0x08000138   0x00000000   Code   RO         6266    .ARM.Collect$$$$0000000A  mc_w.l(entry8b.o)
    0x08000138   0x08000138   0x00000008   Code   RO         6267    .ARM.Collect$$$$0000000B  mc_w.l(entry9a.o)
    0x08000140   0x08000140   0x00000000   Code   RO         6269    .ARM.Collect$$$$0000000D  mc_w.l(entry10a.o)
    0x08000140   0x08000140   0x00000000   Code   RO         6271    .ARM.Collect$$$$0000000F  mc_w.l(entry11a.o)
    0x08000140   0x08000140   0x00000004   Code   RO         6260    .ARM.Collect$$$$00002712  mc_w.l(entry2.o)
    0x08000144   0x08000144   0x00000096   Code   RO         4614    .emb_text           port.o
    0x080001da   0x080001da   0x00000002   PAD
    0x080001dc   0x080001dc   0x00000024   Code   RO            4    .text               startup_stm32f103xe.o
    0x08000200   0x08000200   0x00000020   Code   RO         5979    .text               mc_w.l(llushr.o)
    0x08000220   0x08000220   0x00000024   Code   RO         5984    .text               mc_w.l(memcpya.o)
    0x08000244   0x08000244   0x00000024   Code   RO         5988    .text               mc_w.l(memseta.o)
    0x08000268   0x08000268   0x00000062   Code   RO         6276    .text               mc_w.l(uldiv.o)
    0x080002ca   0x080002ca   0x00000002   PAD
    0x080002cc   0x080002cc   0x00000024   Code   RO         6289    .text               mc_w.l(init.o)
    0x080002f0   0x080002f0   0x0000001e   Code   RO         6291    .text               mc_w.l(llshl.o)
    0x0800030e   0x0800030e   0x00000004   Code   RO          324    i.BusFault_Handler  stm32f1xx_it.o
    0x08000312   0x08000312   0x00000002   Code   RO          325    i.DebugMon_Handler  stm32f1xx_it.o
    0x08000314   0x08000314   0x00000014   Code   RO         2979    i.EXTI15_10_IRQHandler  driver_key.o
    0x08000328   0x08000328   0x00000028   Code   RO         2882    i.EnableDebugIRQ    driver_usart.o
    0x08000350   0x08000350   0x00000006   Code   RO           13    i.Error_Handler     main.o
    0x08000356   0x08000356   0x00000056   Code   RO          871    i.HAL_DMA_Abort     stm32f1xx_hal_dma.o
    0x080003ac   0x080003ac   0x000001a8   Code   RO          872    i.HAL_DMA_Abort_IT  stm32f1xx_hal_dma.o
    0x08000554   0x08000554   0x0000003c   Code   RO         2980    i.HAL_GPIO_EXTI_Callback  driver_key.o
    0x08000590   0x08000590   0x0000001c   Code   RO          806    i.HAL_GPIO_EXTI_IRQHandler  stm32f1xx_hal_gpio.o
    0x080005ac   0x080005ac   0x00000340   Code   RO          807    i.HAL_GPIO_Init     stm32f1xx_hal_gpio.o
    0x080008ec   0x080008ec   0x00000010   Code   RO          809    i.HAL_GPIO_ReadPin  stm32f1xx_hal_gpio.o
    0x080008fc   0x080008fc   0x0000000c   Code   RO          811    i.HAL_GPIO_WritePin  stm32f1xx_hal_gpio.o
    0x08000908   0x08000908   0x0000000c   Code   RO          498    i.HAL_GetTick       stm32f1xx_hal.o
    0x08000914   0x08000914   0x00000018   Code   RO          504    i.HAL_IncTick       stm32f1xx_hal.o
    0x0800092c   0x0800092c   0x00000028   Code   RO          505    i.HAL_Init          stm32f1xx_hal.o
    0x08000954   0x08000954   0x00000088   Code   RO          412    i.HAL_InitTick      stm32f1xx_hal_timebase_tim.o
    0x080009dc   0x080009dc   0x00000060   Code   RO          388    i.HAL_MspInit       stm32f1xx_hal_msp.o
    0x08000a3c   0x08000a3c   0x00000020   Code   RO          967    i.HAL_NVIC_EnableIRQ  stm32f1xx_hal_cortex.o
    0x08000a5c   0x08000a5c   0x0000007c   Code   RO          973    i.HAL_NVIC_SetPriority  stm32f1xx_hal_cortex.o
    0x08000ad8   0x08000ad8   0x00000028   Code   RO          974    i.HAL_NVIC_SetPriorityGrouping  stm32f1xx_hal_cortex.o
    0x08000b00   0x08000b00   0x0000018c   Code   RO          662    i.HAL_RCC_ClockConfig  stm32f1xx_hal_rcc.o
    0x08000c8c   0x08000c8c   0x00000044   Code   RO          666    i.HAL_RCC_GetClockConfig  stm32f1xx_hal_rcc.o
    0x08000cd0   0x08000cd0   0x0000000c   Code   RO          667    i.HAL_RCC_GetHCLKFreq  stm32f1xx_hal_rcc.o
    0x08000cdc   0x08000cdc   0x00000020   Code   RO          669    i.HAL_RCC_GetPCLK1Freq  stm32f1xx_hal_rcc.o
    0x08000cfc   0x08000cfc   0x00000020   Code   RO          670    i.HAL_RCC_GetPCLK2Freq  stm32f1xx_hal_rcc.o
    0x08000d1c   0x08000d1c   0x00000094   Code   RO          671    i.HAL_RCC_GetSysClockFreq  stm32f1xx_hal_rcc.o
    0x08000db0   0x08000db0   0x00000464   Code   RO          674    i.HAL_RCC_OscConfig  stm32f1xx_hal_rcc.o
    0x08001214   0x08001214   0x00000002   Code   RO         2210    i.HAL_TIMEx_BreakCallback  stm32f1xx_hal_tim_ex.o
    0x08001216   0x08001216   0x00000002   Code   RO         2211    i.HAL_TIMEx_CommutCallback  stm32f1xx_hal_tim_ex.o
    0x08001218   0x08001218   0x00000066   Code   RO         1495    i.HAL_TIM_Base_Init  stm32f1xx_hal_tim.o
    0x0800127e   0x0800127e   0x00000002   Code   RO         1497    i.HAL_TIM_Base_MspInit  stm32f1xx_hal_tim.o
    0x08001280   0x08001280   0x00000090   Code   RO         1500    i.HAL_TIM_Base_Start_IT  stm32f1xx_hal_tim.o
    0x08001310   0x08001310   0x00000002   Code   RO         1529    i.HAL_TIM_IC_CaptureCallback  stm32f1xx_hal_tim.o
    0x08001312   0x08001312   0x00000196   Code   RO         1543    i.HAL_TIM_IRQHandler  stm32f1xx_hal_tim.o
    0x080014a8   0x080014a8   0x00000002   Code   RO         1546    i.HAL_TIM_OC_DelayElapsedCallback  stm32f1xx_hal_tim.o
    0x080014aa   0x080014aa   0x00000002   Code   RO         1573    i.HAL_TIM_PWM_PulseFinishedCallback  stm32f1xx_hal_tim.o
    0x080014ac   0x080014ac   0x00000018   Code   RO           14    i.HAL_TIM_PeriodElapsedCallback  main.o
    0x080014c4   0x080014c4   0x00000002   Code   RO         1586    i.HAL_TIM_TriggerCallback  stm32f1xx_hal_tim.o
    0x080014c6   0x080014c6   0x00000002   Code   RO         2488    i.HAL_UARTEx_RxEventCallback  stm32f1xx_hal_uart.o
    0x080014c8   0x080014c8   0x00000002   Code   RO         2502    i.HAL_UART_ErrorCallback  stm32f1xx_hal_uart.o
    0x080014ca   0x080014ca   0x00000002   PAD
    0x080014cc   0x080014cc   0x0000024c   Code   RO         2505    i.HAL_UART_IRQHandler  stm32f1xx_hal_uart.o
    0x08001718   0x08001718   0x00000072   Code   RO         2506    i.HAL_UART_Init     stm32f1xx_hal_uart.o
    0x0800178a   0x0800178a   0x00000002   PAD
    0x0800178c   0x0800178c   0x00000124   Code   RO          277    i.HAL_UART_MspInit  usart.o
    0x080018b0   0x080018b0   0x00000018   Code   RO         2883    i.HAL_UART_RxCpltCallback  driver_usart.o
    0x080018c8   0x080018c8   0x00000058   Code   RO         2516    i.HAL_UART_Transmit_IT  stm32f1xx_hal_uart.o
    0x08001920   0x08001920   0x00000018   Code   RO         2884    i.HAL_UART_TxCpltCallback  driver_usart.o
    0x08001938   0x08001938   0x00000004   Code   RO          326    i.HardFault_Handler  stm32f1xx_it.o
    0x0800193c   0x0800193c   0x00000088   Code   RO         2983    i.KEY_GPIO_ReInit   driver_key.o
    0x080019c4   0x080019c4   0x00000020   Code   RO          227    i.MX_FREERTOS_Init  freertos.o
    0x080019e4   0x080019e4   0x00000120   Code   RO          199    i.MX_GPIO_Init      gpio.o
    0x08001b04   0x08001b04   0x00000038   Code   RO          278    i.MX_USART1_UART_Init  usart.o
    0x08001b3c   0x08001b3c   0x00000038   Code   RO          279    i.MX_USART3_UART_Init  usart.o
    0x08001b74   0x08001b74   0x00000004   Code   RO          327    i.MemManage_Handler  stm32f1xx_it.o
    0x08001b78   0x08001b78   0x00000004   Code   RO          328    i.NMI_Handler       stm32f1xx_it.o
    0x08001b7c   0x08001b7c   0x00000028   Code   RO          675    i.RCC_Delay         stm32f1xx_hal_rcc.o
    0x08001ba4   0x08001ba4   0x00000024   Code   RO          228    i.StartDefaultTask  freertos.o
    0x08001bc8   0x08001bc8   0x00000034   Code   RO         4615    i.SysTick_Handler   port.o
    0x08001bfc   0x08001bfc   0x00000066   Code   RO           15    i.SystemClock_Config  main.o
    0x08001c62   0x08001c62   0x00000002   Code   RO         2845    i.SystemInit        system_stm32f1xx.o
    0x08001c64   0x08001c64   0x00000010   Code   RO          329    i.TIM8_UP_IRQHandler  stm32f1xx_it.o
    0x08001c74   0x08001c74   0x0000009c   Code   RO         1588    i.TIM_Base_SetConfig  stm32f1xx_hal_tim.o
    0x08001d10   0x08001d10   0x00000014   Code   RO         2519    i.UART_DMAAbortOnError  stm32f1xx_hal_uart.o
    0x08001d24   0x08001d24   0x00000036   Code   RO         2529    i.UART_EndRxTransfer  stm32f1xx_hal_uart.o
    0x08001d5a   0x08001d5a   0x00000020   Code   RO         2530    i.UART_EndTransmit_IT  stm32f1xx_hal_uart.o
    0x08001d7a   0x08001d7a   0x000000e4   Code   RO         2532    i.UART_Receive_IT   stm32f1xx_hal_uart.o
    0x08001e5e   0x08001e5e   0x00000002   PAD
    0x08001e60   0x08001e60   0x000000fc   Code   RO         2533    i.UART_SetConfig    stm32f1xx_hal_uart.o
    0x08001f5c   0x08001f5c   0x00000060   Code   RO         2536    i.UART_Transmit_IT  stm32f1xx_hal_uart.o
    0x08001fbc   0x08001fbc   0x00000034   Code   RO         2885    i.USART1_IRQHandler  driver_usart.o
    0x08001ff0   0x08001ff0   0x00000002   Code   RO           16    i.USART3_IRQHandler  main.o
    0x08001ff2   0x08001ff2   0x00000004   Code   RO          330    i.UsageFault_Handler  stm32f1xx_it.o
    0x08001ff6   0x08001ff6   0x00000002   PAD
    0x08001ff8   0x08001ff8   0x00000020   Code   RO         6205    i.__0printf$8       mc_w.l(printf8.o)
    0x08002018   0x08002018   0x00000010   Code   RO          980    i.__NVIC_GetPriorityGrouping  stm32f1xx_hal_cortex.o
    0x08002028   0x08002028   0x00000028   Code   RO          981    i.__NVIC_SetPriority  stm32f1xx_hal_cortex.o
    0x08002050   0x08002050   0x00000006   Code   RO         4129    i.__get_BASEPRI     cmsis_os2.o
    0x08002056   0x08002056   0x00000006   Code   RO         4130    i.__get_IPSR        cmsis_os2.o
    0x0800205c   0x0800205c   0x00000006   Code   RO         4131    i.__get_PRIMASK     cmsis_os2.o
    0x08002062   0x08002062   0x0000000e   Code   RO         6299    i.__scatterload_copy  mc_w.l(handlers.o)
    0x08002070   0x08002070   0x00000002   Code   RO         6300    i.__scatterload_null  mc_w.l(handlers.o)
    0x08002072   0x08002072   0x0000000e   Code   RO         6301    i.__scatterload_zeroinit  mc_w.l(handlers.o)
    0x08002080   0x08002080   0x00000410   Code   RO         6212    i._printf_core      mc_w.l(printf8.o)
    0x08002490   0x08002490   0x00000024   Code   RO         6213    i._printf_post_padding  mc_w.l(printf8.o)
    0x080024b4   0x080024b4   0x0000002e   Code   RO         6214    i._printf_pre_padding  mc_w.l(printf8.o)
    0x080024e2   0x080024e2   0x00000002   PAD
    0x080024e4   0x080024e4   0x00000028   Code   RO         2887    i.fputc             driver_usart.o
    0x0800250c   0x0800250c   0x0000004c   Code   RO           17    i.main              main.o
    0x08002558   0x08002558   0x00000038   Code   RO         4132    i.osDelay           cmsis_os2.o
    0x08002590   0x08002590   0x00000040   Code   RO         4146    i.osKernelInitialize  cmsis_os2.o
    0x080025d0   0x080025d0   0x00000044   Code   RO         4149    i.osKernelStart     cmsis_os2.o
    0x08002614   0x08002614   0x000000dc   Code   RO         4183    i.osThreadNew       cmsis_os2.o
    0x080026f0   0x080026f0   0x0000007c   Code   RO         3604    i.prvAddCurrentTaskToDelayedList  tasks.o
    0x0800276c   0x0800276c   0x000000b8   Code   RO         3605    i.prvAddNewTaskToReadyList  tasks.o
    0x08002824   0x08002824   0x00000074   Code   RO         3965    i.prvCheckForValidListAndQueue  timers.o
    0x08002898   0x08002898   0x00000048   Code   RO         3606    i.prvCheckTasksWaitingTermination  tasks.o
    0x080028e0   0x080028e0   0x0000002a   Code   RO         3197    i.prvCopyDataFromQueue  queue.o
    0x0800290a   0x0800290a   0x0000007c   Code   RO         3198    i.prvCopyDataToQueue  queue.o
    0x08002986   0x08002986   0x00000050   Code   RO         3607    i.prvDeleteTCB      tasks.o
    0x080029d6   0x080029d6   0x00000002   PAD
    0x080029d8   0x080029d8   0x00000028   Code   RO         3966    i.prvGetNextExpireTime  timers.o
    0x08002a00   0x08002a00   0x0000007c   Code   RO         4565    i.prvHeapInit       heap_4.o
    0x08002a7c   0x08002a7c   0x00000028   Code   RO         3608    i.prvIdleTask       tasks.o
    0x08002aa4   0x08002aa4   0x0000002a   Code   RO         3201    i.prvInitialiseNewQueue  queue.o
    0x08002ace   0x08002ace   0x000000b4   Code   RO         3609    i.prvInitialiseNewTask  tasks.o
    0x08002b82   0x08002b82   0x00000002   PAD
    0x08002b84   0x08002b84   0x00000068   Code   RO         3610    i.prvInitialiseTaskLists  tasks.o
    0x08002bec   0x08002bec   0x00000068   Code   RO         4566    i.prvInsertBlockIntoFreeList  heap_4.o
    0x08002c54   0x08002c54   0x00000058   Code   RO         3968    i.prvInsertTimerInActiveList  timers.o
    0x08002cac   0x08002cac   0x0000001a   Code   RO         3202    i.prvIsQueueEmpty   queue.o
    0x08002cc6   0x08002cc6   0x0000001e   Code   RO         3203    i.prvIsQueueFull    queue.o
    0x08002ce4   0x08002ce4   0x00000064   Code   RO         3969    i.prvProcessExpiredTimer  timers.o
    0x08002d48   0x08002d48   0x00000128   Code   RO         3970    i.prvProcessReceivedCommands  timers.o
    0x08002e70   0x08002e70   0x00000074   Code   RO         3971    i.prvProcessTimerOrBlockTask  timers.o
    0x08002ee4   0x08002ee4   0x00000034   Code   RO         3612    i.prvResetNextTaskUnblockTime  tasks.o
    0x08002f18   0x08002f18   0x0000002c   Code   RO         3972    i.prvSampleTimeNow  timers.o
    0x08002f44   0x08002f44   0x000000a0   Code   RO         3973    i.prvSwitchTimerLists  timers.o
    0x08002fe4   0x08002fe4   0x00000040   Code   RO         4616    i.prvTaskExitError  port.o
    0x08003024   0x08003024   0x0000001a   Code   RO         3974    i.prvTimerTask      timers.o
    0x0800303e   0x0800303e   0x0000007e   Code   RO         3204    i.prvUnlockQueue    queue.o
    0x080030bc   0x080030bc   0x0000013c   Code   RO         4567    i.pvPortMalloc      heap_4.o
    0x080031f8   0x080031f8   0x00000024   Code   RO         4617    i.pxPortInitialiseStack  port.o
    0x0800321c   0x0800321c   0x0000000c   Code   RO         2943    i.ring_buffer_init  ring_buffer.o
    0x08003228   0x08003228   0x0000001e   Code   RO         2945    i.ring_buffer_write  ring_buffer.o
    0x08003246   0x08003246   0x00000028   Code   RO         3157    i.uxListRemove      list.o
    0x0800326e   0x0800326e   0x00000002   PAD
    0x08003270   0x08003270   0x00000018   Code   RO         4195    i.vApplicationGetIdleTaskMemory  cmsis_os2.o
    0x08003288   0x08003288   0x00000018   Code   RO         4196    i.vApplicationGetTimerTaskMemory  cmsis_os2.o
    0x080032a0   0x080032a0   0x0000001a   Code   RO         3158    i.vListInitialise   list.o
    0x080032ba   0x080032ba   0x00000006   Code   RO         3159    i.vListInitialiseItem  list.o
    0x080032c0   0x080032c0   0x00000034   Code   RO         3160    i.vListInsert       list.o
    0x080032f4   0x080032f4   0x00000018   Code   RO         3161    i.vListInsertEnd    list.o
    0x0800330c   0x0800330c   0x00000054   Code   RO         4619    i.vPortEnterCritical  port.o
    0x08003360   0x08003360   0x0000003c   Code   RO         4620    i.vPortExitCritical  port.o
    0x0800339c   0x0800339c   0x00000094   Code   RO         4568    i.vPortFree         heap_4.o
    0x08003430   0x08003430   0x00000028   Code   RO         4621    i.vPortSetupTimerInterrupt  port.o
    0x08003458   0x08003458   0x00000078   Code   RO         4622    i.vPortValidateInterruptPriority  port.o
    0x080034d0   0x080034d0   0x0000002c   Code   RO         3210    i.vQueueAddToRegistry  queue.o
    0x080034fc   0x080034fc   0x0000004a   Code   RO         3214    i.vQueueWaitForMessageRestricted  queue.o
    0x08003546   0x08003546   0x00000002   PAD
    0x08003548   0x08003548   0x0000005c   Code   RO         3624    i.vTaskDelay        tasks.o
    0x080035a4   0x080035a4   0x00000018   Code   RO         3629    i.vTaskInternalSetTimeOutState  tasks.o
    0x080035bc   0x080035bc   0x0000000c   Code   RO         3630    i.vTaskMissedYield  tasks.o
    0x080035c8   0x080035c8   0x00000038   Code   RO         3632    i.vTaskPlaceOnEventList  tasks.o
    0x08003600   0x08003600   0x00000040   Code   RO         3633    i.vTaskPlaceOnEventListRestricted  tasks.o
    0x08003640   0x08003640   0x000000b8   Code   RO         3641    i.vTaskStartScheduler  tasks.o
    0x080036f8   0x080036f8   0x00000010   Code   RO         3643    i.vTaskSuspendAll   tasks.o
    0x08003708   0x08003708   0x00000090   Code   RO         3644    i.vTaskSwitchContext  tasks.o
    0x08003798   0x08003798   0x000000f8   Code   RO         4623    i.xPortStartScheduler  port.o
    0x08003890   0x08003890   0x000000de   Code   RO         3220    i.xQueueGenericCreateStatic  queue.o
    0x0800396e   0x0800396e   0x00000002   PAD
    0x08003970   0x08003970   0x00000098   Code   RO         3221    i.xQueueGenericReset  queue.o
    0x08003a08   0x08003a08   0x000001a8   Code   RO         3222    i.xQueueGenericSend  queue.o
    0x08003bb0   0x08003bb0   0x000000f8   Code   RO         3223    i.xQueueGenericSendFromISR  queue.o
    0x08003ca8   0x08003ca8   0x00000168   Code   RO         3232    i.xQueueReceive     queue.o
    0x08003e10   0x08003e10   0x0000008c   Code   RO         3645    i.xTaskCheckForTimeOut  tasks.o
    0x08003e9c   0x08003e9c   0x00000064   Code   RO         3646    i.xTaskCreate       tasks.o
    0x08003f00   0x08003f00   0x000000b8   Code   RO         3647    i.xTaskCreateStatic  tasks.o
    0x08003fb8   0x08003fb8   0x00000020   Code   RO         3651    i.xTaskGetSchedulerState  tasks.o
    0x08003fd8   0x08003fd8   0x0000000c   Code   RO         3652    i.xTaskGetTickCount  tasks.o
    0x08003fe4   0x08003fe4   0x00000144   Code   RO         3654    i.xTaskIncrementTick  tasks.o
    0x08004128   0x08004128   0x000000a4   Code   RO         3657    i.xTaskPriorityDisinherit  tasks.o
    0x080041cc   0x080041cc   0x00000098   Code   RO         3659    i.xTaskRemoveFromEventList  tasks.o
    0x08004264   0x08004264   0x00000104   Code   RO         3660    i.xTaskResumeAll    tasks.o
    0x08004368   0x08004368   0x00000078   Code   RO         3981    i.xTimerCreateTimerTask  timers.o
    0x080043e0   0x080043e0   0x00000084   Code   RO         3982    i.xTimerGenericCommand  timers.o
    0x08004464   0x08004464   0x00000024   Data   RO          229    .constdata          freertos.o
    0x08004488   0x08004488   0x00000018   Data   RO         2846    .constdata          system_stm32f1xx.o
    0x080044a0   0x080044a0   0x0000000c   Data   RO          230    .conststring        freertos.o
    0x080044ac   0x080044ac   0x00000020   Data   RO         6297    Region$$Table       anon$$obj.o


    Execution Region RW_IRAM1 (Exec base: 0x20000000, Load base: 0x080044cc, Size: 0x00002248, Max: 0x00010000, ABSOLUTE)

    Exec Addr    Load Addr    Size         Type   Attr      Idx    E Section Name        Object

    0x20000000   0x080044cc   0x00000004   Data   RW          231    .data               freertos.o
    0x20000004   0x080044d0   0x00000009   Data   RW          512    .data               stm32f1xx_hal.o
    0x2000000d   0x080044d9   0x00000003   PAD
    0x20000010   0x080044dc   0x00000004   Data   RW         2847    .data               system_stm32f1xx.o
    0x20000014   0x080044e0   0x00000003   Data   RW         2888    .data               driver_usart.o
    0x20000017   0x080044e3   0x00000002   Data   RW         2984    .data               driver_key.o
    0x20000019   0x080044e5   0x00000003   PAD
    0x2000001c   0x080044e8   0x0000003c   Data   RW         3663    .data               tasks.o
    0x20000058   0x08004524   0x00000014   Data   RW         3990    .data               timers.o
    0x2000006c   0x08004538   0x00000004   Data   RW         4198    .data               cmsis_os2.o
    0x20000070   0x0800453c   0x00000018   Data   RW         4573    .data               heap_4.o
    0x20000088   0x08004554   0x0000000c   Data   RW         4624    .data               port.o
    0x20000094   0x08004560   0x00000004   Data   RW         6273    .data               mc_w.l(stdout.o)
    0x20000098        -       0x00000408   Zero   RW           18    .bss                main.o
    0x200004a0        -       0x00000088   Zero   RW          280    .bss                usart.o
    0x20000528        -       0x00000048   Zero   RW          415    .bss                stm32f1xx_hal_timebase_tim.o
    0x20000570        -       0x00000040   Zero   RW         3236    .bss                queue.o
    0x200005b0        -       0x000004c4   Zero   RW         3662    .bss                tasks.o
    0x20000a74        -       0x00000118   Zero   RW         3989    .bss                timers.o
    0x20000b8c        -       0x000006b8   Zero   RW         4197    .bss                cmsis_os2.o
    0x20001244        -       0x00000c00   Zero   RW         4572    .bss                heap_4.o
    0x20001e44   0x08004564   0x00000004   PAD
    0x20001e48        -       0x00000400   Zero   RW            1    STACK               startup_stm32f103xe.o


==============================================================================

Image component sizes


      Code (inc. data)   RO Data    RW Data    ZI Data      Debug   Object Name

       474         38          0          4       1720      14830   cmsis_os2.o
       216         26          0          2          0       2138   driver_key.o
       180         42          0          3          0       3181   driver_usart.o
         0          0          0          0          0      20116   event_groups.o
        68         34         48          4          0       4337   freertos.o
       288         16          0          0          0       1011   gpio.o
       692         62          0         24       3072       4599   heap_4.o
       148          0          0          0          0       3346   list.o
       210         26          0          0       1032     498126   main.o
       854         78          0         12          0      10777   port.o
      1914         20          0          0         64      16576   queue.o
        42          0          0          0          0       1375   ring_buffer.o
        36          8        304          0       1024        792   startup_stm32f103xe.o
        76         20          0          9          0       5186   stm32f1xx_hal.o
       252         22          0          0          0      28606   stm32f1xx_hal_cortex.o
       510         10          0          0          0       1859   stm32f1xx_hal_dma.o
       888         44          0          0          0       3878   stm32f1xx_hal_gpio.o
        96         10          0          0          0        874   stm32f1xx_hal_msp.o
      1852        120          0          0          0       6529   stm32f1xx_hal_rcc.o
       818         44          0          0          0       6038   stm32f1xx_hal_tim.o
         4          0          0          0          0       1485   stm32f1xx_hal_tim_ex.o
       136         18          0          0         72       1431   stm32f1xx_hal_timebase_tim.o
      1476         10          0          0          0       7995   stm32f1xx_hal_uart.o
        38          6          0          0          0       3002   stm32f1xx_it.o
         0          0          0          0          0       8876   stream_buffer.o
         2          0         24          4          0       1083   system_stm32f1xx.o
      2796        346          0         60       1220      23382   tasks.o
      1238        124          0         20        280      26439   timers.o
       404         46          0          0        136       2315   usart.o

    ----------------------------------------------------------------------
     15728       1170        408        148       8624     710182   Object Totals
         0          0         32          0          0          0   (incl. Generated)
        20          0          0          6          4          0   (incl. Padding)

    ----------------------------------------------------------------------

      Code (inc. data)   RO Data    RW Data    ZI Data      Debug   Library Member Name

         0          0          0          0          0          0   entry.o
         0          0          0          0          0          0   entry10a.o
         0          0          0          0          0          0   entry11a.o
         8          4          0          0          0          0   entry2.o
         4          0          0          0          0          0   entry5.o
         0          0          0          0          0          0   entry7b.o
         0          0          0          0          0          0   entry8b.o
         8          4          0          0          0          0   entry9a.o
        30          0          0          0          0          0   handlers.o
        36          8          0          0          0         68   init.o
        30          0          0          0          0         68   llshl.o
        32          0          0          0          0         68   llushr.o
        36          0          0          0          0         68   memcpya.o
        36          0          0          0          0        108   memseta.o
      1154         54          0          0          0        352   printf8.o
         0          0          0          4          0          0   stdout.o
        98          0          0          0          0         92   uldiv.o

    ----------------------------------------------------------------------
      1476         70          0          4          0        824   Library Totals
         4          0          0          0          0          0   (incl. Padding)

    ----------------------------------------------------------------------

      Code (inc. data)   RO Data    RW Data    ZI Data      Debug   Library Name

      1472         70          0          4          0        824   mc_w.l

    ----------------------------------------------------------------------
      1476         70          0          4          0        824   Library Totals

    ----------------------------------------------------------------------

==============================================================================


      Code (inc. data)   RO Data    RW Data    ZI Data      Debug   

     17204       1240        408        152       8624     703150   Grand Totals
     17204       1240        408        152       8624     703150   ELF Image Totals
     17204       1240        408        152          0          0   ROM Totals

==============================================================================

    Total RO  Size (Code + RO Data)                17612 (  17.20kB)
    Total RW  Size (RW Data + ZI Data)              8776 (   8.57kB)
    Total ROM Size (Code + RO Data + RW Data)      17764 (  17.35kB)

==============================================================================

