Component: ARM Compiler 5.06 update 5 (build 528) Tool: armlink [4d35e2]

==============================================================================

Section Cross References

    startup_stm32f103xe.o(RESET) refers to startup_stm32f103xe.o(STACK) for __initial_sp
    startup_stm32f103xe.o(RESET) refers to startup_stm32f103xe.o(.text) for Reset_Handler
    startup_stm32f103xe.o(RESET) refers to stm32f1xx_it.o(i.NMI_Handler) for NMI_Handler
    startup_stm32f103xe.o(RESET) refers to stm32f1xx_it.o(i.HardFault_Handler) for HardFault_Handler
    startup_stm32f103xe.o(RESET) refers to stm32f1xx_it.o(i.MemManage_Handler) for MemManage_Handler
    startup_stm32f103xe.o(RESET) refers to stm32f1xx_it.o(i.BusFault_Handler) for BusFault_Handler
    startup_stm32f103xe.o(RESET) refers to stm32f1xx_it.o(i.UsageFault_Handler) for UsageFault_Handler
    startup_stm32f103xe.o(RESET) refers to port.o(.emb_text) for SVC_Handler
    startup_stm32f103xe.o(RESET) refers to stm32f1xx_it.o(i.DebugMon_Handler) for DebugMon_Handler
    startup_stm32f103xe.o(RESET) refers to port.o(i.SysTick_Handler) for SysTick_Handler
    startup_stm32f103xe.o(RESET) refers to driver_usart.o(i.USART1_IRQHandler) for USART1_IRQHandler
    startup_stm32f103xe.o(RESET) refers to stm32_uart3.o(i.USART3_IRQHandler) for USART3_IRQHandler
    startup_stm32f103xe.o(RESET) refers to driver_key.o(i.EXTI15_10_IRQHandler) for EXTI15_10_IRQHandler
    startup_stm32f103xe.o(RESET) refers to stm32f1xx_it.o(i.TIM8_UP_IRQHandler) for TIM8_UP_IRQHandler
    startup_stm32f103xe.o(.text) refers to system_stm32f1xx.o(i.SystemInit) for SystemInit
    startup_stm32f103xe.o(.text) refers to entry.o(.ARM.Collect$$$$00000000) for __main
    main.o(i.HAL_TIM_PeriodElapsedCallback) refers to stm32f1xx_hal.o(i.HAL_IncTick) for HAL_IncTick
    main.o(i.SystemClock_Config) refers to memseta.o(.text) for __aeabi_memclr4
    main.o(i.SystemClock_Config) refers to stm32f1xx_hal_rcc.o(i.HAL_RCC_OscConfig) for HAL_RCC_OscConfig
    main.o(i.SystemClock_Config) refers to main.o(i.Error_Handler) for Error_Handler
    main.o(i.SystemClock_Config) refers to stm32f1xx_hal_rcc.o(i.HAL_RCC_ClockConfig) for HAL_RCC_ClockConfig
    main.o(i.main) refers to stm32f1xx_hal.o(i.HAL_Init) for HAL_Init
    main.o(i.main) refers to main.o(i.SystemClock_Config) for SystemClock_Config
    main.o(i.main) refers to gpio.o(i.MX_GPIO_Init) for MX_GPIO_Init
    main.o(i.main) refers to usart.o(i.MX_USART1_UART_Init) for MX_USART1_UART_Init
    main.o(i.main) refers to usart.o(i.MX_USART3_UART_Init) for MX_USART3_UART_Init
    main.o(i.main) refers to driver_key.o(i.KEY_GPIO_ReInit) for KEY_GPIO_ReInit
    main.o(i.main) refers to ring_buffer.o(i.ring_buffer_init) for ring_buffer_init
    main.o(i.main) refers to stm32_uart3.o(i.UART3_Lock_Init) for UART3_Lock_Init
    main.o(i.main) refers to driver_usart.o(i.EnableDebugIRQ) for EnableDebugIRQ
    main.o(i.main) refers to driver_usart.o(i.EnableUSART3IRQ) for EnableUSART3IRQ
    main.o(i.main) refers to printf8.o(i.__0printf$8) for __2printf
    main.o(i.main) refers to cmsis_os2.o(i.osKernelInitialize) for osKernelInitialize
    main.o(i.main) refers to freertos.o(i.MX_FREERTOS_Init) for MX_FREERTOS_Init
    main.o(i.main) refers to at_command.o(i.ATInit) for ATInit
    main.o(i.main) refers to cmsis_os2.o(i.osKernelStart) for osKernelStart
    main.o(i.main) refers to stm32_uart3.o(i.USART3_Wirte) for USART3_Wirte
    main.o(i.main) refers to main.o(.bss) for test_buffer
    gpio.o(i.MX_GPIO_Init) refers to stm32f1xx_hal_gpio.o(i.HAL_GPIO_WritePin) for HAL_GPIO_WritePin
    gpio.o(i.MX_GPIO_Init) refers to stm32f1xx_hal_gpio.o(i.HAL_GPIO_Init) for HAL_GPIO_Init
    freertos.o(i.MX_FREERTOS_Init) refers to cmsis_os2.o(i.osThreadNew) for osThreadNew
    freertos.o(i.MX_FREERTOS_Init) refers to freertos.o(.constdata) for defaultTask_attributes
    freertos.o(i.MX_FREERTOS_Init) refers to freertos.o(i.StartDefaultTask) for StartDefaultTask
    freertos.o(i.MX_FREERTOS_Init) refers to freertos.o(.data) for defaultTaskHandle
    freertos.o(i.MX_FREERTOS_Init) refers to at_command.o(i.ATRecvParser) for ATRecvParser
    freertos.o(i.MX_FREERTOS_Init) refers to at_command.o(i.MQTT_Client_Task) for MQTT_Client_Task
    freertos.o(i.StartDefaultTask) refers to printf8.o(i.__0printf$8) for __2printf
    freertos.o(i.StartDefaultTask) refers to cmsis_os2.o(i.osDelay) for osDelay
    freertos.o(.constdata) refers to freertos.o(.conststring) for .conststring
    stm32f1xx_it.o(i.TIM8_UP_IRQHandler) refers to stm32f1xx_hal_tim.o(i.HAL_TIM_IRQHandler) for HAL_TIM_IRQHandler
    stm32f1xx_it.o(i.TIM8_UP_IRQHandler) refers to stm32f1xx_hal_timebase_tim.o(.bss) for htim8
    stm32f1xx_hal_msp.o(i.HAL_MspInit) refers to stm32f1xx_hal_cortex.o(i.HAL_NVIC_SetPriority) for HAL_NVIC_SetPriority
    stm32f1xx_hal_timebase_tim.o(i.HAL_InitTick) refers to stm32f1xx_hal_cortex.o(i.HAL_NVIC_SetPriority) for HAL_NVIC_SetPriority
[...]
    ucMaxSysCallPriority                     0x2000008c   Data           1  port.o(.data)
    ulMaxPRIGROUPValue                       0x20000090   Data           4  port.o(.data)
    .data                                    0x20000094   Section        4  random.o(.data)
    last_seed                                0x20000094   Data           4  random.o(.data)
    .data                                    0x20000098   Section        4  mqttpacket.o(.data)
    bufptr                                   0x20000098   Data           4  mqttpacket.o(.data)
    .data                                    0x2000009c   Section        4  platform_mutex.o(.data)
    xHigherPriorityTaskWoken                 0x2000009c   Data           4  platform_mutex.o(.data)
    .data                                    0x200000a0   Section       16  at_command.o(.data)
    at_ret_mutex                             0x200000a0   Data           4  at_command.o(.data)
    at_packet_mutex                          0x200000a4   Data           4  at_command.o(.data)
    g_at_status                              0x200000a8   Data           4  at_command.o(.data)
    g_cur_cmd                                0x200000ac   Data           4  at_command.o(.data)
    .data                                    0x200000b0   Section        4  stm32_uart3.o(.data)
    uart_recv_mutex                          0x200000b0   Data           4  stm32_uart3.o(.data)
    .data                                    0x200000b4   Section        4  rand.o(.data)
    _rand_state                              0x200000b4   Data           4  rand.o(.data)
    .data                                    0x200000b8   Section        4  stdout.o(.data)
    .bss                                     0x200000bc   Section     1032  main.o(.bss)
    .bss                                     0x200004c4   Section       72  stm32f1xx_hal_timebase_tim.o(.bss)
    .bss                                     0x2000050c   Section      136  usart.o(.bss)
    .bss                                     0x20000594   Section       64  queue.o(.bss)
    .bss                                     0x200005d4   Section     1220  tasks.o(.bss)
    pxReadyTasksLists                        0x200005d4   Data        1120  tasks.o(.bss)
    xDelayedTaskList1                        0x20000a34   Data          20  tasks.o(.bss)
    xDelayedTaskList2                        0x20000a48   Data          20  tasks.o(.bss)
    xPendingReadyList                        0x20000a5c   Data          20  tasks.o(.bss)
    xTasksWaitingTermination                 0x20000a70   Data          20  tasks.o(.bss)
    xSuspendedTaskList                       0x20000a84   Data          20  tasks.o(.bss)
    .bss                                     0x20000a98   Section      280  timers.o(.bss)
    xActiveTimerList1                        0x20000a98   Data          20  timers.o(.bss)
    xActiveTimerList2                        0x20000aac   Data          20  timers.o(.bss)
    xStaticTimerQueue                        0x20000ac0   Data          80  timers.o(.bss)
    ucStaticTimerQueueStorage                0x20000b10   Data         160  timers.o(.bss)
    .bss                                     0x20000bb0   Section     1720  cmsis_os2.o(.bss)
    Idle_TCB                                 0x20000bb0   Data          92  cmsis_os2.o(.bss)
    Idle_Stack                               0x20000c0c   Data         512  cmsis_os2.o(.bss)
    Timer_TCB                                0x20000e0c   Data          92  cmsis_os2.o(.bss)
    Timer_Stack                              0x20000e68   Data        1024  cmsis_os2.o(.bss)
    .bss                                     0x20001268   Section     8192  heap_4.o(.bss)
    ucHeap                                   0x20001268   Data        8192  heap_4.o(.bss)
    .bss                                     0x20003268   Section     1132  at_command.o(.bss)
    g_packet_buffer                          0x20003268   Data        1032  at_command.o(.bss)
    g_at_resp                                0x20003670   Data         100  at_command.o(.bss)
    .bss                                     0x200036d4   Section     1032  stm32_uart3.o(.bss)
    uart3_buffer                             0x200036d4   Data        1032  stm32_uart3.o(.bss)
    STACK                                    0x20003ae0   Section     1024  startup_stm32f103xe.o(STACK)

    Global Symbols

    Symbol Name                              Value     Ov Type        Size  Object(Section)

    BuildAttributes$$THM_ISAv4$P$D$K$B$S$PE$A:L22UL41UL21$X:L11$S22US41US21$IEEE1$IW$USESV6$~STKCKD$USESV7$~SHL$OSPACE$ROPI$EBA8$MICROLIB$REQ8$PRES8$EABIv2 0x00000000   Number         0  anon$$obj.o ABSOLUTE
    __ARM_use_no_argv                        0x00000000   Number         0  main.o ABSOLUTE
    _printf_a                                0x00000000   Number         0  stubs.o ABSOLUTE
    _printf_c                                0x00000000   Number         0  stubs.o ABSOLUTE
    _printf_charcount                        0x00000000   Number         0  stubs.o ABSOLUTE
    _printf_d                                0x00000000   Number         0  stubs.o ABSOLUTE
    _printf_e                                0x00000000   Number         0  stubs.o ABSOLUTE
    _printf_f                                0x00000000   Number         0  stubs.o ABSOLUTE
    _printf_flags                            0x00000000   Number         0  stubs.o ABSOLUTE
    _printf_fp_dec                           0x00000000   Number         0  stubs.o ABSOLUTE
    _printf_fp_hex                           0x00000000   Number         0  stubs.o ABSOLUTE
    _printf_g                                0x00000000   Number         0  stubs.o ABSOLUTE
    _printf_i                                0x00000000   Number         0  stubs.o ABSOLUTE
    _printf_int_dec                          0x00000000   Number         0  stubs.o ABSOLUTE
    _printf_l                                0x00000000   Number         0  stubs.o ABSOLUTE
    _printf_lc                               0x00000000   Number         0  stubs.o ABSOLUTE
    _printf_ll                               0x00000000   Number         0  stubs.o ABSOLUTE
    _printf_lld                              0x00000000   Number         0  stubs.o ABSOLUTE
    _printf_lli                              0x00000000   Number         0  stubs.o ABSOLUTE
    _printf_llo                              0x00000000   Number         0  stubs.o ABSOLUTE
    _printf_llu                              0x00000000   Number         0  stubs.o ABSOLUTE
    _printf_llx                              0x00000000   Number         0  stubs.o ABSOLUTE
    _printf_longlong_dec                     0x00000000   Number         0  stubs.o ABSOLUTE
    _printf_longlong_hex                     0x00000000   Number         0  stubs.o ABSOLUTE
    _printf_longlong_oct                     0x00000000   Number         0  stubs.o ABSOLUTE
    _printf_ls                               0x00000000   Number         0  stubs.o ABSOLUTE
    _printf_mbtowc                           0x00000000   Number         0  stubs.o ABSOLUTE
    _printf_n                                0x00000000   Number         0  stubs.o ABSOLUTE
    _printf_o                                0x00000000   Number         0  stubs.o ABSOLUTE
    _printf_p                                0x00000000   Number         0  stubs.o ABSOLUTE
    _printf_percent                          0x00000000   Number         0  stubs.o ABSOLUTE
    _printf_pre_padding                      0x00000000   Number         0  stubs.o ABSOLUTE
    _printf_return_value                     0x00000000   Number         0  stubs.o ABSOLUTE
    _printf_s                                0x00000000   Number         0  stubs.o ABSOLUTE
    _printf_sizespec                         0x00000000   Number         0  stubs.o ABSOLUTE
    _printf_str                              0x00000000   Number         0  stubs.o ABSOLUTE
    _printf_truncate_signed                  0x00000000   Number         0  stubs.o ABSOLUTE
    _printf_truncate_unsigned                0x00000000   Number         0  stubs.o ABSOLUTE
    _printf_u                                0x00000000   Number         0  stubs.o ABSOLUTE
    _printf_wc                               0x00000000   Number         0  stubs.o ABSOLUTE
    _printf_wctomb                           0x00000000   Number         0  stubs.o ABSOLUTE
    _printf_widthprec                        0x00000000   Number         0  stubs.o ABSOLUTE
    _printf_x                                0x00000000   Number         0  stubs.o ABSOLUTE
    __cpp_initialize__aeabi_                  - Undefined Weak Reference
    __cxa_finalize                            - Undefined Weak Reference
    __decompress                              - Undefined Weak Reference
    _clock_init                               - Undefined Weak Reference
    _microlib_exit                            - Undefined Weak Reference
    __Vectors_Size                           0x00000130   Number         0  startup_stm32f103xe.o ABSOLUTE
    __Vectors                                0x08000000   Data           4  startup_stm32f103xe.o(RESET)
    __Vectors_End                            0x08000130   Data           0  startup_stm32f103xe.o(RESET)
    __main                                   0x08000131   Thumb Code     0  entry.o(.ARM.Collect$$$$00000000)
    _main_stk                                0x08000131   Thumb Code     0  entry2.o(.ARM.Collect$$$$00000001)
    _main_scatterload                        0x08000135   Thumb Code     0  entry5.o(.ARM.Collect$$$$00000004)
    __main_after_scatterload                 0x08000139   Thumb Code     0  entry5.o(.ARM.Collect$$$$00000004)
    _main_clock                              0x08000139   Thumb Code     0  entry7b.o(.ARM.Collect$$$$00000008)
    _main_cpp_init                           0x08000139   Thumb Code     0  entry8b.o(.ARM.Collect$$$$0000000A)
    _main_init                               0x08000139   Thumb Code     0  entry9a.o(.ARM.Collect$$$$0000000B)
    __rt_final_cpp                           0x08000141   Thumb Code     0  entry10a.o(.ARM.Collect$$$$0000000D)
    __rt_final_exit                          0x08000141   Thumb Code     0  entry11a.o(.ARM.Collect$$$$0000000F)
    SVC_Handler                              0x08000145   Thumb Code    32  port.o(.emb_text)
    __asm___6_port_c_39a90d8d__prvStartFirstTask 0x08000169   Thumb Code    28  port.o(.emb_text)
    PendSV_Handler                           0x08000189   Thumb Code    72  port.o(.emb_text)
    vPortGetIPSR                             0x080001d5   Thumb Code     6  port.o(.emb_text)
    Reset_Handler                            0x080001dd   Thumb Code     8  startup_stm32f103xe.o(.text)
    ADC1_2_IRQHandler                        0x080001f7   Thumb Code     0  startup_stm32f103xe.o(.text)
    ADC3_IRQHandler                          0x080001f7   Thumb Code     0  startup_stm32f103xe.o(.text)
    CAN1_RX1_IRQHandler                      0x080001f7   Thumb Code     0  startup_stm32f103xe.o(.text)
    CAN1_SCE_IRQHandler                      0x080001f7   Thumb Code     0  startup_stm32f103xe.o(.text)
    DMA1_Channel1_IRQHandler                 0x080001f7   Thumb Code     0  startup_stm32f103xe.o(.text)
    DMA1_Channel2_IRQHandler                 0x080001f7   Thumb Code     0  startup_stm32f103xe.o(.text)
    DMA1_Channel3_IRQHandler                 0x080001f7   Thumb Code     0  startup_stm32f103xe.o(.text)
    DMA1_Channel4_IRQHandler                 0x080001f7   Thumb Code     0  startup_stm32f103xe.o(.text)
    DMA1_Channel5_IRQHandler                 0x080001f7   Thumb Code     0  startup_stm32f103xe.o(.text)
    DMA1_Channel6_IRQHandler                 0x080001f7   Thumb Code     0  startup_stm32f103xe.o(.text)
    DMA1_Channel7_IRQHandler                 0x080001f7   Thumb Code     0  startup_stm32f103xe.o(.text)
    DMA2_Channel1_IRQHandler                 0x080001f7   Thumb Code     0  startup_stm32f103xe.o(.text)
    DMA2_Channel2_IRQHandler                 0x080001f7   Thumb Code     0  startup_stm32f103xe.o(.text)
    DMA2_Channel3_IRQHandler                 0x080001f7   Thumb Code     0  startup_stm32f103xe.o(.text)
    DMA2_Channel4_5_IRQHandler               0x080001f7   Thumb Code     0  startup_stm32f103xe.o(.text)
    EXTI0_IRQHandler                         0x080001f7   Thumb Code     0  startup_stm32f103xe.o(.text)
    EXTI1_IRQHandler                         0x080001f7   Thumb Code     0  startup_stm32f103xe.o(.text)
    EXTI2_IRQHandler                         0x080001f7   Thumb Code     0  startup_stm32f103xe.o(.text)
    EXTI3_IRQHandler                         0x080001f7   Thumb Code     0  startup_stm32f103xe.o(.text)
    EXTI4_IRQHandler                         0x080001f7   Thumb Code     0  startup_stm32f103xe.o(.text)
    EXTI9_5_IRQHandler                       0x080001f7   Thumb Code     0  startup_stm32f103xe.o(.text)
    FLASH_IRQHandler                         0x080001f7   Thumb Code     0  startup_stm32f103xe.o(.text)
    FSMC_IRQHandler                          0x080001f7   Thumb Code     0  startup_stm32f103xe.o(.text)
    I2C1_ER_IRQHandler                       0x080001f7   Thumb Code     0  startup_stm32f103xe.o(.text)
    I2C1_EV_IRQHandler                       0x080001f7   Thumb Code     0  startup_stm32f103xe.o(.text)
    I2C2_ER_IRQHandler                       0x080001f7   Thumb Code     0  startup_stm32f103xe.o(.text)
    I2C2_EV_IRQHandler                       0x080001f7   Thumb Code     0  startup_stm32f103xe.o(.text)
    PVD_IRQHandler                           0x080001f7   Thumb Code     0  startup_stm32f103xe.o(.text)
    RCC_IRQHandler                           0x080001f7   Thumb Code     0  startup_stm32f103xe.o(.text)
    RTC_Alarm_IRQHandler                     0x080001f7   Thumb Code     0  startup_stm32f103xe.o(.text)
    RTC_IRQHandler                           0x080001f7   Thumb Code     0  startup_stm32f103xe.o(.text)
    SDIO_IRQHandler                          0x080001f7   Thumb Code     0  startup_stm32f103xe.o(.text)
    SPI1_IRQHandler                          0x080001f7   Thumb Code     0  startup_stm32f103xe.o(.text)
    SPI2_IRQHandler                          0x080001f7   Thumb Code     0  startup_stm32f103xe.o(.text)
    SPI3_IRQHandler                          0x080001f7   Thumb Code     0  startup_stm32f103xe.o(.text)
    TAMPER_IRQHandler                        0x080001f7   Thumb Code     0  startup_stm32f103xe.o(.text)
    TIM1_BRK_IRQHandler                      0x080001f7   Thumb Code     0  startup_stm32f103xe.o(.text)
    TIM1_CC_IRQHandler                       0x080001f7   Thumb Code     0  startup_stm32f103xe.o(.text)
    TIM1_TRG_COM_IRQHandler                  0x080001f7   Thumb Code     0  startup_stm32f103xe.o(.text)
    TIM1_UP_IRQHandler                       0x080001f7   Thumb Code     0  startup_stm32f103xe.o(.text)
    TIM2_IRQHandler                          0x080001f7   Thumb Code     0  startup_stm32f103xe.o(.text)
    TIM3_IRQHandler                          0x080001f7   Thumb Code     0  startup_stm32f103xe.o(.text)
    TIM4_IRQHandler                          0x080001f7   Thumb Code     0  startup_stm32f103xe.o(.text)
    TIM5_IRQHandler                          0x080001f7   Thumb Code     0  startup_stm32f103xe.o(.text)
    TIM6_IRQHandler                          0x080001f7   Thumb Code     0  startup_stm32f103xe.o(.text)
    TIM7_IRQHandler                          0x080001f7   Thumb Code     0  startup_stm32f103xe.o(.text)
    TIM8_BRK_IRQHandler                      0x080001f7   Thumb Code     0  startup_stm32f103xe.o(.text)
    TIM8_CC_IRQHandler                       0x080001f7   Thumb Code     0  startup_stm32f103xe.o(.text)
    TIM8_TRG_COM_IRQHandler                  0x080001f7   Thumb Code     0  startup_stm32f103xe.o(.text)
    UART4_IRQHandler                         0x080001f7   Thumb Code     0  startup_stm32f103xe.o(.text)
    UART5_IRQHandler                         0x080001f7   Thumb Code     0  startup_stm32f103xe.o(.text)
    USART2_IRQHandler                        0x080001f7   Thumb Code     0  startup_stm32f103xe.o(.text)
    USBWakeUp_IRQHandler                     0x080001f7   Thumb Code     0  startup_stm32f103xe.o(.text)
    USB_HP_CAN1_TX_IRQHandler                0x080001f7   Thumb Code     0  startup_stm32f103xe.o(.text)
    USB_LP_CAN1_RX0_IRQHandler               0x080001f7   Thumb Code     0  startup_stm32f103xe.o(.text)
    WWDG_IRQHandler                          0x080001f7   Thumb Code     0  startup_stm32f103xe.o(.text)
    __aeabi_llsr                             0x08000201   Thumb Code    32  llushr.o(.text)
    _ll_ushift_r                             0x08000201   Thumb Code     0  llushr.o(.text)
    rand                                     0x08000221   Thumb Code    20  rand.o(.text)
    srand                                    0x08000235   Thumb Code     6  rand.o(.text)
    __aeabi_memcpy                           0x08000245   Thumb Code    36  memcpya.o(.text)
    __aeabi_memcpy4                          0x08000245   Thumb Code     0  memcpya.o(.text)
    __aeabi_memcpy8                          0x08000245   Thumb Code     0  memcpya.o(.text)
    __aeabi_memset                           0x08000269   Thumb Code    14  memseta.o(.text)
    __aeabi_memset4                          0x08000269   Thumb Code     0  memseta.o(.text)
    __aeabi_memset8                          0x08000269   Thumb Code     0  memseta.o(.text)
    __aeabi_memclr                           0x08000277   Thumb Code     4  memseta.o(.text)
    __aeabi_memclr4                          0x08000277   Thumb Code     0  memseta.o(.text)
    __aeabi_memclr8                          0x08000277   Thumb Code     0  memseta.o(.text)
    memset                                   0x0800027b   Thumb Code    18  memseta.o(.text)
    strstr                                   0x0800028d   Thumb Code    36  strstr.o(.text)
    strlen                                   0x080002b1   Thumb Code    14  strlen.o(.text)
    strncmp                                  0x080002bf   Thumb Code    30  strncmp.o(.text)
    __aeabi_uldivmod                         0x080002dd   Thumb Code    98  uldiv.o(.text)
    __scatterload                            0x08000341   Thumb Code    28  init.o(.text)
    __scatterload_rt2                        0x08000341   Thumb Code     0  init.o(.text)
    __aeabi_llsl                             0x08000365   Thumb Code    30  llshl.o(.text)
    _ll_shift_l                              0x08000365   Thumb Code     0  llshl.o(.text)
    ATInit                                   0x08000385   Thumb Code    36  at_command.o(i.ATInit)
    ATReadData                               0x080003b5   Thumb Code    48  at_command.o(i.ATReadData)
    ATRecvParser                             0x080003ed   Thumb Code   162  at_command.o(i.ATRecvParser)
    ATSendCmd                                0x080004a9   Thumb Code    98  at_command.o(i.ATSendCmd)
    ATSendData                               0x0800051d   Thumb Code    48  at_command.o(i.ATSendData)
    BusFault_Handler                         0x08000551   Thumb Code     4  stm32f1xx_it.o(i.BusFault_Handler)
    DebugMon_Handler                         0x08000555   Thumb Code     2  stm32f1xx_it.o(i.DebugMon_Handler)
    EXTI15_10_IRQHandler                     0x08000557   Thumb Code    20  driver_key.o(i.EXTI15_10_IRQHandler)
    EnableDebugIRQ                           0x0800056d   Thumb Code    36  driver_usart.o(i.EnableDebugIRQ)
    EnableUSART3IRQ                          0x08000595   Thumb Code    52  driver_usart.o(i.EnableUSART3IRQ)
    Error_Handler                            0x080005cd   Thumb Code     6  main.o(i.Error_Handler)
    GetATStatus                              0x080005d5   Thumb Code     6  at_command.o(i.GetATStatus)
    HAL_AT_Secv                              0x08000635   Thumb Code    16  at_uart_hal.o(i.HAL_AT_Secv)
    HAL_AT_Send                              0x08000645   Thumb Code    16  at_uart_hal.o(i.HAL_AT_Send)
    HAL_DMA_Abort                            0x08000655   Thumb Code    86  stm32f1xx_hal_dma.o(i.HAL_DMA_Abort)
    HAL_DMA_Abort_IT                         0x080006ad   Thumb Code   414  stm32f1xx_hal_dma.o(i.HAL_DMA_Abort_IT)
    HAL_GPIO_EXTI_Callback                   0x08000855   Thumb Code    48  driver_key.o(i.HAL_GPIO_EXTI_Callback)
    HAL_GPIO_EXTI_IRQHandler                 0x08000891   Thumb Code    24  stm32f1xx_hal_gpio.o(i.HAL_GPIO_EXTI_IRQHandler)
    HAL_GPIO_Init                            0x080008ad   Thumb Code   792  stm32f1xx_hal_gpio.o(i.HAL_GPIO_Init)
    HAL_GPIO_ReadPin                         0x08000bed   Thumb Code    16  stm32f1xx_hal_gpio.o(i.HAL_GPIO_ReadPin)
    HAL_GPIO_WritePin                        0x08000bfd   Thumb Code    12  stm32f1xx_hal_gpio.o(i.HAL_GPIO_WritePin)
    HAL_GetTick                              0x08000c09   Thumb Code     6  stm32f1xx_hal.o(i.HAL_GetTick)
    HAL_IncTick                              0x08000c15   Thumb Code    16  stm32f1xx_hal.o(i.HAL_IncTick)
    HAL_Init                                 0x08000c2d   Thumb Code    34  stm32f1xx_hal.o(i.HAL_Init)
    HAL_InitTick                             0x08000c55   Thumb Code   118  stm32f1xx_hal_timebase_tim.o(i.HAL_InitTick)
    HAL_MspInit                              0x08000cdd   Thumb Code    86  stm32f1xx_hal_msp.o(i.HAL_MspInit)
    HAL_NVIC_EnableIRQ                       0x08000d3d   Thumb Code    32  stm32f1xx_hal_cortex.o(i.HAL_NVIC_EnableIRQ)
    HAL_NVIC_SetPriority                     0x08000d5d   Thumb Code   124  stm32f1xx_hal_cortex.o(i.HAL_NVIC_SetPriority)
    HAL_NVIC_SetPriorityGrouping             0x08000dd9   Thumb Code    32  stm32f1xx_hal_cortex.o(i.HAL_NVIC_SetPriorityGrouping)
    HAL_RCC_ClockConfig                      0x08000e01   Thumb Code   376  stm32f1xx_hal_rcc.o(i.HAL_RCC_ClockConfig)
    HAL_RCC_GetClockConfig                   0x08000f8d   Thumb Code    58  stm32f1xx_hal_rcc.o(i.HAL_RCC_GetClockConfig)
    HAL_RCC_GetHCLKFreq                      0x08000fd1   Thumb Code     6  stm32f1xx_hal_rcc.o(i.HAL_RCC_GetHCLKFreq)
    HAL_RCC_GetPCLK1Freq                     0x08000fdd   Thumb Code    22  stm32f1xx_hal_rcc.o(i.HAL_RCC_GetPCLK1Freq)
    HAL_RCC_GetPCLK2Freq                     0x08000ffd   Thumb Code    22  stm32f1xx_hal_rcc.o(i.HAL_RCC_GetPCLK2Freq)
    HAL_RCC_GetSysClockFreq                  0x0800101d   Thumb Code   116  stm32f1xx_hal_rcc.o(i.HAL_RCC_GetSysClockFreq)
    HAL_RCC_OscConfig                        0x080010b1   Thumb Code  1114  stm32f1xx_hal_rcc.o(i.HAL_RCC_OscConfig)
    HAL_TIMEx_BreakCallback                  0x08001515   Thumb Code     2  stm32f1xx_hal_tim_ex.o(i.HAL_TIMEx_BreakCallback)
    HAL_TIMEx_CommutCallback                 0x08001517   Thumb Code     2  stm32f1xx_hal_tim_ex.o(i.HAL_TIMEx_CommutCallback)
    HAL_TIM_Base_Init                        0x08001519   Thumb Code   102  stm32f1xx_hal_tim.o(i.HAL_TIM_Base_Init)
    HAL_TIM_Base_MspInit                     0x0800157f   Thumb Code     2  stm32f1xx_hal_tim.o(i.HAL_TIM_Base_MspInit)
    HAL_TIM_Base_Start_IT                    0x08001581   Thumb Code   122  stm32f1xx_hal_tim.o(i.HAL_TIM_Base_Start_IT)
    HAL_TIM_IC_CaptureCallback               0x08001611   Thumb Code     2  stm32f1xx_hal_tim.o(i.HAL_TIM_IC_CaptureCallback)
    HAL_TIM_IRQHandler                       0x08001613   Thumb Code   406  stm32f1xx_hal_tim.o(i.HAL_TIM_IRQHandler)
    HAL_TIM_OC_DelayElapsedCallback          0x080017a9   Thumb Code     2  stm32f1xx_hal_tim.o(i.HAL_TIM_OC_DelayElapsedCallback)
    HAL_TIM_PWM_PulseFinishedCallback        0x080017ab   Thumb Code     2  stm32f1xx_hal_tim.o(i.HAL_TIM_PWM_PulseFinishedCallback)
    HAL_TIM_PeriodElapsedCallback            0x080017ad   Thumb Code    18  main.o(i.HAL_TIM_PeriodElapsedCallback)
    HAL_TIM_TriggerCallback                  0x080017c5   Thumb Code     2  stm32f1xx_hal_tim.o(i.HAL_TIM_TriggerCallback)
    HAL_UARTEx_RxEventCallback               0x080017c7   Thumb Code     2  stm32f1xx_hal_uart.o(i.HAL_UARTEx_RxEventCallback)
    HAL_UART_ErrorCallback                   0x080017c9   Thumb Code     2  stm32f1xx_hal_uart.o(i.HAL_UART_ErrorCallback)
    HAL_UART_IRQHandler                      0x080017cd   Thumb Code   582  stm32f1xx_hal_uart.o(i.HAL_UART_IRQHandler)
    HAL_UART_Init                            0x08001a19   Thumb Code   114  stm32f1xx_hal_uart.o(i.HAL_UART_Init)
    HAL_UART_MspInit                         0x08001a8d   Thumb Code   266  usart.o(i.HAL_UART_MspInit)
    HAL_UART_RxCpltCallback                  0x08001bb1   Thumb Code    16  driver_usart.o(i.HAL_UART_RxCpltCallback)
    HAL_UART_Transmit_IT                     0x08001bc9   Thumb Code    88  stm32f1xx_hal_uart.o(i.HAL_UART_Transmit_IT)
    HAL_UART_TxCpltCallback                  0x08001c21   Thumb Code    16  driver_usart.o(i.HAL_UART_TxCpltCallback)
    HardFault_Handler                        0x08001c39   Thumb Code     4  stm32f1xx_it.o(i.HardFault_Handler)
    KEY_GPIO_ReInit                          0x08001c3d   Thumb Code   122  driver_key.o(i.KEY_GPIO_ReInit)
    MQTTDeserialize_ack                      0x08001cc5   Thumb Code   108  mqttdeserializepublish.o(i.MQTTDeserialize_ack)
    MQTTDeserialize_connack                  0x08001d31   Thumb Code   118  mqttconnectclient.o(i.MQTTDeserialize_connack)
    MQTTDeserialize_publish                  0x08001da7   Thumb Code   168  mqttdeserializepublish.o(i.MQTTDeserialize_publish)
    MQTTDeserialize_suback                   0x08001e4f   Thumb Code   146  mqttsubscribeclient.o(i.MQTTDeserialize_suback)
    MQTTDeserialize_unsuback                 0x08001ee1   Thumb Code    46  mqttunsubscribeclient.o(i.MQTTDeserialize_unsuback)
    MQTTPacket_decode                        0x08001f0f   Thumb Code    88  mqttpacket.o(i.MQTTPacket_decode)
    MQTTPacket_decodeBuf                     0x08001f69   Thumb Code    20  mqttpacket.o(i.MQTTPacket_decodeBuf)
    MQTTPacket_encode                        0x08001f85   Thumb Code    54  mqttpacket.o(i.MQTTPacket_encode)
    MQTTPacket_equals                        0x08001fbb   Thumb Code    66  mqttpacket.o(i.MQTTPacket_equals)
    MQTTPacket_len                           0x08001ffd   Thumb Code    34  mqttpacket.o(i.MQTTPacket_len)
    MQTTSerialize_ack                        0x08002025   Thumb Code   114  mqttserializepublish.o(i.MQTTSerialize_ack)
    MQTTSerialize_connect                    0x08002099   Thumb Code   342  mqttconnectclient.o(i.MQTTSerialize_connect)
    MQTTSerialize_connectLength              0x08002201   Thumb Code   118  mqttconnectclient.o(i.MQTTSerialize_connectLength)
    MQTTSerialize_pingreq                    0x08002277   Thumb Code    18  mqttconnectclient.o(i.MQTTSerialize_pingreq)
    MQTTSerialize_subscribe                  0x08002289   Thumb Code   176  mqttsubscribeclient.o(i.MQTTSerialize_subscribe)
    MQTTSerialize_subscribeLength            0x08002339   Thumb Code    46  mqttsubscribeclient.o(i.MQTTSerialize_subscribeLength)
    MQTTSerialize_zero                       0x08002367   Thumb Code    76  mqttconnectclient.o(i.MQTTSerialize_zero)
    MQTT_Client_Task                         0x080023b5   Thumb Code   146  at_command.o(i.MQTT_Client_Task)
    MQTTstrlen                               0x0800248d   Thumb Code    24  mqttpacket.o(i.MQTTstrlen)
    MX_FREERTOS_Init                         0x080024a5   Thumb Code    38  freertos.o(i.MX_FREERTOS_Init)
    MX_GPIO_Init                             0x080024e1   Thumb Code   272  gpio.o(i.MX_GPIO_Init)
    MX_USART1_UART_Init                      0x08002601   Thumb Code    46  usart.o(i.MX_USART1_UART_Init)
    MX_USART3_UART_Init                      0x08002639   Thumb Code    46  usart.o(i.MX_USART3_UART_Init)
    MemManage_Handler                        0x08002671   Thumb Code     4  stm32f1xx_it.o(i.MemManage_Handler)
    NMI_Handler                              0x08002675   Thumb Code     4  stm32f1xx_it.o(i.NMI_Handler)
    SetATStatus                              0x08002701   Thumb Code     6  at_command.o(i.SetATStatus)
    StartDefaultTask                         0x0800270d   Thumb Code    16  freertos.o(i.StartDefaultTask)
    SysTick_Handler                          0x08002731   Thumb Code    46  port.o(i.SysTick_Handler)
    SystemClock_Config                       0x08002765   Thumb Code   102  main.o(i.SystemClock_Config)
    SystemInit                               0x080027cb   Thumb Code     2  system_stm32f1xx.o(i.SystemInit)
    TIM8_UP_IRQHandler                       0x080027cd   Thumb Code    10  stm32f1xx_it.o(i.TIM8_UP_IRQHandler)
    TIM_Base_SetConfig                       0x080027dd   Thumb Code   134  stm32f1xx_hal_tim.o(i.TIM_Base_SetConfig)
    UART3_Lock_Init                          0x08002879   Thumb Code    22  stm32_uart3.o(i.UART3_Lock_Init)
    USART1_IRQHandler                        0x08002b45   Thumb Code    38  driver_usart.o(i.USART1_IRQHandler)
    USART3_IRQHandler                        0x08002b79   Thumb Code    54  stm32_uart3.o(i.USART3_IRQHandler)
    USART3_Read                              0x08002bbd   Thumb Code    30  stm32_uart3.o(i.USART3_Read)
    USART3_Wirte                             0x08002be5   Thumb Code    40  stm32_uart3.o(i.USART3_Wirte)
    UsageFault_Handler                       0x08002c11   Thumb Code     4  stm32f1xx_it.o(i.UsageFault_Handler)
    __0printf$8                              0x08002c15   Thumb Code    22  printf8.o(i.__0printf$8)
    __1printf$8                              0x08002c15   Thumb Code     0  printf8.o(i.__0printf$8)
    __2printf                                0x08002c15   Thumb Code     0  printf8.o(i.__0printf$8)
    __0sprintf$8                             0x08002c35   Thumb Code    34  printf8.o(i.__0sprintf$8)
    __1sprintf$8                             0x08002c35   Thumb Code     0  printf8.o(i.__0sprintf$8)
    __2sprintf                               0x08002c35   Thumb Code     0  printf8.o(i.__0sprintf$8)
    __scatterload_copy                       0x08002ca7   Thumb Code    14  handlers.o(i.__scatterload_copy)
    __scatterload_null                       0x08002cb5   Thumb Code     2  handlers.o(i.__scatterload_null)
    __scatterload_zeroinit                   0x08002cb7   Thumb Code    14  handlers.o(i.__scatterload_zeroinit)
    bufchar                                  0x08003151   Thumb Code    36  mqttpacket.o(i.bufchar)
    fputc                                    0x08003211   Thumb Code    34  driver_usart.o(i.fputc)
    main                                     0x0800323d   Thumb Code    76  main.o(i.main)
    mqtt_connect                             0x08003603   Thumb Code    12  mqttclient.o(i.mqtt_connect)
    mqtt_keep_alive                          0x08003b45   Thumb Code   142  mqttclient.o(i.mqtt_keep_alive)
    mqtt_lease                               0x08003c25   Thumb Code    42  mqttclient.o(i.mqtt_lease)
    mqtt_list_add_tail                       0x08003c4f   Thumb Code    18  mqtt_list.o(i.mqtt_list_add_tail)
    mqtt_list_del                            0x08003c61   Thumb Code    14  mqtt_list.o(i.mqtt_list_del)
    mqtt_list_del_init                       0x08003c6f   Thumb Code    18  mqtt_list.o(i.mqtt_list_del_init)
    mqtt_list_init                           0x08003c81   Thumb Code     6  mqtt_list.o(i.mqtt_list_init)
    mqtt_list_is_empty                       0x08003c87   Thumb Code    16  mqtt_list.o(i.mqtt_list_is_empty)
    mqtt_set_clean_session                   0x0800431d   Thumb Code    50  mqttclient.o(i.mqtt_set_clean_session)
    mqtt_set_client_id                       0x080043a1   Thumb Code    38  mqttclient.o(i.mqtt_set_client_id)
    mqtt_set_host                            0x08004435   Thumb Code    38  mqttclient.o(i.mqtt_set_host)
    mqtt_set_password                        0x080044ad   Thumb Code    38  mqttclient.o(i.mqtt_set_password)
    mqtt_set_port                            0x08004525   Thumb Code    38  mqttclient.o(i.mqtt_set_port)
    mqtt_set_user_name                       0x0800459d   Thumb Code    38  mqttclient.o(i.mqtt_set_user_name)
    mqtt_sleep_ms                            0x08004615   Thumb Code    18  mqttclient.o(i.mqtt_sleep_ms)
    mqtt_subscribe                           0x080046dd   Thumb Code   178  mqttclient.o(i.mqtt_subscribe)
    nettype_tcp_connect                      0x08004dad   Thumb Code    30  nettype_tcp.o(i.nettype_tcp_connect)
    nettype_tcp_disconnect                   0x08004dcb   Thumb Code    20  nettype_tcp.o(i.nettype_tcp_disconnect)
    nettype_tcp_read                         0x08004ddf   Thumb Code    28  nettype_tcp.o(i.nettype_tcp_read)
    nettype_tcp_write                        0x08004dfb   Thumb Code    28  nettype_tcp.o(i.nettype_tcp_write)
    network_connect                          0x08004e17   Thumb Code    12  network.o(i.network_connect)
    network_disconnect                       0x08004e23   Thumb Code    12  network.o(i.network_disconnect)
    network_init                             0x08004e2f   Thumb Code    26  network.o(i.network_init)
    network_read                             0x08004e49   Thumb Code    28  network.o(i.network_read)
    network_release                          0x08004e65   Thumb Code    26  network.o(i.network_release)
    network_write                            0x08004e7f   Thumb Code    28  network.o(i.network_write)
    osDelay                                  0x08004e9d   Thumb Code    50  cmsis_os2.o(i.osDelay)
    osKernelInitialize                       0x08004ed5   Thumb Code    58  cmsis_os2.o(i.osKernelInitialize)
    osKernelStart                            0x08004f15   Thumb Code    64  cmsis_os2.o(i.osKernelStart)
    osThreadNew                              0x08004f59   Thumb Code   216  cmsis_os2.o(i.osThreadNew)
    platform_memory_alloc                    0x08005035   Thumb Code    24  platform_memory.o(i.platform_memory_alloc)
    platform_memory_free                     0x0800504d   Thumb Code    12  platform_memory.o(i.platform_memory_free)
    platform_mutex_init                      0x08005059   Thumb Code    26  platform_mutex.o(i.platform_mutex_init)
    platform_mutex_lock                      0x08005073   Thumb Code    16  platform_mutex.o(i.platform_mutex_lock)
    platform_mutex_lock_timeout              0x08005083   Thumb Code    16  platform_mutex.o(i.platform_mutex_lock_timeout)
    platform_mutex_unlock                    0x08005093   Thumb Code    18  platform_mutex.o(i.platform_mutex_unlock)
    platform_mutex_unlock_from_isr           0x080050a5   Thumb Code    38  platform_mutex.o(i.platform_mutex_unlock_from_isr)
    platform_net_socket_close                0x080050d5   Thumb Code    20  platform_net_socket.o(i.platform_net_socket_close)
    platform_net_socket_connect              0x080050f5   Thumb Code   162  platform_net_socket.o(i.platform_net_socket_connect)
    platform_net_socket_recv_timeout         0x0800524d   Thumb Code    46  platform_net_socket.o(i.platform_net_socket_recv_timeout)
    platform_net_socket_write_timeout        0x0800527d   Thumb Code    88  platform_net_socket.o(i.platform_net_socket_write_timeout)
    platform_thread_destroy                  0x0800530d   Thumb Code    20  platform_thread.o(i.platform_thread_destroy)
    platform_thread_init                     0x08005321   Thumb Code    64  platform_thread.o(i.platform_thread_init)
    platform_thread_start                    0x08005361   Thumb Code    12  platform_thread.o(i.platform_thread_start)
    platform_thread_startup                  0x0800536d   Thumb Code     2  platform_thread.o(i.platform_thread_startup)
    platform_thread_stop                     0x0800536f   Thumb Code    12  platform_thread.o(i.platform_thread_stop)
    platform_timer_cutdown                   0x0800537b   Thumb Code    20  platform_timer.o(i.platform_timer_cutdown)
    platform_timer_init                      0x0800538f   Thumb Code     6  platform_timer.o(i.platform_timer_init)
    platform_timer_is_expired                0x08005395   Thumb Code    22  platform_timer.o(i.platform_timer_is_expired)
    platform_timer_now                       0x080053ab   Thumb Code     8  platform_timer.o(i.platform_timer_now)
    platform_timer_remain                    0x080053b3   Thumb Code    26  platform_timer.o(i.platform_timer_remain)
    platform_timer_usleep                    0x080053cd   Thumb Code    20  platform_timer.o(i.platform_timer_usleep)
    pvPortMalloc                             0x08005e3d   Thumb Code   296  heap_4.o(i.pvPortMalloc)
    pvTaskIncrementMutexHeldCount            0x08005f79   Thumb Code    26  tasks.o(i.pvTaskIncrementMutexHeldCount)
    pxPortInitialiseStack                    0x08005f99   Thumb Code    30  port.o(i.pxPortInitialiseStack)
    random_number                            0x08005fbd   Thumb Code    50  random.o(i.random_number)
    random_string                            0x08005ff5   Thumb Code   202  random.o(i.random_string)
    readChar                                 0x080060c5   Thumb Code    14  mqttpacket.o(i.readChar)
    readInt                                  0x080060d3   Thumb Code    26  mqttpacket.o(i.readInt)
    readMQTTLenString                        0x080060ed   Thumb Code    58  mqttpacket.o(i.readMQTTLenString)
    ring_buffer_init                         0x08006127   Thumb Code    12  ring_buffer.o(i.ring_buffer_init)
    ring_buffer_read                         0x08006133   Thumb Code    46  ring_buffer.o(i.ring_buffer_read)
    ring_buffer_write                        0x08006161   Thumb Code    30  ring_buffer.o(i.ring_buffer_write)
    uxListRemove                             0x0800620d   Thumb Code    40  list.o(i.uxListRemove)
    vApplicationGetIdleTaskMemory            0x08006235   Thumb Code    14  cmsis_os2.o(i.vApplicationGetIdleTaskMemory)
    vApplicationGetTimerTaskMemory           0x0800624d   Thumb Code    16  cmsis_os2.o(i.vApplicationGetTimerTaskMemory)
    vListInitialise                          0x08006265   Thumb Code    26  list.o(i.vListInitialise)
    vListInitialiseItem                      0x0800627f   Thumb Code     6  list.o(i.vListInitialiseItem)
    vListInsert                              0x08006285   Thumb Code    52  list.o(i.vListInsert)
    vListInsertEnd                           0x080062b9   Thumb Code    24  list.o(i.vListInsertEnd)
    vPortEnterCritical                       0x080062d1   Thumb Code    76  port.o(i.vPortEnterCritical)
    vPortExitCritical                        0x08006325   Thumb Code    56  port.o(i.vPortExitCritical)
    vPortFree                                0x08006361   Thumb Code   140  heap_4.o(i.vPortFree)
    vPortSetupTimerInterrupt                 0x080063f5   Thumb Code    36  port.o(i.vPortSetupTimerInterrupt)
    vPortValidateInterruptPriority           0x0800641d   Thumb Code   106  port.o(i.vPortValidateInterruptPriority)
    vQueueAddToRegistry                      0x08006495   Thumb Code    38  queue.o(i.vQueueAddToRegistry)
    vQueueWaitForMessageRestricted           0x080064c1   Thumb Code    74  queue.o(i.vQueueWaitForMessageRestricted)
    vTaskDelay                               0x0800650d   Thumb Code    82  tasks.o(i.vTaskDelay)
    vTaskDelete                              0x08006569   Thumb Code   168  tasks.o(i.vTaskDelete)
    vTaskInternalSetTimeOutState             0x08006631   Thumb Code    14  tasks.o(i.vTaskInternalSetTimeOutState)
    vTaskMissedYield                         0x08006649   Thumb Code     8  tasks.o(i.vTaskMissedYield)
    vTaskPlaceOnEventList                    0x08006655   Thumb Code    52  tasks.o(i.vTaskPlaceOnEventList)
    vTaskPlaceOnEventListRestricted          0x0800668d   Thumb Code    60  tasks.o(i.vTaskPlaceOnEventListRestricted)
    vTaskPriorityDisinheritAfterTimeout      0x080066cd   Thumb Code   194  tasks.o(i.vTaskPriorityDisinheritAfterTimeout)
    vTaskResume                              0x0800679d   Thumb Code   126  tasks.o(i.vTaskResume)
    vTaskStartScheduler                      0x0800682d   Thumb Code   156  tasks.o(i.vTaskStartScheduler)
    vTaskSuspend                             0x080068e5   Thumb Code   176  tasks.o(i.vTaskSuspend)
    vTaskSuspendAll                          0x080069ad   Thumb Code    12  tasks.o(i.vTaskSuspendAll)
    vTaskSwitchContext                       0x080069bd   Thumb Code   122  tasks.o(i.vTaskSwitchContext)
    writeCString                             0x08006a4d   Thumb Code    40  mqttpacket.o(i.writeCString)
    writeChar                                0x08006a75   Thumb Code    12  mqttpacket.o(i.writeChar)
    writeInt                                 0x08006a81   Thumb Code    48  mqttpacket.o(i.writeInt)
    writeMQTTString                          0x08006ab1   Thumb Code    62  mqttpacket.o(i.writeMQTTString)
    xPortStartScheduler                      0x08006af1   Thumb Code   228  port.o(i.xPortStartScheduler)
    xQueueCreateMutex                        0x08006be9   Thumb Code    34  queue.o(i.xQueueCreateMutex)
    xQueueGenericCreate                      0x08006c0b   Thumb Code    94  queue.o(i.xQueueGenericCreate)
    xQueueGenericCreateStatic                0x08006c69   Thumb Code   222  queue.o(i.xQueueGenericCreateStatic)
    xQueueGenericReset                       0x08006d49   Thumb Code   146  queue.o(i.xQueueGenericReset)
    xQueueGenericSend                        0x08006de1   Thumb Code   420  queue.o(i.xQueueGenericSend)
    xQueueGenericSendFromISR                 0x08006f89   Thumb Code   248  queue.o(i.xQueueGenericSendFromISR)
    xQueueGiveFromISR                        0x08007081   Thumb Code   224  queue.o(i.xQueueGiveFromISR)
    xQueueReceive                            0x08007161   Thumb Code   356  queue.o(i.xQueueReceive)
    xQueueSemaphoreTake                      0x080072c9   Thumb Code   434  queue.o(i.xQueueSemaphoreTake)
    xTaskCheckForTimeOut                     0x08007481   Thumb Code   132  tasks.o(i.xTaskCheckForTimeOut)
    xTaskCreate                              0x0800750d   Thumb Code   100  tasks.o(i.xTaskCreate)
    xTaskCreateStatic                        0x08007571   Thumb Code   184  tasks.o(i.xTaskCreateStatic)
    xTaskGetSchedulerState                   0x08007629   Thumb Code    24  tasks.o(i.xTaskGetSchedulerState)
    xTaskGetTickCount                        0x08007649   Thumb Code     6  tasks.o(i.xTaskGetTickCount)
    xTaskIncrementTick                       0x08007655   Thumb Code   280  tasks.o(i.xTaskIncrementTick)
    xTaskPriorityDisinherit                  0x08007799   Thumb Code   152  tasks.o(i.xTaskPriorityDisinherit)
    xTaskPriorityInherit                     0x0800783d   Thumb Code   150  tasks.o(i.xTaskPriorityInherit)
    xTaskRemoveFromEventList                 0x080078e1   Thumb Code   126  tasks.o(i.xTaskRemoveFromEventList)
    xTaskResumeAll                           0x08007979   Thumb Code   222  tasks.o(i.xTaskResumeAll)
    xTimerCreateTimerTask                    0x08007a7d   Thumb Code   100  timers.o(i.xTimerCreateTimerTask)
    xTimerGenericCommand                     0x08007af5   Thumb Code   128  timers.o(i.xTimerGenericCommand)
    defaultTask_attributes                   0x08007b78   Data          36  freertos.o(.constdata)
    AHBPrescTable                            0x08007b9c   Data          16  system_stm32f1xx.o(.constdata)
    APBPrescTable                            0x08007bac   Data           8  system_stm32f1xx.o(.constdata)
    Region$$Table$$Base                      0x08007f9c   Number         0  anon$$obj.o(Region$$Table)
    Region$$Table$$Limit                     0x08007fbc   Number         0  anon$$obj.o(Region$$Table)
    defaultTaskHandle                        0x20000000   Data           4  freertos.o(.data)
    uwTick                                   0x20000004   Data           4  stm32f1xx_hal.o(.data)
    uwTickPrio                               0x20000008   Data           4  stm32f1xx_hal.o(.data)
    uwTickFreq                               0x2000000c   Data           1  stm32f1xx_hal.o(.data)
    SystemCoreClock                          0x20000010   Data           4  system_stm32f1xx.o(.data)
    pxCurrentTCB                             0x2000001c   Data           4  tasks.o(.data)
    __stdout                                 0x200000b8   Data           4  stdout.o(.data)
    test_buffer                              0x200000bc   Data        1032  main.o(.bss)
    htim8                                    0x200004c4   Data          72  stm32f1xx_hal_timebase_tim.o(.bss)
    huart1                                   0x2000050c   Data          68  usart.o(.bss)
    huart3                                   0x20000550   Data          68  usart.o(.bss)
    xQueueRegistry                           0x20000594   Data          64  queue.o(.bss)
    __initial_sp                             0x20003ee0   Data           0  startup_stm32f103xe.o(STACK)



==============================================================================

Memory Map of the image

  Image Entry point : 0x08000131

  Load Region LR_IROM1 (Base: 0x08000000, Size: 0x00008078, Max: 0x00080000, ABSOLUTE)

    Execution Region ER_IROM1 (Exec base: 0x08000000, Load base: 0x08000000, Size: 0x00007fbc, Max: 0x00080000, ABSOLUTE)

    Exec Addr    Load Addr    Size         Type   Attr      Idx    E Section Name        Object

    0x08000000   0x08000000   0x00000130   Data   RO            3    RESET               startup_stm32f103xe.o
    0x08000130   0x08000130   0x00000000   Code   RO         6132  * .ARM.Collect$$$$00000000  mc_w.l(entry.o)
    0x08000130   0x08000130   0x00000004   Code   RO         6417    .ARM.Collect$$$$00000001  mc_w.l(entry2.o)
    0x08000134   0x08000134   0x00000004   Code   RO         6420    .ARM.Collect$$$$00000004  mc_w.l(entry5.o)
    0x08000138   0x08000138   0x00000000   Code   RO         6422    .ARM.Collect$$$$00000008  mc_w.l(entry7b.o)
    0x08000138   0x08000138   0x00000000   Code   RO         6424    .ARM.Collect$$$$0000000A  mc_w.l(entry8b.o)
    0x08000138   0x08000138   0x00000008   Code   RO         6425    .ARM.Collect$$$$0000000B  mc_w.l(entry9a.o)
    0x08000140   0x08000140   0x00000000   Code   RO         6427    .ARM.Collect$$$$0000000D  mc_w.l(entry10a.o)
    0x08000140   0x08000140   0x00000000   Code   RO         6429    .ARM.Collect$$$$0000000F  mc_w.l(entry11a.o)
    0x08000140   0x08000140   0x00000004   Code   RO         6418    .ARM.Collect$$$$00002712  mc_w.l(entry2.o)
    0x08000144   0x08000144   0x00000096   Code   RO         4623    .emb_text           port.o
    0x080001da   0x080001da   0x00000002   PAD
    0x080001dc   0x080001dc   0x00000024   Code   RO            4    .text               startup_stm32f103xe.o
    0x08000200   0x08000200   0x00000020   Code   RO         6135    .text               mc_w.l(llushr.o)
    0x08000220   0x08000220   0x00000024   Code   RO         6137    .text               mc_w.l(rand.o)
    0x08000244   0x08000244   0x00000024   Code   RO         6140    .text               mc_w.l(memcpya.o)
    0x08000268   0x08000268   0x00000024   Code   RO         6144    .text               mc_w.l(memseta.o)
    0x0800028c   0x0800028c   0x00000024   Code   RO         6146    .text               mc_w.l(strstr.o)
    0x080002b0   0x080002b0   0x0000000e   Code   RO         6148    .text               mc_w.l(strlen.o)
    0x080002be   0x080002be   0x0000001e   Code   RO         6152    .text               mc_w.l(strncmp.o)
    0x080002dc   0x080002dc   0x00000062   Code   RO         6434    .text               mc_w.l(uldiv.o)
    0x0800033e   0x0800033e   0x00000002   PAD
    0x08000340   0x08000340   0x00000024   Code   RO         6447    .text               mc_w.l(init.o)
    0x08000364   0x08000364   0x0000001e   Code   RO         6449    .text               mc_w.l(llshl.o)
    0x08000382   0x08000382   0x00000002   PAD
    0x08000384   0x08000384   0x00000030   Code   RO         5971    i.ATInit            at_command.o
    0x080003b4   0x080003b4   0x00000038   Code   RO         5972    i.ATReadData        at_command.o
    0x080003ec   0x080003ec   0x000000bc   Code   RO         5973    i.ATRecvParser      at_command.o
    0x080004a8   0x080004a8   0x00000074   Code   RO         5974    i.ATSendCmd         at_command.o
    0x0800051c   0x0800051c   0x00000034   Code   RO         5975    i.ATSendData        at_command.o
    0x08000550   0x08000550   0x00000004   Code   RO          285    i.BusFault_Handler  stm32f1xx_it.o
    0x08000554   0x08000554   0x00000002   Code   RO          286    i.DebugMon_Handler  stm32f1xx_it.o
    0x08000556   0x08000556   0x00000014   Code   RO         2994    i.EXTI15_10_IRQHandler  driver_key.o
    0x0800056a   0x0800056a   0x00000002   PAD
    0x0800056c   0x0800056c   0x00000028   Code   RO         2891    i.EnableDebugIRQ    driver_usart.o
    0x08000594   0x08000594   0x00000038   Code   RO         2892    i.EnableUSART3IRQ   driver_usart.o
    0x080005cc   0x080005cc   0x00000006   Code   RO           13    i.Error_Handler     main.o
    0x080005d2   0x080005d2   0x00000002   PAD
    0x080005d4   0x080005d4   0x0000000c   Code   RO         5976    i.GetATStatus       at_command.o
    0x080005e0   0x080005e0   0x00000034   Code   RO         5977    i.GetCIPSEMDResult  at_command.o
    0x08000614   0x08000614   0x00000020   Code   RO         5978    i.GetSpecialATString  at_command.o
    0x08000634   0x08000634   0x00000010   Code   RO         6068    i.HAL_AT_Secv       at_uart_hal.o
    0x08000644   0x08000644   0x00000010   Code   RO         6069    i.HAL_AT_Send       at_uart_hal.o
    0x08000654   0x08000654   0x00000056   Code   RO          832    i.HAL_DMA_Abort     stm32f1xx_hal_dma.o
    0x080006aa   0x080006aa   0x00000002   PAD
    0x080006ac   0x080006ac   0x000001a8   Code   RO          833    i.HAL_DMA_Abort_IT  stm32f1xx_hal_dma.o
    0x08000854   0x08000854   0x0000003c   Code   RO         2995    i.HAL_GPIO_EXTI_Callback  driver_key.o
    0x08000890   0x08000890   0x0000001c   Code   RO          767    i.HAL_GPIO_EXTI_IRQHandler  stm32f1xx_hal_gpio.o
    0x080008ac   0x080008ac   0x00000340   Code   RO          768    i.HAL_GPIO_Init     stm32f1xx_hal_gpio.o
    0x08000bec   0x08000bec   0x00000010   Code   RO          770    i.HAL_GPIO_ReadPin  stm32f1xx_hal_gpio.o
    0x08000bfc   0x08000bfc   0x0000000c   Code   RO          772    i.HAL_GPIO_WritePin  stm32f1xx_hal_gpio.o
    0x08000c08   0x08000c08   0x0000000c   Code   RO          459    i.HAL_GetTick       stm32f1xx_hal.o
    0x08000c14   0x08000c14   0x00000018   Code   RO          465    i.HAL_IncTick       stm32f1xx_hal.o
    0x08000c2c   0x08000c2c   0x00000028   Code   RO          466    i.HAL_Init          stm32f1xx_hal.o
    0x08000c54   0x08000c54   0x00000088   Code   RO          373    i.HAL_InitTick      stm32f1xx_hal_timebase_tim.o
    0x08000cdc   0x08000cdc   0x00000060   Code   RO          349    i.HAL_MspInit       stm32f1xx_hal_msp.o
    0x08000d3c   0x08000d3c   0x00000020   Code   RO          928    i.HAL_NVIC_EnableIRQ  stm32f1xx_hal_cortex.o
    0x08000d5c   0x08000d5c   0x0000007c   Code   RO          934    i.HAL_NVIC_SetPriority  stm32f1xx_hal_cortex.o
    0x08000dd8   0x08000dd8   0x00000028   Code   RO          935    i.HAL_NVIC_SetPriorityGrouping  stm32f1xx_hal_cortex.o
    0x08000e00   0x08000e00   0x0000018c   Code   RO          623    i.HAL_RCC_ClockConfig  stm32f1xx_hal_rcc.o
    0x08000f8c   0x08000f8c   0x00000044   Code   RO          627    i.HAL_RCC_GetClockConfig  stm32f1xx_hal_rcc.o
    0x08000fd0   0x08000fd0   0x0000000c   Code   RO          628    i.HAL_RCC_GetHCLKFreq  stm32f1xx_hal_rcc.o
    0x08000fdc   0x08000fdc   0x00000020   Code   RO          630    i.HAL_RCC_GetPCLK1Freq  stm32f1xx_hal_rcc.o
    0x08000ffc   0x08000ffc   0x00000020   Code   RO          631    i.HAL_RCC_GetPCLK2Freq  stm32f1xx_hal_rcc.o
    0x0800101c   0x0800101c   0x00000094   Code   RO          632    i.HAL_RCC_GetSysClockFreq  stm32f1xx_hal_rcc.o
    0x080010b0   0x080010b0   0x00000464   Code   RO          635    i.HAL_RCC_OscConfig  stm32f1xx_hal_rcc.o
    0x08001514   0x08001514   0x00000002   Code   RO         2171    i.HAL_TIMEx_BreakCallback  stm32f1xx_hal_tim_ex.o
    0x08001516   0x08001516   0x00000002   Code   RO         2172    i.HAL_TIMEx_CommutCallback  stm32f1xx_hal_tim_ex.o
    0x08001518   0x08001518   0x00000066   Code   RO         1456    i.HAL_TIM_Base_Init  stm32f1xx_hal_tim.o
    0x0800157e   0x0800157e   0x00000002   Code   RO         1458    i.HAL_TIM_Base_MspInit  stm32f1xx_hal_tim.o
    0x08001580   0x08001580   0x00000090   Code   RO         1461    i.HAL_TIM_Base_Start_IT  stm32f1xx_hal_tim.o
    0x08001610   0x08001610   0x00000002   Code   RO         1490    i.HAL_TIM_IC_CaptureCallback  stm32f1xx_hal_tim.o
    0x08001612   0x08001612   0x00000196   Code   RO         1504    i.HAL_TIM_IRQHandler  stm32f1xx_hal_tim.o
    0x080017a8   0x080017a8   0x00000002   Code   RO         1507    i.HAL_TIM_OC_DelayElapsedCallback  stm32f1xx_hal_tim.o
    0x080017aa   0x080017aa   0x00000002   Code   RO         1534    i.HAL_TIM_PWM_PulseFinishedCallback  stm32f1xx_hal_tim.o
    0x080017ac   0x080017ac   0x00000018   Code   RO           14    i.HAL_TIM_PeriodElapsedCallback  main.o
    0x080017c4   0x080017c4   0x00000002   Code   RO         1547    i.HAL_TIM_TriggerCallback  stm32f1xx_hal_tim.o
    0x080017c6   0x080017c6   0x00000002   Code   RO         2449    i.HAL_UARTEx_RxEventCallback  stm32f1xx_hal_uart.o
    0x080017c8   0x080017c8   0x00000002   Code   RO         2463    i.HAL_UART_ErrorCallback  stm32f1xx_hal_uart.o
    0x080017ca   0x080017ca   0x00000002   PAD
    0x080017cc   0x080017cc   0x0000024c   Code   RO         2466    i.HAL_UART_IRQHandler  stm32f1xx_hal_uart.o
    0x08001a18   0x08001a18   0x00000072   Code   RO         2467    i.HAL_UART_Init     stm32f1xx_hal_uart.o
    0x08001a8a   0x08001a8a   0x00000002   PAD
    0x08001a8c   0x08001a8c   0x00000124   Code   RO         2843    i.HAL_UART_MspInit  usart.o
    0x08001bb0   0x08001bb0   0x00000018   Code   RO         2893    i.HAL_UART_RxCpltCallback  driver_usart.o
    0x08001bc8   0x08001bc8   0x00000058   Code   RO         2477    i.HAL_UART_Transmit_IT  stm32f1xx_hal_uart.o
    0x08001c20   0x08001c20   0x00000018   Code   RO         2894    i.HAL_UART_TxCpltCallback  driver_usart.o
    0x08001c38   0x08001c38   0x00000004   Code   RO          287    i.HardFault_Handler  stm32f1xx_it.o
    0x08001c3c   0x08001c3c   0x00000088   Code   RO         2998    i.KEY_GPIO_ReInit   driver_key.o
    0x08001cc4   0x08001cc4   0x0000006c   Code   RO         4910    i.MQTTDeserialize_ack  mqttdeserializepublish.o
    0x08001d30   0x08001d30   0x00000076   Code   RO         4816    i.MQTTDeserialize_connack  mqttconnectclient.o
    0x08001da6   0x08001da6   0x000000a8   Code   RO         4911    i.MQTTDeserialize_publish  mqttdeserializepublish.o
    0x08001e4e   0x08001e4e   0x00000092   Code   RO         5143    i.MQTTDeserialize_suback  mqttsubscribeclient.o
    0x08001ee0   0x08001ee0   0x0000002e   Code   RO         5185    i.MQTTDeserialize_unsuback  mqttunsubscribeclient.o
    0x08001f0e   0x08001f0e   0x00000058   Code   RO         4986    i.MQTTPacket_decode  mqttpacket.o
    0x08001f66   0x08001f66   0x00000002   PAD
    0x08001f68   0x08001f68   0x0000001c   Code   RO         4987    i.MQTTPacket_decodeBuf  mqttpacket.o
    0x08001f84   0x08001f84   0x00000036   Code   RO         4989    i.MQTTPacket_encode  mqttpacket.o
    0x08001fba   0x08001fba   0x00000042   Code   RO         4990    i.MQTTPacket_equals  mqttpacket.o
    0x08001ffc   0x08001ffc   0x00000028   Code   RO         4991    i.MQTTPacket_len    mqttpacket.o
    0x08002024   0x08002024   0x00000072   Code   RO         5101    i.MQTTSerialize_ack  mqttserializepublish.o
    0x08002096   0x08002096   0x00000002   PAD
    0x08002098   0x08002098   0x00000168   Code   RO         4817    i.MQTTSerialize_connect  mqttconnectclient.o
    0x08002200   0x08002200   0x00000076   Code   RO         4818    i.MQTTSerialize_connectLength  mqttconnectclient.o
    0x08002276   0x08002276   0x00000012   Code   RO         4820    i.MQTTSerialize_pingreq  mqttconnectclient.o
    0x08002288   0x08002288   0x000000b0   Code   RO         5144    i.MQTTSerialize_subscribe  mqttsubscribeclient.o
    0x08002338   0x08002338   0x0000002e   Code   RO         5145    i.MQTTSerialize_subscribeLength  mqttsubscribeclient.o
    0x08002366   0x08002366   0x0000004c   Code   RO         4821    i.MQTTSerialize_zero  mqttconnectclient.o
    0x080023b2   0x080023b2   0x00000002   PAD
    0x080023b4   0x080023b4   0x000000d8   Code   RO         5979    i.MQTT_Client_Task  at_command.o
    0x0800248c   0x0800248c   0x00000018   Code   RO         4994    i.MQTTstrlen        mqttpacket.o
    0x080024a4   0x080024a4   0x0000003c   Code   RO          236    i.MX_FREERTOS_Init  freertos.o
    0x080024e0   0x080024e0   0x00000120   Code   RO          208    i.MX_GPIO_Init      gpio.o
    0x08002600   0x08002600   0x00000038   Code   RO         2844    i.MX_USART1_UART_Init  usart.o
    0x08002638   0x08002638   0x00000038   Code   RO         2845    i.MX_USART3_UART_Init  usart.o
    0x08002670   0x08002670   0x00000004   Code   RO          288    i.MemManage_Handler  stm32f1xx_it.o
    0x08002674   0x08002674   0x00000004   Code   RO          289    i.NMI_Handler       stm32f1xx_it.o
    0x08002678   0x08002678   0x00000060   Code   RO         5980    i.ProcessSpecialATString  at_command.o
    0x080026d8   0x080026d8   0x00000028   Code   RO          636    i.RCC_Delay         stm32f1xx_hal_rcc.o
    0x08002700   0x08002700   0x0000000c   Code   RO         5981    i.SetATStatus       at_command.o
    0x0800270c   0x0800270c   0x00000024   Code   RO          237    i.StartDefaultTask  freertos.o
    0x08002730   0x08002730   0x00000034   Code   RO         4624    i.SysTick_Handler   port.o
    0x08002764   0x08002764   0x00000066   Code   RO           15    i.SystemClock_Config  main.o
    0x080027ca   0x080027ca   0x00000002   Code   RO         2806    i.SystemInit        system_stm32f1xx.o
    0x080027cc   0x080027cc   0x00000010   Code   RO          290    i.TIM8_UP_IRQHandler  stm32f1xx_it.o
    0x080027dc   0x080027dc   0x0000009c   Code   RO         1549    i.TIM_Base_SetConfig  stm32f1xx_hal_tim.o
    0x08002878   0x08002878   0x00000020   Code   RO         6089    i.UART3_Lock_Init   stm32_uart3.o
    0x08002898   0x08002898   0x00000014   Code   RO         2480    i.UART_DMAAbortOnError  stm32f1xx_hal_uart.o
    0x080028ac   0x080028ac   0x00000036   Code   RO         2490    i.UART_EndRxTransfer  stm32f1xx_hal_uart.o
    0x080028e2   0x080028e2   0x00000020   Code   RO         2491    i.UART_EndTransmit_IT  stm32f1xx_hal_uart.o
    0x08002902   0x08002902   0x000000e4   Code   RO         2493    i.UART_Receive_IT   stm32f1xx_hal_uart.o
    0x080029e6   0x080029e6   0x00000002   PAD
    0x080029e8   0x080029e8   0x000000fc   Code   RO         2494    i.UART_SetConfig    stm32f1xx_hal_uart.o
    0x08002ae4   0x08002ae4   0x00000060   Code   RO         2497    i.UART_Transmit_IT  stm32f1xx_hal_uart.o
    0x08002b44   0x08002b44   0x00000034   Code   RO         2895    i.USART1_IRQHandler  driver_usart.o
    0x08002b78   0x08002b78   0x00000044   Code   RO         6090    i.USART3_IRQHandler  stm32_uart3.o
    0x08002bbc   0x08002bbc   0x00000028   Code   RO         6091    i.USART3_Read       stm32_uart3.o
    0x08002be4   0x08002be4   0x0000002c   Code   RO         6092    i.USART3_Wirte      stm32_uart3.o
    0x08002c10   0x08002c10   0x00000004   Code   RO          291    i.UsageFault_Handler  stm32f1xx_it.o
    0x08002c14   0x08002c14   0x00000020   Code   RO         6363    i.__0printf$8       mc_w.l(printf8.o)
    0x08002c34   0x08002c34   0x00000028   Code   RO         6365    i.__0sprintf$8      mc_w.l(printf8.o)
    0x08002c5c   0x08002c5c   0x00000010   Code   RO          941    i.__NVIC_GetPriorityGrouping  stm32f1xx_hal_cortex.o
    0x08002c6c   0x08002c6c   0x00000028   Code   RO          942    i.__NVIC_SetPriority  stm32f1xx_hal_cortex.o
    0x08002c94   0x08002c94   0x00000006   Code   RO         4141    i.__get_BASEPRI     cmsis_os2.o
    0x08002c9a   0x08002c9a   0x00000006   Code   RO         4142    i.__get_IPSR        cmsis_os2.o
    0x08002ca0   0x08002ca0   0x00000006   Code   RO         4143    i.__get_PRIMASK     cmsis_os2.o
    0x08002ca6   0x08002ca6   0x0000000e   Code   RO         6457    i.__scatterload_copy  mc_w.l(handlers.o)
    0x08002cb4   0x08002cb4   0x00000002   Code   RO         6458    i.__scatterload_null  mc_w.l(handlers.o)
    0x08002cb6   0x08002cb6   0x0000000e   Code   RO         6459    i.__scatterload_zeroinit  mc_w.l(handlers.o)
    0x08002cc4   0x08002cc4   0x0000000a   Code   RO         4700    i._mqtt_list_add    mqtt_list.o
    0x08002cce   0x08002cce   0x00000006   Code   RO         4701    i._mqtt_list_del    mqtt_list.o
    0x08002cd4   0x08002cd4   0x0000000e   Code   RO         4702    i._mqtt_list_del_entry  mqtt_list.o
    0x08002ce2   0x08002ce2   0x00000002   PAD
    0x08002ce4   0x08002ce4   0x00000410   Code   RO         6370    i._printf_core      mc_w.l(printf8.o)
    0x080030f4   0x080030f4   0x00000024   Code   RO         6371    i._printf_post_padding  mc_w.l(printf8.o)
    0x08003118   0x08003118   0x0000002e   Code   RO         6372    i._printf_pre_padding  mc_w.l(printf8.o)
    0x08003146   0x08003146   0x0000000a   Code   RO         6374    i._sputc            mc_w.l(printf8.o)
    0x08003150   0x08003150   0x00000028   Code   RO         4995    i.bufchar           mqttpacket.o
    0x08003178   0x08003178   0x00000088   Code   RO         5227    i.default_msg_handler  mqttclient.o
    0x08003200   0x08003200   0x00000010   Code   RO         4772    i.do_random         random.o
    0x08003210   0x08003210   0x0000002c   Code   RO         2897    i.fputc             driver_usart.o
    0x0800323c   0x0800323c   0x00000068   Code   RO           16    i.main              main.o
    0x080032a4   0x080032a4   0x00000054   Code   RO         5228    i.mqtt_ack_handler_create  mqttclient.o
    0x080032f8   0x080032f8   0x00000014   Code   RO         5229    i.mqtt_ack_handler_destroy  mqttclient.o
    0x0800330c   0x0800330c   0x000000c0   Code   RO         5231    i.mqtt_ack_handler_resend  mqttclient.o
    0x080033cc   0x080033cc   0x00000042   Code   RO         5232    i.mqtt_ack_list_node_is_exist  mqttclient.o
    0x0800340e   0x0800340e   0x00000058   Code   RO         5233    i.mqtt_ack_list_record  mqttclient.o
    0x08003466   0x08003466   0x00000094   Code   RO         5234    i.mqtt_ack_list_scan  mqttclient.o
    0x080034fa   0x080034fa   0x0000005a   Code   RO         5235    i.mqtt_ack_list_unrecord  mqttclient.o
    0x08003554   0x08003554   0x00000024   Code   RO         5236    i.mqtt_add_ack_handler_num  mqttclient.o
    0x08003578   0x08003578   0x0000008a   Code   RO         5237    i.mqtt_clean_session  mqttclient.o
    0x08003602   0x08003602   0x0000000c   Code   RO         5238    i.mqtt_connect      mqttclient.o
    0x0800360e   0x0800360e   0x00000002   PAD
    0x08003610   0x08003610   0x00000264   Code   RO         5239    i.mqtt_connect_with_results  mqttclient.o
    0x08003874   0x08003874   0x00000068   Code   RO         5240    i.mqtt_decode_packet  mqttclient.o
    0x080038dc   0x080038dc   0x00000070   Code   RO         5241    i.mqtt_deliver_message  mqttclient.o
    0x0800394c   0x0800394c   0x00000008   Code   RO         5243    i.mqtt_get_client_state  mqttclient.o
    0x08003954   0x08003954   0x00000042   Code   RO         5244    i.mqtt_get_msg_handler  mqttclient.o
    0x08003996   0x08003996   0x0000002c   Code   RO         5245    i.mqtt_get_next_packet_id  mqttclient.o
    0x080039c2   0x080039c2   0x00000002   PAD
    0x080039c4   0x080039c4   0x00000128   Code   RO         5246    i.mqtt_init         mqttclient.o
    0x08003aec   0x08003aec   0x00000024   Code   RO         5247    i.mqtt_is_connected  mqttclient.o
    0x08003b10   0x08003b10   0x00000032   Code   RO         5248    i.mqtt_is_topic_equals  mqttclient.o
    0x08003b42   0x08003b42   0x00000002   PAD
    0x08003b44   0x08003b44   0x000000e0   Code   RO         5249    i.mqtt_keep_alive   mqttclient.o
    0x08003c24   0x08003c24   0x0000002a   Code   RO         5250    i.mqtt_lease        mqttclient.o
    0x08003c4e   0x08003c4e   0x00000012   Code   RO         4704    i.mqtt_list_add_tail  mqtt_list.o
    0x08003c60   0x08003c60   0x0000000e   Code   RO         4705    i.mqtt_list_del     mqtt_list.o
    0x08003c6e   0x08003c6e   0x00000012   Code   RO         4706    i.mqtt_list_del_init  mqtt_list.o
    0x08003c80   0x08003c80   0x00000006   Code   RO         4707    i.mqtt_list_init    mqtt_list.o
    0x08003c86   0x08003c86   0x00000010   Code   RO         4708    i.mqtt_list_is_empty  mqtt_list.o
    0x08003c96   0x08003c96   0x0000002c   Code   RO         5252    i.mqtt_msg_handler_create  mqttclient.o
    0x08003cc2   0x08003cc2   0x00000014   Code   RO         5253    i.mqtt_msg_handler_destory  mqttclient.o
    0x08003cd6   0x08003cd6   0x00000002   PAD
    0x08003cd8   0x08003cd8   0x00000098   Code   RO         5254    i.mqtt_msg_handler_is_exist  mqttclient.o
    0x08003d70   0x08003d70   0x00000032   Code   RO         5255    i.mqtt_msg_handlers_install  mqttclient.o
    0x08003da2   0x08003da2   0x0000002c   Code   RO         5256    i.mqtt_new_message_data  mqttclient.o
    0x08003dce   0x08003dce   0x00000058   Code   RO         5257    i.mqtt_packet_drain  mqttclient.o
    0x08003e26   0x08003e26   0x00000002   PAD
    0x08003e28   0x08003e28   0x000000b0   Code   RO         5258    i.mqtt_packet_handle  mqttclient.o
    0x08003ed8   0x08003ed8   0x00000048   Code   RO         5259    i.mqtt_puback_and_pubcomp_packet_handle  mqttclient.o
    0x08003f20   0x08003f20   0x0000008c   Code   RO         5261    i.mqtt_publish_ack_packet  mqttclient.o
    0x08003fac   0x08003fac   0x000000fa   Code   RO         5262    i.mqtt_publish_packet_handle  mqttclient.o
    0x080040a6   0x080040a6   0x0000005a   Code   RO         5263    i.mqtt_pubrec_and_pubrel_packet_handle  mqttclient.o
    0x08004100   0x08004100   0x000000e4   Code   RO         5264    i.mqtt_read_buf_malloc  mqttclient.o
    0x080041e4   0x080041e4   0x000000ca   Code   RO         5265    i.mqtt_read_packet  mqttclient.o
    0x080042ae   0x080042ae   0x0000006e   Code   RO         5267    i.mqtt_send_packet  mqttclient.o
    0x0800431c   0x0800431c   0x00000084   Code   RO         5269    i.mqtt_set_clean_session  mqttclient.o
    0x080043a0   0x080043a0   0x00000078   Code   RO         5270    i.mqtt_set_client_id  mqttclient.o
    0x08004418   0x08004418   0x0000001c   Code   RO         5271    i.mqtt_set_client_state  mqttclient.o
    0x08004434   0x08004434   0x00000078   Code   RO         5273    i.mqtt_set_host     mqttclient.o
    0x080044ac   0x080044ac   0x00000078   Code   RO         5276    i.mqtt_set_password  mqttclient.o
    0x08004524   0x08004524   0x00000078   Code   RO         5277    i.mqtt_set_port     mqttclient.o
    0x0800459c   0x0800459c   0x00000078   Code   RO         5283    i.mqtt_set_user_name  mqttclient.o
    0x08004614   0x08004614   0x00000012   Code   RO         5288    i.mqtt_sleep_ms     mqttclient.o
    0x08004626   0x08004626   0x00000002   PAD
    0x08004628   0x08004628   0x000000b4   Code   RO         5289    i.mqtt_suback_packet_handle  mqttclient.o
    0x080046dc   0x080046dc   0x000000b8   Code   RO         5290    i.mqtt_subscribe    mqttclient.o
    0x08004794   0x08004794   0x00000034   Code   RO         5291    i.mqtt_subtract_ack_handler_num  mqttclient.o
    0x080047c8   0x080047c8   0x00000076   Code   RO         5292    i.mqtt_topic_is_matched  mqttclient.o
    0x0800483e   0x0800483e   0x00000002   PAD
    0x08004840   0x08004840   0x000000ac   Code   RO         5293    i.mqtt_try_do_reconnect  mqttclient.o
    0x080048ec   0x080048ec   0x0000002c   Code   RO         5294    i.mqtt_try_reconnect  mqttclient.o
    0x08004918   0x08004918   0x000000f4   Code   RO         5295    i.mqtt_try_resubscribe  mqttclient.o
    0x08004a0c   0x08004a0c   0x00000054   Code   RO         5296    i.mqtt_unsuback_packet_handle  mqttclient.o
    0x08004a60   0x08004a60   0x00000034   Code   RO         5298    i.mqtt_wait_packet  mqttclient.o
    0x08004a94   0x08004a94   0x000000e8   Code   RO         5299    i.mqtt_write_buf_malloc  mqttclient.o
    0x08004b7c   0x08004b7c   0x000000e0   Code   RO         5300    i.mqtt_yield        mqttclient.o
    0x08004c5c   0x08004c5c   0x00000150   Code   RO         5301    i.mqtt_yield_thread  mqttclient.o
    0x08004dac   0x08004dac   0x0000001e   Code   RO         5680    i.nettype_tcp_connect  nettype_tcp.o
    0x08004dca   0x08004dca   0x00000014   Code   RO         5681    i.nettype_tcp_disconnect  nettype_tcp.o
    0x08004dde   0x08004dde   0x0000001c   Code   RO         5682    i.nettype_tcp_read  nettype_tcp.o
    0x08004dfa   0x08004dfa   0x0000001c   Code   RO         5683    i.nettype_tcp_write  nettype_tcp.o
    0x08004e16   0x08004e16   0x0000000c   Code   RO         5716    i.network_connect   network.o
    0x08004e22   0x08004e22   0x0000000c   Code   RO         5717    i.network_disconnect  network.o
    0x08004e2e   0x08004e2e   0x0000001a   Code   RO         5718    i.network_init      network.o
    0x08004e48   0x08004e48   0x0000001c   Code   RO         5719    i.network_read      network.o
    0x08004e64   0x08004e64   0x0000001a   Code   RO         5720    i.network_release   network.o
    0x08004e7e   0x08004e7e   0x0000001c   Code   RO         5724    i.network_write     network.o
    0x08004e9a   0x08004e9a   0x00000002   PAD
    0x08004e9c   0x08004e9c   0x00000038   Code   RO         4144    i.osDelay           cmsis_os2.o
    0x08004ed4   0x08004ed4   0x00000040   Code   RO         4158    i.osKernelInitialize  cmsis_os2.o
    0x08004f14   0x08004f14   0x00000044   Code   RO         4161    i.osKernelStart     cmsis_os2.o
    0x08004f58   0x08004f58   0x000000dc   Code   RO         4195    i.osThreadNew       cmsis_os2.o
    0x08005034   0x08005034   0x00000018   Code   RO         5782    i.platform_memory_alloc  platform_memory.o
    0x0800504c   0x0800504c   0x0000000c   Code   RO         5784    i.platform_memory_free  platform_memory.o
    0x08005058   0x08005058   0x0000001a   Code   RO         5807    i.platform_mutex_init  platform_mutex.o
    0x08005072   0x08005072   0x00000010   Code   RO         5808    i.platform_mutex_lock  platform_mutex.o
    0x08005082   0x08005082   0x00000010   Code   RO         5809    i.platform_mutex_lock_timeout  platform_mutex.o
    0x08005092   0x08005092   0x00000012   Code   RO         5811    i.platform_mutex_unlock  platform_mutex.o
    0x080050a4   0x080050a4   0x00000030   Code   RO         5812    i.platform_mutex_unlock_from_isr  platform_mutex.o
    0x080050d4   0x080050d4   0x00000020   Code   RO         5855    i.platform_net_socket_close  platform_net_socket.o
    0x080050f4   0x080050f4   0x00000158   Code   RO         5856    i.platform_net_socket_connect  platform_net_socket.o
    0x0800524c   0x0800524c   0x0000002e   Code   RO         5857    i.platform_net_socket_recv_timeout  platform_net_socket.o
    0x0800527a   0x0800527a   0x00000002   PAD
    0x0800527c   0x0800527c   0x00000090   Code   RO         5858    i.platform_net_socket_write_timeout  platform_net_socket.o
    0x0800530c   0x0800530c   0x00000014   Code   RO         5885    i.platform_thread_destroy  platform_thread.o
    0x08005320   0x08005320   0x00000040   Code   RO         5886    i.platform_thread_init  platform_thread.o
    0x08005360   0x08005360   0x0000000c   Code   RO         5887    i.platform_thread_start  platform_thread.o
    0x0800536c   0x0800536c   0x00000002   Code   RO         5888    i.platform_thread_startup  platform_thread.o
    0x0800536e   0x0800536e   0x0000000c   Code   RO         5889    i.platform_thread_stop  platform_thread.o
    0x0800537a   0x0800537a   0x00000014   Code   RO         5921    i.platform_timer_cutdown  platform_timer.o
    0x0800538e   0x0800538e   0x00000006   Code   RO         5922    i.platform_timer_init  platform_timer.o
    0x08005394   0x08005394   0x00000016   Code   RO         5923    i.platform_timer_is_expired  platform_timer.o
    0x080053aa   0x080053aa   0x00000008   Code   RO         5924    i.platform_timer_now  platform_timer.o
    0x080053b2   0x080053b2   0x0000001a   Code   RO         5925    i.platform_timer_remain  platform_timer.o
    0x080053cc   0x080053cc   0x00000014   Code   RO         5926    i.platform_timer_usleep  platform_timer.o
    0x080053e0   0x080053e0   0x00000008   Code   RO         5927    i.platform_uptime_ms  platform_timer.o
    0x080053e8   0x080053e8   0x0000007c   Code   RO         3616    i.prvAddCurrentTaskToDelayedList  tasks.o
    0x08005464   0x08005464   0x000000b8   Code   RO         3617    i.prvAddNewTaskToReadyList  tasks.o
    0x0800551c   0x0800551c   0x00000074   Code   RO         3977    i.prvCheckForValidListAndQueue  timers.o
    0x08005590   0x08005590   0x00000048   Code   RO         3618    i.prvCheckTasksWaitingTermination  tasks.o
    0x080055d8   0x080055d8   0x0000002a   Code   RO         3212    i.prvCopyDataFromQueue  queue.o
    0x08005602   0x08005602   0x0000007c   Code   RO         3213    i.prvCopyDataToQueue  queue.o
    0x0800567e   0x0800567e   0x00000050   Code   RO         3619    i.prvDeleteTCB      tasks.o
    0x080056ce   0x080056ce   0x00000014   Code   RO         3214    i.prvGetDisinheritPriorityAfterTimeout  queue.o
    0x080056e2   0x080056e2   0x00000002   PAD
    0x080056e4   0x080056e4   0x00000028   Code   RO         3978    i.prvGetNextExpireTime  timers.o
    0x0800570c   0x0800570c   0x0000007c   Code   RO         4574    i.prvHeapInit       heap_4.o
    0x08005788   0x08005788   0x00000028   Code   RO         3620    i.prvIdleTask       tasks.o
    0x080057b0   0x080057b0   0x0000001c   Code   RO         3215    i.prvInitialiseMutex  queue.o
    0x080057cc   0x080057cc   0x0000002a   Code   RO         3216    i.prvInitialiseNewQueue  queue.o
    0x080057f6   0x080057f6   0x000000b4   Code   RO         3621    i.prvInitialiseNewTask  tasks.o
    0x080058aa   0x080058aa   0x00000002   PAD
    0x080058ac   0x080058ac   0x00000068   Code   RO         3622    i.prvInitialiseTaskLists  tasks.o
    0x08005914   0x08005914   0x00000068   Code   RO         4575    i.prvInsertBlockIntoFreeList  heap_4.o
    0x0800597c   0x0800597c   0x00000058   Code   RO         3980    i.prvInsertTimerInActiveList  timers.o
    0x080059d4   0x080059d4   0x0000001a   Code   RO         3217    i.prvIsQueueEmpty   queue.o
    0x080059ee   0x080059ee   0x0000001e   Code   RO         3218    i.prvIsQueueFull    queue.o
    0x08005a0c   0x08005a0c   0x00000064   Code   RO         3981    i.prvProcessExpiredTimer  timers.o
    0x08005a70   0x08005a70   0x00000128   Code   RO         3982    i.prvProcessReceivedCommands  timers.o
    0x08005b98   0x08005b98   0x00000074   Code   RO         3983    i.prvProcessTimerOrBlockTask  timers.o
    0x08005c0c   0x08005c0c   0x00000034   Code   RO         3624    i.prvResetNextTaskUnblockTime  tasks.o
    0x08005c40   0x08005c40   0x0000002c   Code   RO         3984    i.prvSampleTimeNow  timers.o
    0x08005c6c   0x08005c6c   0x000000a0   Code   RO         3985    i.prvSwitchTimerLists  timers.o
    0x08005d0c   0x08005d0c   0x00000040   Code   RO         4625    i.prvTaskExitError  port.o
    0x08005d4c   0x08005d4c   0x00000058   Code   RO         3626    i.prvTaskIsTaskSuspended  tasks.o
    0x08005da4   0x08005da4   0x0000001a   Code   RO         3986    i.prvTimerTask      timers.o
    0x08005dbe   0x08005dbe   0x0000007e   Code   RO         3219    i.prvUnlockQueue    queue.o
    0x08005e3c   0x08005e3c   0x0000013c   Code   RO         4576    i.pvPortMalloc      heap_4.o
    0x08005f78   0x08005f78   0x00000020   Code   RO         3627    i.pvTaskIncrementMutexHeldCount  tasks.o
    0x08005f98   0x08005f98   0x00000024   Code   RO         4626    i.pxPortInitialiseStack  port.o
    0x08005fbc   0x08005fbc   0x00000038   Code   RO         4773    i.random_number     random.o
    0x08005ff4   0x08005ff4   0x000000d0   Code   RO         4775    i.random_string     random.o
    0x080060c4   0x080060c4   0x0000000e   Code   RO         4997    i.readChar          mqttpacket.o
    0x080060d2   0x080060d2   0x0000001a   Code   RO         4998    i.readInt           mqttpacket.o
    0x080060ec   0x080060ec   0x0000003a   Code   RO         4999    i.readMQTTLenString  mqttpacket.o
    0x08006126   0x08006126   0x0000000c   Code   RO         2958    i.ring_buffer_init  ring_buffer.o
    0x08006132   0x08006132   0x0000002e   Code   RO         2959    i.ring_buffer_read  ring_buffer.o
    0x08006160   0x08006160   0x0000001e   Code   RO         2960    i.ring_buffer_write  ring_buffer.o
    0x0800617e   0x0800617e   0x00000002   PAD
    0x08006180   0x08006180   0x0000008c   Code   RO         5982    i.topic1_handler    at_command.o
    0x0800620c   0x0800620c   0x00000028   Code   RO         3172    i.uxListRemove      list.o
    0x08006234   0x08006234   0x00000018   Code   RO         4207    i.vApplicationGetIdleTaskMemory  cmsis_os2.o
    0x0800624c   0x0800624c   0x00000018   Code   RO         4208    i.vApplicationGetTimerTaskMemory  cmsis_os2.o
    0x08006264   0x08006264   0x0000001a   Code   RO         3173    i.vListInitialise   list.o
    0x0800627e   0x0800627e   0x00000006   Code   RO         3174    i.vListInitialiseItem  list.o
    0x08006284   0x08006284   0x00000034   Code   RO         3175    i.vListInsert       list.o
    0x080062b8   0x080062b8   0x00000018   Code   RO         3176    i.vListInsertEnd    list.o
    0x080062d0   0x080062d0   0x00000054   Code   RO         4628    i.vPortEnterCritical  port.o
    0x08006324   0x08006324   0x0000003c   Code   RO         4629    i.vPortExitCritical  port.o
    0x08006360   0x08006360   0x00000094   Code   RO         4577    i.vPortFree         heap_4.o
    0x080063f4   0x080063f4   0x00000028   Code   RO         4630    i.vPortSetupTimerInterrupt  port.o
    0x0800641c   0x0800641c   0x00000078   Code   RO         4631    i.vPortValidateInterruptPriority  port.o
    0x08006494   0x08006494   0x0000002c   Code   RO         3225    i.vQueueAddToRegistry  queue.o
    0x080064c0   0x080064c0   0x0000004a   Code   RO         3229    i.vQueueWaitForMessageRestricted  queue.o
    0x0800650a   0x0800650a   0x00000002   PAD
    0x0800650c   0x0800650c   0x0000005c   Code   RO         3636    i.vTaskDelay        tasks.o
    0x08006568   0x08006568   0x000000c8   Code   RO         3638    i.vTaskDelete       tasks.o
    0x08006630   0x08006630   0x00000018   Code   RO         3641    i.vTaskInternalSetTimeOutState  tasks.o
    0x08006648   0x08006648   0x0000000c   Code   RO         3642    i.vTaskMissedYield  tasks.o
    0x08006654   0x08006654   0x00000038   Code   RO         3644    i.vTaskPlaceOnEventList  tasks.o
    0x0800668c   0x0800668c   0x00000040   Code   RO         3645    i.vTaskPlaceOnEventListRestricted  tasks.o
    0x080066cc   0x080066cc   0x000000d0   Code   RO         3647    i.vTaskPriorityDisinheritAfterTimeout  tasks.o
    0x0800679c   0x0800679c   0x00000090   Code   RO         3650    i.vTaskResume       tasks.o
    0x0800682c   0x0800682c   0x000000b8   Code   RO         3653    i.vTaskStartScheduler  tasks.o
    0x080068e4   0x080068e4   0x000000c8   Code   RO         3654    i.vTaskSuspend      tasks.o
    0x080069ac   0x080069ac   0x00000010   Code   RO         3655    i.vTaskSuspendAll   tasks.o
    0x080069bc   0x080069bc   0x00000090   Code   RO         3656    i.vTaskSwitchContext  tasks.o
    0x08006a4c   0x08006a4c   0x00000028   Code   RO         5000    i.writeCString      mqttpacket.o
    0x08006a74   0x08006a74   0x0000000c   Code   RO         5001    i.writeChar         mqttpacket.o
    0x08006a80   0x08006a80   0x00000030   Code   RO         5002    i.writeInt          mqttpacket.o
    0x08006ab0   0x08006ab0   0x0000003e   Code   RO         5003    i.writeMQTTString   mqttpacket.o
    0x08006aee   0x08006aee   0x00000002   PAD
    0x08006af0   0x08006af0   0x000000f8   Code   RO         4632    i.xPortStartScheduler  port.o
    0x08006be8   0x08006be8   0x00000022   Code   RO         3232    i.xQueueCreateMutex  queue.o
    0x08006c0a   0x08006c0a   0x0000005e   Code   RO         3234    i.xQueueGenericCreate  queue.o
    0x08006c68   0x08006c68   0x000000de   Code   RO         3235    i.xQueueGenericCreateStatic  queue.o
    0x08006d46   0x08006d46   0x00000002   PAD
    0x08006d48   0x08006d48   0x00000098   Code   RO         3236    i.xQueueGenericReset  queue.o
    0x08006de0   0x08006de0   0x000001a8   Code   RO         3237    i.xQueueGenericSend  queue.o
    0x08006f88   0x08006f88   0x000000f8   Code   RO         3238    i.xQueueGenericSendFromISR  queue.o
    0x08007080   0x08007080   0x000000e0   Code   RO         3241    i.xQueueGiveFromISR  queue.o
    0x08007160   0x08007160   0x00000168   Code   RO         3247    i.xQueueReceive     queue.o
    0x080072c8   0x080072c8   0x000001b8   Code   RO         3249    i.xQueueSemaphoreTake  queue.o
    0x08007480   0x08007480   0x0000008c   Code   RO         3657    i.xTaskCheckForTimeOut  tasks.o
    0x0800750c   0x0800750c   0x00000064   Code   RO         3658    i.xTaskCreate       tasks.o
    0x08007570   0x08007570   0x000000b8   Code   RO         3659    i.xTaskCreateStatic  tasks.o
    0x08007628   0x08007628   0x00000020   Code   RO         3663    i.xTaskGetSchedulerState  tasks.o
    0x08007648   0x08007648   0x0000000c   Code   RO         3664    i.xTaskGetTickCount  tasks.o
    0x08007654   0x08007654   0x00000144   Code   RO         3666    i.xTaskIncrementTick  tasks.o
    0x08007798   0x08007798   0x000000a4   Code   RO         3669    i.xTaskPriorityDisinherit  tasks.o
    0x0800783c   0x0800783c   0x000000a4   Code   RO         3670    i.xTaskPriorityInherit  tasks.o
    0x080078e0   0x080078e0   0x00000098   Code   RO         3671    i.xTaskRemoveFromEventList  tasks.o
    0x08007978   0x08007978   0x00000104   Code   RO         3672    i.xTaskResumeAll    tasks.o
    0x08007a7c   0x08007a7c   0x00000078   Code   RO         3993    i.xTimerCreateTimerTask  timers.o
    0x08007af4   0x08007af4   0x00000084   Code   RO         3994    i.xTimerGenericCommand  timers.o
    0x08007b78   0x08007b78   0x00000024   Data   RO          238    .constdata          freertos.o
    0x08007b9c   0x08007b9c   0x00000018   Data   RO         2807    .constdata          system_stm32f1xx.o
    0x08007bb4   0x08007bb4   0x000002cc   Data   RO         5302    .constdata          mqttclient.o
    0x08007e80   0x08007e80   0x0000000f   Data   RO         5984    .constdata          at_command.o
    0x08007e8f   0x08007e8f   0x00000001   PAD
    0x08007e90   0x08007e90   0x0000000c   Data   RO          239    .conststring        freertos.o
    0x08007e9c   0x08007e9c   0x000000aa   Data   RO         5303    .conststring        mqttclient.o
    0x08007f46   0x08007f46   0x00000002   PAD
    0x08007f48   0x08007f48   0x00000054   Data   RO         5985    .conststring        at_command.o
    0x08007f9c   0x08007f9c   0x00000020   Data   RO         6455    Region$$Table       anon$$obj.o


    Execution Region RW_IRAM1 (Exec base: 0x20000000, Load base: 0x08007fbc, Size: 0x00003ee0, Max: 0x00010000, ABSOLUTE)

    Exec Addr    Load Addr    Size         Type   Attr      Idx    E Section Name        Object

    0x20000000   0x08007fbc   0x00000004   Data   RW          240    .data               freertos.o
    0x20000004   0x08007fc0   0x00000009   Data   RW          473    .data               stm32f1xx_hal.o
    0x2000000d   0x08007fc9   0x00000003   PAD
    0x20000010   0x08007fcc   0x00000004   Data   RW         2808    .data               system_stm32f1xx.o
    0x20000014   0x08007fd0   0x00000003   Data   RW         2898    .data               driver_usart.o
    0x20000017   0x08007fd3   0x00000002   Data   RW         2999    .data               driver_key.o
    0x20000019   0x08007fd5   0x00000003   PAD
    0x2000001c   0x08007fd8   0x0000003c   Data   RW         3675    .data               tasks.o
    0x20000058   0x08008014   0x00000014   Data   RW         4002    .data               timers.o
    0x2000006c   0x08008028   0x00000004   Data   RW         4210    .data               cmsis_os2.o
    0x20000070   0x0800802c   0x00000018   Data   RW         4582    .data               heap_4.o
    0x20000088   0x08008044   0x0000000c   Data   RW         4633    .data               port.o
    0x20000094   0x08008050   0x00000004   Data   RW         4776    .data               random.o
    0x20000098   0x08008054   0x00000004   Data   RW         5004    .data               mqttpacket.o
    0x2000009c   0x08008058   0x00000004   Data   RW         5813    .data               platform_mutex.o
    0x200000a0   0x0800805c   0x00000010   Data   RW         5986    .data               at_command.o
    0x200000b0   0x0800806c   0x00000004   Data   RW         6094    .data               stm32_uart3.o
    0x200000b4   0x08008070   0x00000004   Data   RW         6138    .data               mc_w.l(rand.o)
    0x200000b8   0x08008074   0x00000004   Data   RW         6431    .data               mc_w.l(stdout.o)
    0x200000bc        -       0x00000408   Zero   RW           17    .bss                main.o
    0x200004c4        -       0x00000048   Zero   RW          376    .bss                stm32f1xx_hal_timebase_tim.o
    0x2000050c        -       0x00000088   Zero   RW         2846    .bss                usart.o
    0x20000594        -       0x00000040   Zero   RW         3251    .bss                queue.o
    0x200005d4        -       0x000004c4   Zero   RW         3674    .bss                tasks.o
    0x20000a98        -       0x00000118   Zero   RW         4001    .bss                timers.o
    0x20000bb0        -       0x000006b8   Zero   RW         4209    .bss                cmsis_os2.o
    0x20001268        -       0x00002000   Zero   RW         4581    .bss                heap_4.o
    0x20003268        -       0x0000046c   Zero   RW         5983    .bss                at_command.o
    0x200036d4        -       0x00000408   Zero   RW         6093    .bss                stm32_uart3.o
    0x20003adc   0x08008078   0x00000004   PAD
    0x20003ae0        -       0x00000400   Zero   RW            1    STACK               startup_stm32f103xe.o


==============================================================================

Image component sizes


      Code (inc. data)   RO Data    RW Data    ZI Data      Debug   Object Name

      1020        264         99         16       1132      13241   at_command.o
        32          0          0          0          0       1164   at_uart_hal.o
       474         38          0          4       1720      15090   cmsis_os2.o
       216         26          0          2          0       2238   driver_key.o
       240         48          0          3          0       3819   driver_usart.o
         0          0          0          0          0      20216   event_groups.o
        96         42         48          4          0       7365   freertos.o
       288         16          0          0          0       1051   gpio.o
       692         62          0         24       8192       4719   heap_4.o
       148          0          0          0          0       3466   list.o
       236         34          0          0       1032     504626   main.o
       102          0          0          0          0       5868   mqtt_list.o
      6970       1892        886          0          0      54120   mqttclient.o
       690         18          0          0          0       8297   mqttconnectclient.o
       276          0          0          0          0       2596   mqttdeserializepublish.o
       600         18          0          4          0       9600   mqttpacket.o
       114          0          0          0          0        904   mqttserializepublish.o
       368          0          0          0          0       3255   mqttsubscribeclient.o
        46          0          0          0          0        791   mqttunsubscribeclient.o
       106          0          0          0          0       3010   nettype_tcp.o
       132          0          0          0          0       4179   network.o
        36          0          0          0          0       1223   platform_memory.o
       124         10          0          4          0       3503   platform_mutex.o
       566        250          0          0          0       3357   platform_net_socket.o
       110          0          0          0          0       3714   platform_thread.o
       110          0          0          0          0       4680   platform_timer.o
       854         78          0         12          0      11017   port.o
      2754         26          0          0         64      20308   queue.o
       280         12          0          4          0       2596   random.o
        88          0          0          0          0       2062   ring_buffer.o
        36          8        304          0       1024        812   startup_stm32f103xe.o
       184         38          0          4       1032       2623   stm32_uart3.o
        76         20          0          9          0       5306   stm32f1xx_hal.o
       252         22          0          0          0      28726   stm32f1xx_hal_cortex.o
       510         10          0          0          0       1919   stm32f1xx_hal_dma.o
       888         44          0          0          0       3978   stm32f1xx_hal_gpio.o
        96         10          0          0          0        914   stm32f1xx_hal_msp.o
      1852        120          0          0          0       6709   stm32f1xx_hal_rcc.o
       818         44          0          0          0       6238   stm32f1xx_hal_tim.o
         4          0          0          0          0       1545   stm32f1xx_hal_tim_ex.o
       136         18          0          0         72       1491   stm32f1xx_hal_timebase_tim.o
      1476         10          0          0          0       8235   stm32f1xx_hal_uart.o
        38          6          0          0          0       3142   stm32f1xx_it.o
         0          0          0          0          0       8896   stream_buffer.o
         2          0         24          4          0       1143   system_stm32f1xx.o
      3832        462          0         60       1220      29778   tasks.o
      1238        124          0         20        280      26779   timers.o
       404         46          0          0        136       2415   usart.o

    ----------------------------------------------------------------------
     29662       3816       1396        180      15908     862724   Object Totals
         0          0         32          0          0          0   (incl. Generated)
        52          0          3          6          4          0   (incl. Padding)

    ----------------------------------------------------------------------

      Code (inc. data)   RO Data    RW Data    ZI Data      Debug   Library Member Name

         0          0          0          0          0          0   entry.o
         0          0          0          0          0          0   entry10a.o
         0          0          0          0          0          0   entry11a.o
         8          4          0          0          0          0   entry2.o
         4          0          0          0          0          0   entry5.o
         0          0          0          0          0          0   entry7b.o
         0          0          0          0          0          0   entry8b.o
         8          4          0          0          0          0   entry9a.o
        30          0          0          0          0          0   handlers.o
        36          8          0          0          0         68   init.o
        30          0          0          0          0         68   llshl.o
        32          0          0          0          0         68   llushr.o
        36          0          0          0          0         68   memcpya.o
        36          0          0          0          0        108   memseta.o
      1204         60          0          0          0        504   printf8.o
        36         10          0          4          0        136   rand.o
         0          0          0          4          0          0   stdout.o
        14          0          0          0          0         68   strlen.o
        30          0          0          0          0         80   strncmp.o
        36          0          0          0          0         80   strstr.o
        98          0          0          0          0         92   uldiv.o

    ----------------------------------------------------------------------
      1642         86          0          8          0       1340   Library Totals
         4          0          0          0          0          0   (incl. Padding)

    ----------------------------------------------------------------------

      Code (inc. data)   RO Data    RW Data    ZI Data      Debug   Library Name

      1638         86          0          8          0       1340   mc_w.l

    ----------------------------------------------------------------------
      1642         86          0          8          0       1340   Library Totals

    ----------------------------------------------------------------------

==============================================================================


      Code (inc. data)   RO Data    RW Data    ZI Data      Debug   

     31304       3902       1396        188      15908     847732   Grand Totals
     31304       3902       1396        188      15908     847732   ELF Image Totals
     31304       3902       1396        188          0          0   ROM Totals

==============================================================================

    Total RO  Size (Code + RO Data)                32700 (  31.93kB)
    Total RW  Size (RW Data + ZI Data)             16096 (  15.72kB)
    Total ROM Size (Code + RO Data + RW Data)      32888 (  32.12kB)

==============================================================================

